{
  "predictions": {
    "P1": {
      "status": "supported",
      "ratios_above_two": 12,
      "required": 12
    },
    "P2": {
      "status": "supported",
      "passes": 12,
      "required_total": 10,
      "each_depth_at_least_two": true
    }
  },
  "depths": [
    {
      "depth": 1,
      "actual_times": [
        12,
        15,
        18
      ],
      "slowest": {
        "passes": 0,
        "fails": 3,
        "unresolved": 0,
        "decision": "refuted",
        "ratios": [
          36.416666666666664,
          18.333333333333332,
          18.38888888888889
        ],
        "ratio_statistics": {
          "mean": 24.37962962962963,
          "t95_seed_interval": [
            -1.516057439661786,
            50.275316698921046
          ]
        }
      },
      "sum": {
        "passes": 3,
        "fails": 0,
        "unresolved": 0,
        "decision": "supported",
        "ratios": [
          1.0,
          1.0,
          1.0
        ],
        "ratio_statistics": {
          "mean": 1.0,
          "t95_seed_interval": [
            1.0,
            1.0
          ]
        }
      },
      "actual_statistics": {
        "mean": 15.0,
        "t95_seed_interval": [
          7.547586864841363,
          22.452413135158636
        ]
      }
    },
    {
      "depth": 2,
      "actual_times": [
        15,
        11,
        17
      ],
      "slowest": {
        "passes": 0,
        "fails": 3,
        "unresolved": 0,
        "decision": "refuted",
        "ratios": [
          25.666666666666668,
          30.818181818181817,
          45.05882352941177
        ],
        "ratio_statistics": {
          "mean": 33.84789067142008,
          "t95_seed_interval": [
            8.895189350639306,
            58.80059199220086
          ]
        }
      },
      "sum": {
        "passes": 3,
        "fails": 0,
        "unresolved": 0,
        "decision": "supported",
        "ratios": [
          1.0,
          0.9090909090909091,
          0.9411764705882353
        ],
        "ratio_statistics": {
          "mean": 0.9500891265597149,
          "t95_seed_interval": [
            0.8355573847571568,
            1.0646208683622729
          ]
        }
      },
      "actual_statistics": {
        "mean": 14.333333333333334,
        "t95_seed_interval": [
          6.7441672662338625,
          21.922499400432805
        ]
      }
    },
    {
      "depth": 4,
      "actual_times": [
        27,
        59,
        24
      ],
      "slowest": {
        "passes": 0,
        "fails": 3,
        "unresolved": 0,
        "decision": "refuted",
        "ratios": [
          46.370370370370374,
          26.508474576271187,
          36.375
        ],
        "ratio_statistics": {
          "mean": 36.417948315547186,
          "t95_seed_interval": [
            11.747933107112605,
            61.08796352398177
          ]
        }
      },
      "sum": {
        "passes": 3,
        "fails": 0,
        "unresolved": 0,
        "decision": "supported",
        "ratios": [
          0.9259259259259259,
          0.9322033898305084,
          0.8333333333333334
        ],
        "ratio_statistics": {
          "mean": 0.8971542163632559,
          "t95_seed_interval": [
            0.7596334549087782,
            1.0346749778177335
          ]
        }
      },
      "actual_statistics": {
        "mean": 36.666666666666664,
        "t95_seed_interval": [
          -11.523897599306856,
          84.85723093264019
        ]
      }
    },
    {
      "depth": 6,
      "actual_times": [
        16,
        57,
        6
      ],
      "slowest": {
        "passes": 0,
        "fails": 3,
        "unresolved": 0,
        "decision": "refuted",
        "ratios": [
          60.5625,
          42.85964912280702,
          48.833333333333336
        ],
        "ratio_statistics": {
          "mean": 50.75182748538012,
          "t95_seed_interval": [
            28.379661028030707,
            73.12399394272953
          ]
        }
      },
      "sum": {
        "passes": 3,
        "fails": 0,
        "unresolved": 0,
        "decision": "supported",
        "ratios": [
          0.8125,
          1.0526315789473684,
          0.6666666666666666
        ],
        "ratio_statistics": {
          "mean": 0.8439327485380117,
          "t95_seed_interval": [
            0.35979195120375845,
            1.328073545872265
          ]
        }
      },
      "actual_statistics": {
        "mean": 26.333333333333332,
        "t95_seed_interval": [
          -40.79969359627563,
          93.46636026294229
        ]
      }
    }
  ]
}
