{
  "passed": true,
  "cells": [
    {
      "seed": 411,
      "independent_raw_second_moment_risk_maxabs": 5.034861416675085e-12,
      "independent_mean_head_maxabs": 6.955547249276606e-14,
      "B_equals_n_saved_full_maxabs": 1.5265566588595902e-14,
      "span_reconstruction_maxabs": 7.91033905045424e-16,
      "B_equals_n_covariance_zero": true,
      "independent_argmin_matches": true,
      "independent_argmin": 50,
      "passed": true
    },
    {
      "seed": 412,
      "independent_raw_second_moment_risk_maxabs": 2.164435297657974e-12,
      "independent_mean_head_maxabs": 5.6621374255882984e-14,
      "B_equals_n_saved_full_maxabs": 1.609823385706477e-15,
      "span_reconstruction_maxabs": 1.5543122344752192e-15,
      "B_equals_n_covariance_zero": true,
      "independent_argmin_matches": true,
      "independent_argmin": 315,
      "passed": true
    }
  ],
  "enumerated_fixture": {
    "batch_choices": 6,
    "initial_support": 2,
    "mean_maxabs_error": 0.0,
    "covariance_maxabs_error": 6.938893903907228e-18
  },
  "old_files_unchanged": true,
  "old_file_count": 285,
  "pins": {
    "git_commit": "d8943a90309a6329a00ca8a10c6f2b37d2e53573",
    "sha256": {
      "preregistration.json": "6a651060717a5e5dd7c9cd3902e45f70e7f8f29cb40c7b5e0d6f39ee9748500d",
      "executed/run.py": "f3ef67fc3e8ee2049efa46e25dd5d42c729bc01df10b9b90e732553f392e3dfd",
      "analysis.py": "1a843de5d64deef12f40c46c37b5ed95eaf033e5938226790b02a87ac50e3dbf",
      "executed/verify.py": "1bd3fa75eb17ad8a7a6a49b592b1de4022e58fc53a23ac76305b4318080cf1c7",
      "executed/input_audit.json": "1088160bd54061ad0dac4b3dcb29abf6eb6fb4f0d7ed6799f3d43dc3268dc51d",
      "executed/feasibility.json": "becf3f16b12679615a11149cddb9c12294edd50166547c19fe7f023cbf0884eb"
    }
  },
  "independent_method": "64维sample coordinates w=X^T alpha；raw second moment、单/双 inclusion概率，未调用主递推或其basis。"
}
