references/science_program_v1/studies/B01_effective_time/run.py:48: RuntimeWarning: divide by zero encountered in matmul
  x = np.diag(np.sqrt(dimension * eigenvalues)) @ rotation.T
references/science_program_v1/studies/B01_effective_time/run.py:48: RuntimeWarning: overflow encountered in matmul
  x = np.diag(np.sqrt(dimension * eigenvalues)) @ rotation.T
references/science_program_v1/studies/B01_effective_time/run.py:48: RuntimeWarning: invalid value encountered in matmul
  x = np.diag(np.sqrt(dimension * eigenvalues)) @ rotation.T
{"cell": "19b43d2a65cf1b53", "completed": 4, "total": 96, "final_loss": 0.0, "seconds": 0.3693501949310303}
references/science_program_v1/studies/B01_effective_time/run.py:48: RuntimeWarning: divide by zero encountered in matmul
  x = np.diag(np.sqrt(dimension * eigenvalues)) @ rotation.T
references/science_program_v1/studies/B01_effective_time/run.py:48: RuntimeWarning: overflow encountered in matmul
  x = np.diag(np.sqrt(dimension * eigenvalues)) @ rotation.T
references/science_program_v1/studies/B01_effective_time/run.py:48: RuntimeWarning: invalid value encountered in matmul
  x = np.diag(np.sqrt(dimension * eigenvalues)) @ rotation.T
{"cell": "388b283aed0aee59", "completed": 5, "total": 96, "final_loss": 6.008026404983515e-09, "seconds": 0.04755997657775879}
{"cell": "5d5514eda3b8e987", "completed": 6, "total": 96, "final_loss": 1.232595164407831e-32, "seconds": 0.05367708206176758}
{"cell": "f3253f8a1769ae4e", "completed": 7, "total": 96, "final_loss": 6.116461980774857e-31, "seconds": 0.04843020439147949}
{"cell": "f5115d6c2dba467e", "completed": 8, "total": 96, "final_loss": 1.1511644389467081e-31, "seconds": 0.04780316352844238}
{"cell": "a9fa2f4817ebaa06", "completed": 9, "total": 96, "final_loss": 1.3855410853820204e-32, "seconds": 0.04584312438964844}
{"cell": "4534edef55adae9c", "completed": 10, "total": 96, "final_loss": 5.489972392351572e-32, "seconds": 0.04769706726074219}
{"cell": "d75777f549e4527f", "completed": 11, "total": 96, "final_loss": 6.008026405017937e-09, "seconds": 0.04707980155944824}
{"cell": "d9f3495a15dedb8e", "completed": 12, "total": 96, "final_loss": 1.6912472905980256e-07, "seconds": 0.054715871810913086}
{"cell": "d73b51aafba17b61", "completed": 13, "total": 96, "final_loss": 1.2380509628284154e-30, "seconds": 0.047010183334350586}
{"cell": "f0598596ee92af1b", "completed": 14, "total": 96, "final_loss": 1.9904862133434346e-31, "seconds": 0.04745912551879883}
{"cell": "9756b218d45a436e", "completed": 15, "total": 96, "final_loss": 1.4821385091551927e-32, "seconds": 0.046051025390625}
{"cell": "cd9528abf5426e98", "completed": 16, "total": 96, "final_loss": 1.288567503416585e-32, "seconds": 0.04758095741271973}
{"cell": "572ced90c507a6dd", "completed": 17, "total": 96, "final_loss": 6.008026404983515e-09, "seconds": 0.04820513725280762}
{"cell": "80b0df99432e57b9", "completed": 18, "total": 96, "final_loss": 6.501468174219802e-19, "seconds": 0.05429506301879883}
{"cell": "886fa50a67b4ad69", "completed": 19, "total": 96, "final_loss": 7.913377188379684e-31, "seconds": 0.04731917381286621}
{"cell": "0b7683022d157275", "completed": 20, "total": 96, "final_loss": 5.256001996763904e-32, "seconds": 0.04855680465698242}
{"cell": "ac1d7555d19d7dd9", "completed": 21, "total": 96, "final_loss": 5.072794149222146e-32, "seconds": 0.04576897621154785}
{"cell": "70cefb1632a55201", "completed": 22, "total": 96, "final_loss": 5.03015661812912e-32, "seconds": 0.04788494110107422}
{"cell": "df3071e859674d43", "completed": 23, "total": 96, "final_loss": 6.008026405035148e-09, "seconds": 0.04781389236450195}
{"cell": "e403095134e79c6e", "completed": 24, "total": 96, "final_loss": 6.3498843307376556e-12, "seconds": 0.05385303497314453}
{"cell": "78e92f89094341f3", "completed": 25, "total": 96, "final_loss": 0.17953173932632294, "seconds": 0.04544210433959961}
{"cell": "686c35e33f30e004", "completed": 26, "total": 96, "final_loss": 0.18033373136120856, "seconds": 0.04769587516784668}
{"cell": "e48733fa09da2f2d", "completed": 27, "total": 96, "final_loss": 0.008285496932675492, "seconds": 0.04637026786804199}
{"cell": "de8fda8f429f9fdb", "completed": 28, "total": 96, "final_loss": 0.007968933555915792, "seconds": 0.047167062759399414}
{"cell": "1f5a61b5a1d0c2c4", "completed": 29, "total": 96, "final_loss": 0.004527635412543396, "seconds": 0.047618865966796875}
{"cell": "1087e7650c633ccc", "completed": 30, "total": 96, "final_loss": 0.00027889879179608543, "seconds": 0.05398106575012207}
{"cell": "9e9307dcaa71ab15", "completed": 31, "total": 96, "final_loss": 0.17953173932632313, "seconds": 0.046289920806884766}
{"cell": "e124e9b9e439c6fd", "completed": 32, "total": 96, "final_loss": 0.1803337313612088, "seconds": 0.04866623878479004}
{"cell": "dc71d60b3bea6e26", "completed": 33, "total": 96, "final_loss": 0.008285496932675432, "seconds": 0.046440839767456055}
{"cell": "511fd7ba8b03262e", "completed": 34, "total": 96, "final_loss": 0.007968933555915771, "seconds": 0.04958295822143555}
{"cell": "0f82e227cf1cc340", "completed": 35, "total": 96, "final_loss": 0.0045276354125434555, "seconds": 0.04816007614135742}
{"cell": "bc32fcd66ca9add8", "completed": 36, "total": 96, "final_loss": 1.508294831537883e-06, "seconds": 0.054338693618774414}
{"cell": "8e87bab2307e4697", "completed": 37, "total": 96, "final_loss": 0.17953173932632313, "seconds": 0.046144962310791016}
{"cell": "668efcb45267646b", "completed": 38, "total": 96, "final_loss": 0.18033373136120862, "seconds": 0.04835200309753418}
{"cell": "0c68734999793b92", "completed": 39, "total": 96, "final_loss": 0.008285496932675452, "seconds": 0.04609107971191406}
{"cell": "e0768f699b5d4c60", "completed": 40, "total": 96, "final_loss": 0.00796893355591585, "seconds": 0.04832720756530762}
{"cell": "f75062f96f133d3e", "completed": 41, "total": 96, "final_loss": 0.0045276354125434555, "seconds": 0.0474088191986084}
{"cell": "fbbaa3ed32e536a4", "completed": 42, "total": 96, "final_loss": 1.019746376401549e-07, "seconds": 0.05380702018737793}
{"cell": "03efb4d22af015b0", "completed": 43, "total": 96, "final_loss": 0.17953173932632327, "seconds": 0.046527862548828125}
{"cell": "3c1d76933f57e8de", "completed": 44, "total": 96, "final_loss": 0.18033373136120862, "seconds": 0.04811596870422363}
{"cell": "b58c1022997ee373", "completed": 45, "total": 96, "final_loss": 0.008285496932675595, "seconds": 0.04618692398071289}
{"cell": "4bfef2f515e92083", "completed": 46, "total": 96, "final_loss": 0.007968933555915811, "seconds": 0.0476992130279541}
{"cell": "bbda5be7c9eb07be", "completed": 47, "total": 96, "final_loss": 0.00452763541254347, "seconds": 0.04720902442932129}
{"cell": "245e7d89963feb73", "completed": 48, "total": 96, "final_loss": 1.9574635786886955e-07, "seconds": 0.053894996643066406}
{"cell": "8eb6b648bb87b2cd", "completed": 49, "total": 96, "final_loss": 6.039716305598372e-31, "seconds": 0.04521489143371582}
{"cell": "64fe54fe16dbb1b9", "completed": 50, "total": 96, "final_loss": 1.232595164407831e-32, "seconds": 0.04696083068847656}
{"cell": "f2dc1d09d0f80738", "completed": 51, "total": 96, "final_loss": 1.232595164407831e-32, "seconds": 0.044651031494140625}
{"cell": "d3c7ab08a7bbfc7d", "completed": 52, "total": 96, "final_loss": 0.0, "seconds": 0.047058820724487305}
{"cell": "49406f20c1e3d766", "completed": 53, "total": 96, "final_loss": 6.008026404983515e-09, "seconds": 0.046903133392333984}
{"cell": "20586324b75eabdc", "completed": 54, "total": 96, "final_loss": 1.232595164407831e-32, "seconds": 0.052822113037109375}
{"cell": "3450c1e5cb59e3c2", "completed": 55, "total": 96, "final_loss": 7.955273687833952e-31, "seconds": 0.04585599899291992}
{"cell": "8e30f7eb1a00d5a5", "completed": 56, "total": 96, "final_loss": 5.378648375351298e-32, "seconds": 0.04708600044250488}
{"cell": "348db17724717f20", "completed": 57, "total": 96, "final_loss": 1.2933259045487136e-32, "seconds": 0.04533195495605469}
{"cell": "ac17aa02b2748373", "completed": 58, "total": 96, "final_loss": 5.459654042055164e-32, "seconds": 0.047445058822631836}
{"cell": "f1a252ad367cfbd6", "completed": 59, "total": 96, "final_loss": 6.008026405035148e-09, "seconds": 0.0479128360748291}
{"cell": "e3fad3bf51a7bb67", "completed": 60, "total": 96, "final_loss": 1.6857927593714172e-07, "seconds": 0.05343914031982422}
{"cell": "6f10ebbe2f6dc926", "completed": 61, "total": 96, "final_loss": 1.2354667560475677e-30, "seconds": 0.04552888870239258}
{"cell": "34ec5fc410ae3e8b", "completed": 62, "total": 96, "final_loss": 3.1314492421159666e-31, "seconds": 0.04719996452331543}
{"cell": "08a15eb437c6793c", "completed": 63, "total": 96, "final_loss": 5.116127572970858e-32, "seconds": 0.045165061950683594}
{"cell": "a224b795fe9a4e0e", "completed": 64, "total": 96, "final_loss": 1.3722250853759055e-32, "seconds": 0.04746389389038086}
{"cell": "d6bbcd1520834778", "completed": 65, "total": 96, "final_loss": 6.008026405017937e-09, "seconds": 0.047421932220458984}
{"cell": "47d616b001f319f8", "completed": 66, "total": 96, "final_loss": 4.869598035566364e-08, "seconds": 0.05348682403564453}
{"cell": "06fb8812878b5743", "completed": 67, "total": 96, "final_loss": 7.909177852360806e-31, "seconds": 0.0457460880279541}
{"cell": "56888211202b161a", "completed": 68, "total": 96, "final_loss": 1.2077179423625087e-31, "seconds": 0.04745984077453613}
{"cell": "fa52faa3bb6cfb24", "completed": 69, "total": 96, "final_loss": 5.130572047553763e-32, "seconds": 0.0458681583404541}
{"cell": "a83c99975731cc48", "completed": 70, "total": 96, "final_loss": 5.004653092693679e-32, "seconds": 0.04756784439086914}
{"cell": "6f7b5a6fd12b9c4e", "completed": 71, "total": 96, "final_loss": 6.008026405035148e-09, "seconds": 0.047586679458618164}
{"cell": "8e36dee956c9ce6b", "completed": 72, "total": 96, "final_loss": 9.138743743007068e-09, "seconds": 0.05369901657104492}
{"cell": "ed81770e3b9e87c3", "completed": 73, "total": 96, "final_loss": 0.17953173932632294, "seconds": 0.045001983642578125}
{"cell": "2fa73709ea5b3fe9", "completed": 74, "total": 96, "final_loss": 0.18033373136120856, "seconds": 0.04711008071899414}
{"cell": "b90c070991ed64d8", "completed": 75, "total": 96, "final_loss": 0.008285496932675492, "seconds": 0.0461430549621582}
{"cell": "4fa4eeef38ddc8c0", "completed": 76, "total": 96, "final_loss": 0.007968933555915792, "seconds": 0.047042131423950195}
{"cell": "bba46888ab8234d5", "completed": 77, "total": 96, "final_loss": 0.004527635412543396, "seconds": 0.04750990867614746}
{"cell": "d7a74f47ea85bfaf", "completed": 78, "total": 96, "final_loss": 0.00027889879179608543, "seconds": 0.053379058837890625}
{"cell": "8efda162f53ae139", "completed": 79, "total": 96, "final_loss": 0.17953173932632313, "seconds": 0.04678702354431152}
{"cell": "5fad28ff243d8400", "completed": 80, "total": 96, "final_loss": 0.18033373136120875, "seconds": 0.04774832725524902}
{"cell": "303971482e236078", "completed": 81, "total": 96, "final_loss": 0.008285496932675432, "seconds": 0.04606795310974121}
{"cell": "df39a7d4657be8c1", "completed": 82, "total": 96, "final_loss": 0.007968933555915771, "seconds": 0.047395944595336914}
{"cell": "ea29a00201c3f9c4", "completed": 83, "total": 96, "final_loss": 0.0045276354125434555, "seconds": 0.04765582084655762}
{"cell": "16754eb78e38af6c", "completed": 84, "total": 96, "final_loss": 9.55321486722535e-07, "seconds": 0.053664207458496094}
{"cell": "17fa5edfe2212c0e", "completed": 85, "total": 96, "final_loss": 0.17953173932632313, "seconds": 0.04601716995239258}
{"cell": "bec989329e8c2035", "completed": 86, "total": 96, "final_loss": 0.18033373136120862, "seconds": 0.047576904296875}
{"cell": "a8a1a8e003aecef2", "completed": 87, "total": 96, "final_loss": 0.008285496932675432, "seconds": 0.045777082443237305}
{"cell": "10f55710f6638a7b", "completed": 88, "total": 96, "final_loss": 0.007968933555915832, "seconds": 0.04762601852416992}
{"cell": "6f8769793d55eccc", "completed": 89, "total": 96, "final_loss": 0.004527635412543425, "seconds": 0.04752635955810547}
{"cell": "5e2c965cf03639b3", "completed": 90, "total": 96, "final_loss": 1.6146433869378656e-07, "seconds": 0.05359506607055664}
{"cell": "514f0bd380d067e6", "completed": 91, "total": 96, "final_loss": 0.17953173932632321, "seconds": 0.046141862869262695}
{"cell": "1a14b4822d92de42", "completed": 92, "total": 96, "final_loss": 0.18033373136120856, "seconds": 0.04775404930114746}
{"cell": "4af4d0612d5f1059", "completed": 93, "total": 96, "final_loss": 0.008285496932675553, "seconds": 0.045857906341552734}
{"cell": "610c18cc6bf316bd", "completed": 94, "total": 96, "final_loss": 0.00796893355591585, "seconds": 0.047477006912231445}
{"cell": "80af3250f50989dc", "completed": 95, "total": 96, "final_loss": 0.004527635412543485, "seconds": 0.047399282455444336}
{"cell": "2a354c6dc3ffbb51", "completed": 96, "total": 96, "final_loss": 6.557826733381206e-07, "seconds": 0.05433011054992676}
