references/science_program_v1/studies/B01_effective_time/run.py:48: RuntimeWarning: divide by zero encountered in matmul
  x = np.diag(np.sqrt(dimension * eigenvalues)) @ rotation.T
references/science_program_v1/studies/B01_effective_time/run.py:48: RuntimeWarning: overflow encountered in matmul
  x = np.diag(np.sqrt(dimension * eigenvalues)) @ rotation.T
references/science_program_v1/studies/B01_effective_time/run.py:48: RuntimeWarning: invalid value encountered in matmul
  x = np.diag(np.sqrt(dimension * eigenvalues)) @ rotation.T
{"cell": "e6d5300ad69ba886", "completed": 1, "total": 96, "final_loss": 4.992010415851715e-31, "seconds": 0.3751828670501709}
references/science_program_v1/studies/B01_effective_time/run.py:48: RuntimeWarning: divide by zero encountered in matmul
  x = np.diag(np.sqrt(dimension * eigenvalues)) @ rotation.T
references/science_program_v1/studies/B01_effective_time/run.py:48: RuntimeWarning: overflow encountered in matmul
  x = np.diag(np.sqrt(dimension * eigenvalues)) @ rotation.T
references/science_program_v1/studies/B01_effective_time/run.py:48: RuntimeWarning: invalid value encountered in matmul
  x = np.diag(np.sqrt(dimension * eigenvalues)) @ rotation.T
{"cell": "9b76e0ee2b6cac04", "completed": 2, "total": 96, "final_loss": 6.162975822039155e-33, "seconds": 0.04915928840637207}
{"cell": "f9726ea9b1eb9518", "completed": 3, "total": 96, "final_loss": 2.465190328815662e-32, "seconds": 0.04618406295776367}
{"cell": "7da721982456e3ad", "completed": 4, "total": 96, "final_loss": 0.0, "seconds": 0.048336029052734375}
{"cell": "d20f743102f03c4d", "completed": 5, "total": 96, "final_loss": 6.008026405009936e-09, "seconds": 0.047235965728759766}
{"cell": "a53527df44fbd7f1", "completed": 6, "total": 96, "final_loss": 0.0, "seconds": 0.05895519256591797}
{"cell": "c2d5d1589df15646", "completed": 7, "total": 96, "final_loss": 7.662395038546916e-31, "seconds": 0.04691910743713379}
{"cell": "e9dd78b496186f1c", "completed": 8, "total": 96, "final_loss": 2.2881928530281678e-31, "seconds": 0.04859495162963867}
{"cell": "321d7e13620c9639", "completed": 9, "total": 96, "final_loss": 2.6897567695967517e-32, "seconds": 0.045950889587402344}
{"cell": "487317889c780c43", "completed": 10, "total": 96, "final_loss": 2.0305019218363865e-33, "seconds": 0.05028200149536133}
{"cell": "f705e8bb7a48fb25", "completed": 11, "total": 96, "final_loss": 6.008026405009936e-09, "seconds": 0.050195932388305664}
{"cell": "4825d5c4967c80bd", "completed": 12, "total": 96, "final_loss": 3.200946689880914e-08, "seconds": 0.05702400207519531}
{"cell": "fde4aee0e7e77c09", "completed": 13, "total": 96, "final_loss": 6.330436041960687e-31, "seconds": 0.047057151794433594}
{"cell": "61e5c0462095ef14", "completed": 14, "total": 96, "final_loss": 1.0425167874843864e-31, "seconds": 0.04893898963928223}
{"cell": "3d8f139549354c7a", "completed": 15, "total": 96, "final_loss": 2.772270007805547e-32, "seconds": 0.04790019989013672}
{"cell": "6bf8d78ba5f15e91", "completed": 16, "total": 96, "final_loss": 2.98098079303557e-32, "seconds": 0.04938197135925293}
{"cell": "5033c8d563df3401", "completed": 17, "total": 96, "final_loss": 6.008026405034277e-09, "seconds": 0.050837039947509766}
{"cell": "1ec5e1b947cde23b", "completed": 18, "total": 96, "final_loss": 3.6246838398006837e-07, "seconds": 0.05679917335510254}
{"cell": "bd47d986841d477d", "completed": 19, "total": 96, "final_loss": 7.511673152884482e-31, "seconds": 0.04874396324157715}
{"cell": "1ec45d18c3af5b34", "completed": 20, "total": 96, "final_loss": 1.055371993704979e-31, "seconds": 0.04888200759887695}
{"cell": "fd6cbaacc4cab3d5", "completed": 21, "total": 96, "final_loss": 2.5308769531396113e-32, "seconds": 0.04708981513977051}
{"cell": "efe26e49d15e31d5", "completed": 22, "total": 96, "final_loss": 2.5672420463766496e-32, "seconds": 0.048972129821777344}
{"cell": "c904b7146f795010", "completed": 23, "total": 96, "final_loss": 6.008026405009936e-09, "seconds": 0.05017280578613281}
{"cell": "d14fc86e06e1dce2", "completed": 24, "total": 96, "final_loss": 7.584611703349087e-09, "seconds": 0.05631589889526367}
{"cell": "ede2af716f84b9fa", "completed": 25, "total": 96, "final_loss": 0.36774326899963083, "seconds": 0.0468289852142334}
{"cell": "3c52a2864f86e074", "completed": 26, "total": 96, "final_loss": 0.3685878388675187, "seconds": 0.04837822914123535}
{"cell": "f1d9cc007bc12f8f", "completed": 27, "total": 96, "final_loss": 0.14626781796053373, "seconds": 0.046415090560913086}
{"cell": "6e8d991752509c21", "completed": 28, "total": 96, "final_loss": 0.14689007100590967, "seconds": 0.04770493507385254}
{"cell": "ab18716819d6f3bd", "completed": 29, "total": 96, "final_loss": 0.1548623341868175, "seconds": 0.04718971252441406}
{"cell": "521f96b272502f21", "completed": 30, "total": 96, "final_loss": 0.021200854510895893, "seconds": 0.05366086959838867}
{"cell": "49d461e33179d686", "completed": 31, "total": 96, "final_loss": 0.36774326899963083, "seconds": 0.04890084266662598}
{"cell": "14e9ee2b73287f52", "completed": 32, "total": 96, "final_loss": 0.3685878388675186, "seconds": 0.049592018127441406}
{"cell": "e70785857f76807f", "completed": 33, "total": 96, "final_loss": 0.14626781796053398, "seconds": 0.04793286323547363}
{"cell": "a2082b0fc50d77a4", "completed": 34, "total": 96, "final_loss": 0.14689007100590967, "seconds": 0.04998493194580078}
{"cell": "27d30024f08ac82b", "completed": 35, "total": 96, "final_loss": 0.15486233418681764, "seconds": 0.04902791976928711}
{"cell": "461201b6dda8a80c", "completed": 36, "total": 96, "final_loss": 0.00042702012289633993, "seconds": 0.057205915451049805}
{"cell": "fa13f8206fd64065", "completed": 37, "total": 96, "final_loss": 0.367743268999631, "seconds": 0.04874014854431152}
{"cell": "9e5268850cf1226e", "completed": 38, "total": 96, "final_loss": 0.3685878388675186, "seconds": 0.05094099044799805}
{"cell": "2af23598391c0e04", "completed": 39, "total": 96, "final_loss": 0.14626781796053392, "seconds": 0.04944300651550293}
{"cell": "62a75c6be6ee7597", "completed": 40, "total": 96, "final_loss": 0.14689007100590967, "seconds": 0.05011701583862305}
{"cell": "41faa4daabd2e8de", "completed": 41, "total": 96, "final_loss": 0.15486233418681758, "seconds": 0.05099010467529297}
{"cell": "e4dd1816f7e855f4", "completed": 42, "total": 96, "final_loss": 1.2590690958593054e-06, "seconds": 0.05609893798828125}
{"cell": "2c1092f755f70410", "completed": 43, "total": 96, "final_loss": 0.36774326899963056, "seconds": 0.04875636100769043}
{"cell": "5d573defed396585", "completed": 44, "total": 96, "final_loss": 0.36858783886751817, "seconds": 0.05118393898010254}
{"cell": "384436a5680cecc6", "completed": 45, "total": 96, "final_loss": 0.1462678179605338, "seconds": 0.04924416542053223}
{"cell": "b171b83485f69202", "completed": 46, "total": 96, "final_loss": 0.14689007100590962, "seconds": 0.05031704902648926}
{"cell": "fbdc4fa992065e93", "completed": 47, "total": 96, "final_loss": 0.15486233418681764, "seconds": 0.049893856048583984}
{"cell": "2b6dea87dab5a1cd", "completed": 48, "total": 96, "final_loss": 2.576210127569626e-05, "seconds": 0.05601000785827637}
{"cell": "26e04bd9c3d94b63", "completed": 49, "total": 96, "final_loss": 4.992010415851715e-31, "seconds": 0.046920061111450195}
{"cell": "ff3170a253adefe8", "completed": 50, "total": 96, "final_loss": 6.162975822039155e-33, "seconds": 0.04797172546386719}
{"cell": "3f73ed94a79621e9", "completed": 51, "total": 96, "final_loss": 2.465190328815662e-32, "seconds": 0.04730701446533203}
{"cell": "5c0f4291520fa07c", "completed": 52, "total": 96, "final_loss": 0.0, "seconds": 0.048813819885253906}
{"cell": "213989464aa1c008", "completed": 53, "total": 96, "final_loss": 6.008026405009936e-09, "seconds": 0.04849815368652344}
{"cell": "7ffe935fcced7ced", "completed": 54, "total": 96, "final_loss": 0.0, "seconds": 0.05929207801818848}
{"cell": "602f07393d89b20f", "completed": 55, "total": 96, "final_loss": 7.595962680606805e-31, "seconds": 0.048039913177490234}
{"cell": "9d5e213694f743c1", "completed": 56, "total": 96, "final_loss": 1.6117372315310902e-31, "seconds": 0.05001497268676758}
{"cell": "e06a3d7ce942a59f", "completed": 57, "total": 96, "final_loss": 2.6621561622394444e-32, "seconds": 0.04772210121154785}
{"cell": "d904fc2f63a23c4a", "completed": 58, "total": 96, "final_loss": 2.73607124701915e-32, "seconds": 0.049993038177490234}
{"cell": "b54f9c951e710df7", "completed": 59, "total": 96, "final_loss": 6.008026405022106e-09, "seconds": 0.05272793769836426}
{"cell": "5649f2798296d4c6", "completed": 60, "total": 96, "final_loss": 1.1259504402151278e-06, "seconds": 0.09039020538330078}
{"cell": "60d55d5df23f50ac", "completed": 61, "total": 96, "final_loss": 6.28677095248089e-31, "seconds": 0.07054305076599121}
{"cell": "f74bcc3bbb33756f", "completed": 62, "total": 96, "final_loss": 1.0318885112303885e-31, "seconds": 0.06925010681152344}
{"cell": "63e831627d8e5061", "completed": 63, "total": 96, "final_loss": 2.5876158614018953e-32, "seconds": 0.05675792694091797}
{"cell": "bef48d6764243e86", "completed": 64, "total": 96, "final_loss": 2.6515509991431196e-32, "seconds": 0.05246996879577637}
{"cell": "a926ff3e44c3d59c", "completed": 65, "total": 96, "final_loss": 6.008026405022106e-09, "seconds": 0.05331826210021973}
{"cell": "14282912052247b3", "completed": 66, "total": 96, "final_loss": 6.198078390847581e-06, "seconds": 0.059359073638916016}
{"cell": "ef604df46f487235", "completed": 67, "total": 96, "final_loss": 7.497238552454125e-31, "seconds": 0.051991939544677734}
{"cell": "2ec6d5814ade8ffb", "completed": 68, "total": 96, "final_loss": 1.596771072555291e-31, "seconds": 0.053270578384399414}
{"cell": "91aa4773d592ed74", "completed": 69, "total": 96, "final_loss": 2.5357387977746123e-32, "seconds": 0.0480959415435791}
{"cell": "8dff05e9c857d4e3", "completed": 70, "total": 96, "final_loss": 2.599558737069456e-32, "seconds": 0.051505327224731445}
{"cell": "6170b43748660ead", "completed": 71, "total": 96, "final_loss": 6.008026404985596e-09, "seconds": 0.05109405517578125}
{"cell": "20e6ee7e7ad570b5", "completed": 72, "total": 96, "final_loss": 4.748596878335199e-07, "seconds": 0.05724906921386719}
{"cell": "8f668f3e8acfb27e", "completed": 73, "total": 96, "final_loss": 0.4513330505878672, "seconds": 0.0481107234954834}
{"cell": "de1f0dd573ef5a0c", "completed": 74, "total": 96, "final_loss": 0.4517190953840045, "seconds": 0.04911994934082031}
{"cell": "92dd5f0a78b1abcb", "completed": 75, "total": 96, "final_loss": 0.33194428313823593, "seconds": 0.04693889617919922}
{"cell": "6e5f8d8d7a09e452", "completed": 76, "total": 96, "final_loss": 0.3329008271543911, "seconds": 0.04845380783081055}
{"cell": "eabc91fbd82f623c", "completed": 77, "total": 96, "final_loss": 0.3431654491551327, "seconds": 0.04829597473144531}
{"cell": "7d22f1c6125b6910", "completed": 78, "total": 96, "final_loss": 0.1035273725412927, "seconds": 0.05397796630859375}
{"cell": "ee076b0d43c49603", "completed": 79, "total": 96, "final_loss": 0.4513330505878673, "seconds": 0.04867815971374512}
{"cell": "de3d1ec3a1de2837", "completed": 80, "total": 96, "final_loss": 0.4517190953840046, "seconds": 0.04974079132080078}
{"cell": "cce0c1b846cf4d05", "completed": 81, "total": 96, "final_loss": 0.331944283138236, "seconds": 0.048300981521606445}
{"cell": "fab28662076635d8", "completed": 82, "total": 96, "final_loss": 0.332900827154391, "seconds": 0.050374746322631836}
{"cell": "c8a1f6b1953e8e7d", "completed": 83, "total": 96, "final_loss": 0.3431654491551328, "seconds": 0.051310062408447266}
{"cell": "fc6f80354f3ad264", "completed": 84, "total": 96, "final_loss": 0.01838364526431327, "seconds": 0.05639791488647461}
{"cell": "7736f0d3b0010eeb", "completed": 85, "total": 96, "final_loss": 0.4513330505878672, "seconds": 0.04875516891479492}
{"cell": "8e536934f705e80a", "completed": 86, "total": 96, "final_loss": 0.4517190953840046, "seconds": 0.049986839294433594}
{"cell": "3c9aee48f341745f", "completed": 87, "total": 96, "final_loss": 0.331944283138236, "seconds": 0.04770302772521973}
{"cell": "b5374c5e30ff16da", "completed": 88, "total": 96, "final_loss": 0.332900827154391, "seconds": 0.04956507682800293}
{"cell": "a369900d2391c859", "completed": 89, "total": 96, "final_loss": 0.3431654491551329, "seconds": 0.05169510841369629}
{"cell": "3cceebcaa234ae4b", "completed": 90, "total": 96, "final_loss": 0.0017307328013117852, "seconds": 0.0576779842376709}
{"cell": "e91da7f1ecf651f0", "completed": 91, "total": 96, "final_loss": 0.4513330505878667, "seconds": 0.04835200309753418}
{"cell": "ddc9186f8cdc8dd0", "completed": 92, "total": 96, "final_loss": 0.451719095384004, "seconds": 0.05076885223388672}
{"cell": "d4652d6a609dad4a", "completed": 93, "total": 96, "final_loss": 0.33194428313823565, "seconds": 0.053381919860839844}
{"cell": "1b09dfad627cd60b", "completed": 94, "total": 96, "final_loss": 0.3329008271543907, "seconds": 0.05141615867614746}
{"cell": "1968400d43c44f19", "completed": 95, "total": 96, "final_loss": 0.3431654491551324, "seconds": 0.05052971839904785}
{"cell": "41868811fc8d14a8", "completed": 96, "total": 96, "final_loss": 0.006387879436036809, "seconds": 0.05675077438354492}
