references/science_program_v1/studies/B03_kernel_direction/run.py:70: RuntimeWarning: divide by zero encountered in matmul
  residual_test = residual_test - eta * cross_kernel @ residual
references/science_program_v1/studies/B03_kernel_direction/run.py:70: RuntimeWarning: overflow encountered in matmul
  residual_test = residual_test - eta * cross_kernel @ residual
references/science_program_v1/studies/B03_kernel_direction/run.py:70: RuntimeWarning: invalid value encountered in matmul
  residual_test = residual_test - eta * cross_kernel @ residual
references/science_program_v1/studies/B03_kernel_direction/run.py:71: RuntimeWarning: divide by zero encountered in matmul
  residual = residual - eta * kernel @ residual
references/science_program_v1/studies/B03_kernel_direction/run.py:71: RuntimeWarning: overflow encountered in matmul
  residual = residual - eta * kernel @ residual
references/science_program_v1/studies/B03_kernel_direction/run.py:71: RuntimeWarning: invalid value encountered in matmul
  residual = residual - eta * kernel @ residual
references/science_program_v1/studies/B03_kernel_direction/run.py:121: RuntimeWarning: divide by zero encountered in matmul
  rayleigh = lambda kernel, residual: float(residual @ kernel @ residual / (residual @ residual))
references/science_program_v1/studies/B03_kernel_direction/run.py:121: RuntimeWarning: overflow encountered in matmul
  rayleigh = lambda kernel, residual: float(residual @ kernel @ residual / (residual @ residual))
references/science_program_v1/studies/B03_kernel_direction/run.py:121: RuntimeWarning: invalid value encountered in matmul
  rayleigh = lambda kernel, residual: float(residual @ kernel @ residual / (residual @ residual))
{"cell": "4a5e306024bc2b4a", "condition": "product_d3_seed9873", "width": 8, "seed": 11, "completed": 1, "total": 12, "seconds": 0.5405750274658203, "target_rayleigh_ratio": 3.4612205507862033, "permutation_ratio_mean": 2.065231594659168}
{"cell": "007d6bf633b1cf0d", "condition": "product_d3_seed9873", "width": 8, "seed": 29, "completed": 2, "total": 12, "seconds": 0.12797284126281738, "target_rayleigh_ratio": 5.117594839563662, "permutation_ratio_mean": 1.9960581423598267}
{"cell": "d5d9c1090704c907", "condition": "product_d3_seed9873", "width": 8, "seed": 47, "completed": 3, "total": 12, "seconds": 0.1265110969543457, "target_rayleigh_ratio": 11.069088302944822, "permutation_ratio_mean": 6.42880046164414}
{"cell": "6cf286457942899b", "condition": "product_d3_seed9873", "width": 32, "seed": 11, "completed": 4, "total": 12, "seconds": 0.24214386940002441, "target_rayleigh_ratio": 2.188080565069198, "permutation_ratio_mean": 2.1414359594300305}
{"cell": "6d8c6f6518f1dd11", "condition": "product_d3_seed9873", "width": 32, "seed": 29, "completed": 5, "total": 12, "seconds": 0.24190688133239746, "target_rayleigh_ratio": 3.9411759314824835, "permutation_ratio_mean": 2.1591985625010697}
{"cell": "a0578775fb06555e", "condition": "product_d3_seed9873", "width": 32, "seed": 47, "completed": 6, "total": 12, "seconds": 0.24202513694763184, "target_rayleigh_ratio": 2.182293018787468, "permutation_ratio_mean": 1.8975110323670736}
{"cell": "75e1b37089705c25", "condition": "mixed_sine_d3_seed9873", "width": 8, "seed": 11, "completed": 7, "total": 12, "seconds": 0.12614011764526367, "target_rayleigh_ratio": 3.7901217883332894, "permutation_ratio_mean": 3.3025088774383575}
{"cell": "2da8d2caa4a3a9e9", "condition": "mixed_sine_d3_seed9873", "width": 8, "seed": 29, "completed": 8, "total": 12, "seconds": 0.12681984901428223, "target_rayleigh_ratio": 4.820521403550292, "permutation_ratio_mean": 2.2329291694978686}
{"cell": "b9d4dfdbca2795e1", "condition": "mixed_sine_d3_seed9873", "width": 8, "seed": 47, "completed": 9, "total": 12, "seconds": 0.1281890869140625, "target_rayleigh_ratio": 2.1286257688572383, "permutation_ratio_mean": 0.9641850473765118}
{"cell": "cb52c14d92fea9ea", "condition": "mixed_sine_d3_seed9873", "width": 32, "seed": 11, "completed": 10, "total": 12, "seconds": 0.24245476722717285, "target_rayleigh_ratio": 1.6835329683022138, "permutation_ratio_mean": 2.352705885537098}
{"cell": "eb45099884ed6e1c", "condition": "mixed_sine_d3_seed9873", "width": 32, "seed": 29, "completed": 11, "total": 12, "seconds": 0.2453618049621582, "target_rayleigh_ratio": 2.4960069911168676, "permutation_ratio_mean": 2.382503270229996}
{"cell": "101978d98a40bc0f", "condition": "mixed_sine_d3_seed9873", "width": 32, "seed": 47, "completed": 12, "total": 12, "seconds": 0.24614620208740234, "target_rayleigh_ratio": 3.679175358247374, "permutation_ratio_mean": 2.012619232430805}
