references/science_program_v1/studies/B03_kernel_direction/run.py:70: RuntimeWarning: divide by zero encountered in matmul
  residual_test = residual_test - eta * cross_kernel @ residual
references/science_program_v1/studies/B03_kernel_direction/run.py:70: RuntimeWarning: overflow encountered in matmul
  residual_test = residual_test - eta * cross_kernel @ residual
references/science_program_v1/studies/B03_kernel_direction/run.py:70: RuntimeWarning: invalid value encountered in matmul
  residual_test = residual_test - eta * cross_kernel @ residual
references/science_program_v1/studies/B03_kernel_direction/run.py:71: RuntimeWarning: divide by zero encountered in matmul
  residual = residual - eta * kernel @ residual
references/science_program_v1/studies/B03_kernel_direction/run.py:71: RuntimeWarning: overflow encountered in matmul
  residual = residual - eta * kernel @ residual
references/science_program_v1/studies/B03_kernel_direction/run.py:71: RuntimeWarning: invalid value encountered in matmul
  residual = residual - eta * kernel @ residual
references/science_program_v1/studies/B03_kernel_direction/run.py:121: RuntimeWarning: divide by zero encountered in matmul
  rayleigh = lambda kernel, residual: float(residual @ kernel @ residual / (residual @ residual))
references/science_program_v1/studies/B03_kernel_direction/run.py:121: RuntimeWarning: overflow encountered in matmul
  rayleigh = lambda kernel, residual: float(residual @ kernel @ residual / (residual @ residual))
references/science_program_v1/studies/B03_kernel_direction/run.py:121: RuntimeWarning: invalid value encountered in matmul
  rayleigh = lambda kernel, residual: float(residual @ kernel @ residual / (residual @ residual))
{"cell": "0039d7c09f79fc1c", "condition": "triple_product_d7_uniform", "width": 8, "seed": 11, "completed": 1, "total": 12, "seconds": 0.47406792640686035, "target_rayleigh_ratio": 3.4469238167515477, "permutation_ratio_mean": 2.3468910752054373}
{"cell": "0a5828eaf790dd86", "condition": "triple_product_d7_uniform", "width": 8, "seed": 29, "completed": 2, "total": 12, "seconds": 0.1384141445159912, "target_rayleigh_ratio": 3.141288015714024, "permutation_ratio_mean": 1.6311061434381444}
{"cell": "6de59bd1aad67b51", "condition": "triple_product_d7_uniform", "width": 8, "seed": 47, "completed": 3, "total": 12, "seconds": 0.13911700248718262, "target_rayleigh_ratio": 2.1401488525584047, "permutation_ratio_mean": 2.2708996677137256}
{"cell": "3bb377e4b3f3f0b8", "condition": "triple_product_d7_uniform", "width": 64, "seed": 11, "completed": 4, "total": 12, "seconds": 0.6020371913909912, "target_rayleigh_ratio": 1.826829822298207, "permutation_ratio_mean": 1.5681946424733235}
{"cell": "d1f682676ffc2852", "condition": "triple_product_d7_uniform", "width": 64, "seed": 29, "completed": 5, "total": 12, "seconds": 0.6006228923797607, "target_rayleigh_ratio": 1.7932479129541818, "permutation_ratio_mean": 1.5085563478867026}
{"cell": "1e96d1cc348460d3", "condition": "triple_product_d7_uniform", "width": 64, "seed": 47, "completed": 6, "total": 12, "seconds": 0.6045091152191162, "target_rayleigh_ratio": 1.8309142346509053, "permutation_ratio_mean": 1.422376170156701}
{"cell": "b272cda559562e10", "condition": "soft_bump_d7_uniform", "width": 8, "seed": 11, "completed": 7, "total": 12, "seconds": 0.1377871036529541, "target_rayleigh_ratio": 7.185801856012381, "permutation_ratio_mean": 3.497401898406275}
{"cell": "6de9d6bb501d3139", "condition": "soft_bump_d7_uniform", "width": 8, "seed": 29, "completed": 8, "total": 12, "seconds": 0.1374192237854004, "target_rayleigh_ratio": 1.1440771413879138, "permutation_ratio_mean": 1.0358383509428513}
{"cell": "2a8d25215694d022", "condition": "soft_bump_d7_uniform", "width": 8, "seed": 47, "completed": 9, "total": 12, "seconds": 0.13829398155212402, "target_rayleigh_ratio": 5.84582829277122, "permutation_ratio_mean": 2.595917095160142}
{"cell": "f17843e32d6e7b78", "condition": "soft_bump_d7_uniform", "width": 64, "seed": 11, "completed": 10, "total": 12, "seconds": 0.606374979019165, "target_rayleigh_ratio": 1.891172314284221, "permutation_ratio_mean": 1.545784575778842}
{"cell": "6b55bee6df7851f2", "condition": "soft_bump_d7_uniform", "width": 64, "seed": 29, "completed": 11, "total": 12, "seconds": 0.6031720638275146, "target_rayleigh_ratio": 2.176157881412855, "permutation_ratio_mean": 1.5119439732869133}
{"cell": "5b6a247260ce85d9", "condition": "soft_bump_d7_uniform", "width": 64, "seed": 47, "completed": 12, "total": 12, "seconds": 0.6093308925628662, "target_rayleigh_ratio": 1.8350004543212846, "permutation_ratio_mean": 1.4101419433092173}
