{
  "study": "r097_batch2_exact",
  "round": 97,
  "direction_round": 7,
  "direction": "D9_minibatch_noise",
  "domain": "development",
  "status": "complete",
  "round_result": "ok",
  "predictions": {
    "P1": {
      "status": "supported",
      "passed": 2,
      "total": 2
    }
  },
  "validation": {
    "passed": true,
    "old_files_unchanged": true,
    "old_file_count": 332
  },
  "counts": {
    "recipe_units": 1,
    "paired_data_seeds": 2,
    "saved_exact_cells": 2,
    "new_training": 0,
    "new_batch_trajectories": 0,
    "reused_full_controls": 2,
    "reused_B4_exact_cells": 2,
    "old_B4_B8_full_recomputed": 0,
    "new_MC_or_bootstrap": 0
  },
  "gamma_B2": 0.49206349206349204,
  "gamma_B4": 0.23809523809523808,
  "gamma_ratio": 2.066666666666667,
  "compute_seconds": 1.7443213750084396,
  "cells": [
    {
      "seed": 411,
      "rank": 36,
      "batch": 2,
      "t_star": 55,
      "B4_t_star": 52,
      "full_t_star": 49,
      "aligned_ratio": 1.1224489795918366,
      "B2_minus_B4_steps": 3,
      "B2_over_B4_time": 1.0576923076923077,
      "predicted_integer_t_star_range": [
        53,
        75
      ],
      "P1_pass": true,
      "twofold_descriptive_pass": true,
      "min_expected_risk": 0.33398010013314494,
      "mean_risk_at_min": 0.22814496854896643,
      "covariance_risk_at_min": 0.1058351315841785,
      "B4_min_expected_risk": 0.2771584502962983,
      "B4_covariance_risk_at_min": 0.04949200090159645,
      "min_risk_difference_B2_minus_B4": 0.05682164983684662,
      "minimum_neighbor_margin": 5.4265182846124915e-06,
      "mean_coordinates_B4_maxabs": 0.0,
      "mean_risk_B4_maxabs": 0.0,
      "B2_minus_B4_covariance_risk_min": 0.0,
      "minimum_covariance_eigenvalue": 0.0,
      "full_risk_saved_control_maxabs": 1.5265566588595902e-14,
      "registered_C_basis": true,
      "full_arrays_equal_baseline": true,
      "full_covariance_maxabs_inherited": 0.0,
      "finite": true,
      "interior": true
    },
    {
      "seed": 412,
      "rank": 36,
      "batch": 2,
      "t_star": 343,
      "B4_t_star": 324,
      "full_t_star": 306,
      "aligned_ratio": 1.1209150326797386,
      "B2_minus_B4_steps": 19,
      "B2_over_B4_time": 1.058641975308642,
      "predicted_integer_t_star_range": [
        325,
        400
      ],
      "P1_pass": true,
      "twofold_descriptive_pass": true,
      "min_expected_risk": 0.34305448660839394,
      "mean_risk_at_min": 0.2491197953746162,
      "covariance_risk_at_min": 0.09393469123377773,
      "B4_min_expected_risk": 0.2924291815255268,
      "B4_covariance_risk_at_min": 0.04337617840042966,
      "min_risk_difference_B2_minus_B4": 0.05062530508286711,
      "minimum_neighbor_margin": 5.5965990675144184e-08,
      "mean_coordinates_B4_maxabs": 0.0,
      "mean_risk_B4_maxabs": 0.0,
      "B2_minus_B4_covariance_risk_min": 0.0,
      "minimum_covariance_eigenvalue": 0.0,
      "full_risk_saved_control_maxabs": 1.609823385706477e-15,
      "registered_C_basis": true,
      "full_arrays_equal_baseline": true,
      "full_covariance_maxabs_inherited": 0.0,
      "finite": true,
      "interior": true
    }
  ],
  "pins": {
    "git_commit": "94beabfb45a9982f0f364d5ea87ef384d0d00ac1",
    "sha256": {
      "preregistration.json": "decc7aae37f5ca6e8774c6c92e7a9c941813976976934c70575eb7e9093911d2",
      "executed/run.py": "d0feaafefe5167c5cb7ddbf1cfcd46a65df9dd2567177817e293d87b52ee946f",
      "analysis.py": "324bdb2fed446b4db0fbaf2d19cd4030fead2725df00dccdb8de3b8d5947e069",
      "executed/verify.py": "03ffa607a1e3095a9694c3bec5d9fc62f6efa4d85c8226a436310559d8304110",
      "executed/input_audit.json": "a209ce2ac1b2084cd635c526f46dcadea93f45533f8bdd9dddf3aeff2ca673e8"
    }
  },
  "scope": "仅原D2固定n64/d4/冻结ReLU width128+常数/零head/float64 MSE/无动量无衰减SGD eta.1、B2及配对B4、sigma²1、seed411/412原data/epsilon、整数0..2304、同标签full49/306。development非盲依据，已知矩递推不登记新发现。旧B4逐位核验失败/partial、旧M8失败、期望分母混杂、旧核验训练后改pin与matmul根因未定保留；不推连续B/eta/其他n/优化器/learned features/无限训练/train-only早停/sealed OOD。"
}
