{
  "passed": true,
  "pins": {
    "git_commit": "94beabfb45a9982f0f364d5ea87ef384d0d00ac1",
    "sha256": {
      "preregistration.json": "decc7aae37f5ca6e8774c6c92e7a9c941813976976934c70575eb7e9093911d2",
      "executed/run.py": "d0feaafefe5167c5cb7ddbf1cfcd46a65df9dd2567177817e293d87b52ee946f",
      "analysis.py": "324bdb2fed446b4db0fbaf2d19cd4030fead2725df00dccdb8de3b8d5947e069",
      "executed/verify.py": "03ffa607a1e3095a9694c3bec5d9fc62f6efa4d85c8226a436310559d8304110",
      "executed/input_audit.json": "a209ce2ac1b2084cd635c526f46dcadea93f45533f8bdd9dddf3aeff2ca673e8"
    }
  },
  "new_training": 0,
  "scientific_prediction": {
    "P1": {
      "status": "supported",
      "passed": 2,
      "total": 2
    }
  },
  "registered_numerical_validation_passed": true,
  "independent_raw_second_moment_verification_passed": true,
  "freeze_timing": [
    {
      "seed": 411,
      "freeze_before_cell_seconds": 11.558865070343018
    },
    {
      "seed": 412,
      "freeze_before_cell_seconds": 12.398060321807861
    }
  ],
  "state_only_D9_last_round_next_question_changed": true,
  "round_unchanged": true,
  "all_rounds_done_unchanged": true,
  "old_files_sha256_mtime_unchanged": 332,
  "old_file_set_unchanged": true,
  "resume_existing_files_unchanged": 18,
  "successful_cells_not_overwritten": true,
  "summary_and_verification_each_written_once": true,
  "prior_B4_registered_failure_and_partial_preserved": true,
  "report_six_section_order": true,
  "prior_report_number_multiset_preserved": true,
  "report_style_checklist": {
    "conclusion_first_and_ranges_quantified": true,
    "terms_explained": true,
    "no_unquantified_strength_claims": true,
    "evidence_links_only_in_evidence": true,
    "prior_failures_preserved": true,
    "no_unmeasured_extrapolation": true
  },
  "limitations": "Independent implementation differences are not strict error certificates. Frozen analysis/verify do not guard output overwrites; each was run once and excluded from resume. No old moment cell was recomputed."
}
