{
  "passed": true,
  "cells": [
    {
      "seed": 411,
      "independent_raw_second_moment_risk_maxabs": 4.772848782863548e-12,
      "independent_mean_head_maxabs": 6.813993813636898e-14,
      "span_reconstruction_maxabs": 8.187894806610529e-16,
      "independent_argmin_matches": true,
      "independent_argmin": 55,
      "finite": true,
      "passed": true
    },
    {
      "seed": 412,
      "independent_raw_second_moment_risk_maxabs": 2.434441537246812e-12,
      "independent_mean_head_maxabs": 5.781486400735503e-14,
      "span_reconstruction_maxabs": 1.7763568394002505e-15,
      "independent_argmin_matches": true,
      "independent_argmin": 343,
      "finite": true,
      "passed": true
    }
  ],
  "pins": {
    "git_commit": "94beabfb45a9982f0f364d5ea87ef384d0d00ac1",
    "sha256": {
      "preregistration.json": "decc7aae37f5ca6e8774c6c92e7a9c941813976976934c70575eb7e9093911d2",
      "executed/run.py": "d0feaafefe5167c5cb7ddbf1cfcd46a65df9dd2567177817e293d87b52ee946f",
      "analysis.py": "324bdb2fed446b4db0fbaf2d19cd4030fead2725df00dccdb8de3b8d5947e069",
      "executed/verify.py": "03ffa607a1e3095a9694c3bec5d9fc62f6efa4d85c8226a436310559d8304110",
      "executed/input_audit.json": "a209ce2ac1b2084cd635c526f46dcadea93f45533f8bdd9dddf3aeff2ca673e8"
    }
  },
  "old_files_unchanged": true,
  "independent_method": "独立64维样本坐标w=X^T alpha与raw二阶矩；单/双inclusion概率，不调用主矩递推或basis。",
  "full_and_fixture_note": "复用已保存B=n退化/旧枚举证据，不重算旧成功cell。实现差不作严格数值误差证书。"
}
