{"cell": "ratio_012_seed_0", "single": {"evaluable": true, "successful_starts": 6, "rmse": 0.023814154989844207, "maxabs": 0.04306841592988615, "adequate": true, "parameters": [[84.45936408156335, 0.9190108229138564]], "maxabs_step": 1798}, "double": {"evaluable": true, "successful_starts": 36, "rmse": 0.01344619745667764, "maxabs": 0.02160800817060292, "adequate": true, "parameters": [[25.318356356765044, 1.4952129751015848], [298.26235099353255, 1.4494343340992477]], "maxabs_step": 1877}}
{"cell": "ratio_012_seed_1", "single": {"evaluable": true, "successful_starts": 6, "rmse": 0.02381415498984429, "maxabs": 0.0430684159344207, "adequate": true, "parameters": [[84.45936407694461, 0.9190108228697271]], "maxabs_step": 1798}, "double": {"evaluable": true, "successful_starts": 36, "rmse": 0.013446197456677701, "maxabs": 0.021608007979140077, "adequate": true, "parameters": [[25.318356329846843, 1.4952129794664222], [298.26235142341636, 1.449434338369616]], "maxabs_step": 1877}}
{"cell": "ratio_012_seed_2", "single": {"evaluable": true, "successful_starts": 6, "rmse": 0.023814154989844107, "maxabs": 0.043068416051027215, "adequate": true, "parameters": [[84.45936408499769, 0.9190108221861918]], "maxabs_step": 1798}, "double": {"evaluable": true, "successful_starts": 36, "rmse": 0.013446197456677583, "maxabs": 0.02160800813923487, "adequate": true, "parameters": [[25.31835635903649, 1.4952129749147791], [298.2623509823571, 1.4494343346442942]], "maxabs_step": 1877}}
{"cell": "ratio_015_seed_0", "single": {"evaluable": true, "successful_starts": 6, "rmse": 0.027550352890085346, "maxabs": 0.04711310441366612, "adequate": true, "parameters": [[74.64148344906985, 0.8603328050024296]], "maxabs_step": 1798}, "double": {"evaluable": true, "successful_starts": 36, "rmse": 0.014443556747007763, "maxabs": 0.02332647214013639, "adequate": true, "parameters": [[20.40825624136767, 1.555866616992327], [301.8245668576832, 1.4356523189942614]], "maxabs_step": 5}}
{"cell": "ratio_015_seed_1", "single": {"evaluable": true, "successful_starts": 6, "rmse": 0.02755035289008533, "maxabs": 0.04711310432425822, "adequate": true, "parameters": [[74.64148344847638, 0.8603328054923384]], "maxabs_step": 1798}, "double": {"evaluable": true, "successful_starts": 36, "rmse": 0.014443556747007771, "maxabs": 0.02332647231232099, "adequate": true, "parameters": [[20.4082562577015, 1.555866618845636], [301.82456704923067, 1.4356523183497845]], "maxabs_step": 5}}
{"cell": "ratio_015_seed_2", "single": {"evaluable": true, "successful_starts": 6, "rmse": 0.02755035289008532, "maxabs": 0.0471131044999449, "adequate": true, "parameters": [[74.64148345658737, 0.8603328045548257]], "maxabs_step": 1798}, "double": {"evaluable": true, "successful_starts": 36, "rmse": 0.014443556747007744, "maxabs": 0.023326472441518975, "adequate": true, "parameters": [[20.40825624111442, 1.5558666215767452], [301.824567030562, 1.435652320565365]], "maxabs_step": 5}}
{"cell": "ratio_020_seed_0", "single": {"evaluable": true, "successful_starts": 6, "rmse": 0.032733549740457224, "maxabs": 0.052902145320213895, "adequate": false, "parameters": [[63.548209018304405, 0.7898639562466719]], "maxabs_step": 1798}, "double": {"evaluable": true, "successful_starts": 36, "rmse": 0.015393051733051942, "maxabs": 0.027931424825250017, "adequate": true, "parameters": [[15.475818832593932, 1.629854363794885], [305.51289471751903, 1.4262023746037409]], "maxabs_step": 4}}
{"cell": "ratio_020_seed_1", "single": {"evaluable": true, "successful_starts": 6, "rmse": 0.03273354974045719, "maxabs": 0.0529021453406144, "adequate": false, "parameters": [[63.54820901703525, 0.7898639561437676]], "maxabs_step": 1798}, "double": {"evaluable": true, "successful_starts": 36, "rmse": 0.015393051733052046, "maxabs": 0.02793142488207534, "adequate": true, "parameters": [[15.475818804085277, 1.6298543665140381], [305.5128944508409, 1.4262023808572055]], "maxabs_step": 4}}
{"cell": "ratio_020_seed_2", "single": {"evaluable": true, "successful_starts": 6, "rmse": 0.03273354974045723, "maxabs": 0.052902145330138706, "adequate": false, "parameters": [[63.54820901968272, 0.7898639562040304]], "maxabs_step": 1798}, "double": {"evaluable": true, "successful_starts": 36, "rmse": 0.015393051733052093, "maxabs": 0.027931424936680438, "adequate": true, "parameters": [[15.475818836453369, 1.629854365344337], [305.51289481153367, 1.4262023743939014]], "maxabs_step": 4}}
{"cell": "ratio_025_seed_0", "single": {"evaluable": true, "successful_starts": 6, "rmse": 0.03688414421478695, "maxabs": 0.05767657062405038, "adequate": false, "parameters": [[56.064724441735514, 0.7398822362286376]], "maxabs_step": 1798}, "double": {"evaluable": true, "successful_starts": 36, "rmse": 0.015872609249005677, "maxabs": 0.031213786310515967, "adequate": true, "parameters": [[12.48384056033422, 1.6837487157926678], [307.7507593242983, 1.4231595589088786]], "maxabs_step": 3}}
{"cell": "ratio_025_seed_1", "single": {"evaluable": true, "successful_starts": 6, "rmse": 0.03688414421478687, "maxabs": 0.05767657061062294, "adequate": false, "parameters": [[56.06472443740953, 0.7398822362705967]], "maxabs_step": 1798}, "double": {"evaluable": true, "successful_starts": 36, "rmse": 0.015872609249005715, "maxabs": 0.03121378599682889, "adequate": true, "parameters": [[12.483840550383377, 1.6837487109717548], [307.75075880993165, 1.4231595592250303]], "maxabs_step": 3}}
{"cell": "ratio_025_seed_2", "single": {"evaluable": true, "successful_starts": 6, "rmse": 0.036884144214787036, "maxabs": 0.05767657066552203, "adequate": false, "parameters": [[56.064724430972475, 0.7398822360072401]], "maxabs_step": 1798}, "double": {"evaluable": true, "successful_starts": 36, "rmse": 0.015872609249005794, "maxabs": 0.031213786580969516, "adequate": true, "parameters": [[12.483840559518253, 1.6837487207490338], [307.75075942321945, 1.423159560502036]], "maxabs_step": 3}}
{
  "predictions": {
    "P1": {
      "status": "supported",
      "new_discovery": false
    },
    "P2": {
      "status": "supported",
      "counterexamples": []
    },
    "P3": {
      "status": "supported",
      "counterexamples": []
    },
    "P4": {
      "status": "supported",
      "counterexamples": []
    }
  },
  "aggregate": [
    {
      "ratio": 12,
      "exact_time_scale_ratio": 12.066543937100322,
      "single": {
        "evaluable_seeds": 3,
        "adequate_seeds": 3,
        "error_seed_ranges": {
          "rmse": [
            0.023814154989844107,
            0.02381415498984429
          ],
          "maxabs": [
            0.04306841592988615,
            0.043068416051027215
          ]
        }
      },
      "double": {
        "evaluable_seeds": 3,
        "adequate_seeds": 3,
        "error_seed_ranges": {
          "rmse": [
            0.013446197456677583,
            0.013446197456677701
          ],
          "maxabs": [
            0.021608007979140077,
            0.02160800817060292
          ]
        }
      }
    },
    {
      "ratio": 15,
      "exact_time_scale_ratio": 15.106079731043195,
      "single": {
        "evaluable_seeds": 3,
        "adequate_seeds": 3,
        "error_seed_ranges": {
          "rmse": [
            0.02755035289008532,
            0.027550352890085346
          ],
          "maxabs": [
            0.04711310432425822,
            0.0471131044999449
          ]
        }
      },
      "double": {
        "evaluable_seeds": 3,
        "adequate_seeds": 3,
        "error_seed_ranges": {
          "rmse": [
            0.014443556747007744,
            0.014443556747007771
          ],
          "maxabs": [
            0.02332647214013639,
            0.023326472441518975
          ]
        }
      }
    },
    {
      "ratio": 20,
      "exact_time_scale_ratio": 20.192604279459438,
      "single": {
        "evaluable_seeds": 3,
        "adequate_seeds": 0,
        "error_seed_ranges": {
          "rmse": [
            0.03273354974045719,
            0.03273354974045723
          ],
          "maxabs": [
            0.052902145320213895,
            0.0529021453406144
          ]
        }
      },
      "double": {
        "evaluable_seeds": 3,
        "adequate_seeds": 3,
        "error_seed_ranges": {
          "rmse": [
            0.015393051733051942,
            0.015393051733052093
          ],
          "maxabs": [
            0.027931424825250017,
            0.027931424936680438
          ]
        }
      }
    },
    {
      "ratio": 25,
      "exact_time_scale_ratio": 25.305146969424822,
      "single": {
        "evaluable_seeds": 3,
        "adequate_seeds": 0,
        "error_seed_ranges": {
          "rmse": [
            0.03688414421478687,
            0.036884144214787036
          ],
          "maxabs": [
            0.05767657061062294,
            0.05767657066552203
          ]
        }
      },
      "double": {
        "evaluable_seeds": 3,
        "adequate_seeds": 3,
        "error_seed_ranges": {
          "rmse": [
            0.015872609249005677,
            0.015872609249005794
          ],
          "maxabs": [
            0.03121378599682889,
            0.031213786580969516
          ]
        }
      }
    }
  ]
}
