{
  "P1_legacy_ratio_half_to_two": {
    "status": "refuted",
    "passed": 20,
    "total": 24
  },
  "P2_aligned_ratio_half_to_two": {
    "status": "refuted",
    "passed": 22,
    "total": 24
  },
  "P3_finite_interior": {
    "status": "supported",
    "finite": true,
    "interior": true
  }
}
[
  {
    "batch": 32,
    "variance": 0.25,
    "seed_count": 4,
    "aligned_range": [
      0.9601648351648352,
      1.149685534591195
    ],
    "legacy_range": [
      0.9407806191117093,
      1.552901023890785
    ],
    "old_aligned_range": [
      0.9056603773584906,
      1.2024793388429753
    ],
    "aligned_passed": 4,
    "legacy_passed": 4,
    "deviation_decreased": 2
  },
  {
    "batch": 32,
    "variance": 0.5,
    "seed_count": 4,
    "aligned_range": [
      0.9324577861163227,
      1.4338028169014085
    ],
    "legacy_range": [
      0.9203703703703704,
      2.5254833040421794
    ],
    "old_aligned_range": [
      1.1016949152542372,
      1.4857142857142858
    ],
    "aligned_passed": 4,
    "legacy_passed": 3,
    "deviation_decreased": 3
  },
  {
    "batch": 32,
    "variance": 1.0,
    "seed_count": 4,
    "aligned_range": [
      0.6241830065359477,
      1.1224489795918366
    ],
    "legacy_range": [
      0.2722772277227723,
      1.0670391061452513
    ],
    "old_aligned_range": [
      0.4803921568627451,
      1.9761904761904763
    ],
    "aligned_passed": 4,
    "legacy_passed": 3,
    "deviation_decreased": 4
  },
  {
    "batch": 8,
    "variance": 0.25,
    "seed_count": 4,
    "aligned_range": [
      0.8708791208791209,
      1.2062893081761006
    ],
    "legacy_range": [
      0.8532974427994616,
      1.5563139931740615
    ],
    "old_aligned_range": [
      0.8487972508591065,
      1.211320754716981
    ],
    "aligned_passed": 4,
    "legacy_passed": 4,
    "deviation_decreased": 4
  },
  {
    "batch": 8,
    "variance": 0.5,
    "seed_count": 4,
    "aligned_range": [
      0.8450704225352113,
      1.3759723422644772
    ],
    "legacy_range": [
      0.7299270072992701,
      2.797891036906854
    ],
    "old_aligned_range": [
      0.923728813559322,
      1.7948051948051948
    ],
    "aligned_passed": 4,
    "legacy_passed": 3,
    "deviation_decreased": 2
  },
  {
    "batch": 8,
    "variance": 1.0,
    "seed_count": 4,
    "aligned_range": [
      1.2063492063492063,
      2.784313725490196
    ],
    "legacy_range": [
      0.5198019801980198,
      4.759776536312849
    ],
    "old_aligned_range": [
      1.2254901960784315,
      3.75
    ],
    "aligned_passed": 2,
    "legacy_passed": 3,
    "deviation_decreased": 3
  }
]
