science_program_v2/directions/D9_minibatch_noise/studies/r029_lower_eta_paired/executed/run.py:60: RuntimeWarning: divide by zero encountered in matmul
  residual = xa @ w - ya
science_program_v2/directions/D9_minibatch_noise/studies/r029_lower_eta_paired/executed/run.py:60: RuntimeWarning: overflow encountered in matmul
  residual = xa @ w - ya
science_program_v2/directions/D9_minibatch_noise/studies/r029_lower_eta_paired/executed/run.py:60: RuntimeWarning: invalid value encountered in matmul
  residual = xa @ w - ya
science_program_v2/directions/D9_minibatch_noise/studies/r029_lower_eta_paired/executed/run.py:64: RuntimeWarning: divide by zero encountered in matmul
  w -= 2 * lr * (x[idx].T @ (x[idx] @ w - target[idx])) / batch
science_program_v2/directions/D9_minibatch_noise/studies/r029_lower_eta_paired/executed/run.py:64: RuntimeWarning: overflow encountered in matmul
  w -= 2 * lr * (x[idx].T @ (x[idx] @ w - target[idx])) / batch
science_program_v2/directions/D9_minibatch_noise/studies/r029_lower_eta_paired/executed/run.py:64: RuntimeWarning: invalid value encountered in matmul
  w -= 2 * lr * (x[idx].T @ (x[idx] @ w - target[idx])) / batch
science_program_v2/directions/D9_minibatch_noise/studies/r029_lower_eta_paired/executed/run.py:70: RuntimeWarning: divide by zero encountered in matmul
  eigenvalues, vectors = np.linalg.eigh(x @ x.T / n)
science_program_v2/directions/D9_minibatch_noise/studies/r029_lower_eta_paired/executed/run.py:70: RuntimeWarning: overflow encountered in matmul
  eigenvalues, vectors = np.linalg.eigh(x @ x.T / n)
science_program_v2/directions/D9_minibatch_noise/studies/r029_lower_eta_paired/executed/run.py:70: RuntimeWarning: invalid value encountered in matmul
  eigenvalues, vectors = np.linalg.eigh(x @ x.T / n)
science_program_v2/directions/D9_minibatch_noise/studies/r029_lower_eta_paired/executed/run.py:72: RuntimeWarning: divide by zero encountered in matmul
  spectral_map = x.T @ vectors / n
science_program_v2/directions/D9_minibatch_noise/studies/r029_lower_eta_paired/executed/run.py:72: RuntimeWarning: overflow encountered in matmul
  spectral_map = x.T @ vectors / n
science_program_v2/directions/D9_minibatch_noise/studies/r029_lower_eta_paired/executed/run.py:72: RuntimeWarning: invalid value encountered in matmul
  spectral_map = x.T @ vectors / n
science_program_v2/directions/D9_minibatch_noise/studies/r029_lower_eta_paired/executed/run.py:73: RuntimeWarning: divide by zero encountered in matmul
  audit_gram = xa.T @ xa / len(xa)
science_program_v2/directions/D9_minibatch_noise/studies/r029_lower_eta_paired/executed/run.py:73: RuntimeWarning: overflow encountered in matmul
  audit_gram = xa.T @ xa / len(xa)
science_program_v2/directions/D9_minibatch_noise/studies/r029_lower_eta_paired/executed/run.py:73: RuntimeWarning: invalid value encountered in matmul
  audit_gram = xa.T @ xa / len(xa)
science_program_v2/directions/D9_minibatch_noise/studies/r029_lower_eta_paired/executed/run.py:74: RuntimeWarning: divide by zero encountered in matmul
  basis_gram = spectral_map.T @ audit_gram @ spectral_map
science_program_v2/directions/D9_minibatch_noise/studies/r029_lower_eta_paired/executed/run.py:74: RuntimeWarning: overflow encountered in matmul
  basis_gram = spectral_map.T @ audit_gram @ spectral_map
science_program_v2/directions/D9_minibatch_noise/studies/r029_lower_eta_paired/executed/run.py:74: RuntimeWarning: invalid value encountered in matmul
  basis_gram = spectral_map.T @ audit_gram @ spectral_map
science_program_v2/directions/D9_minibatch_noise/studies/r029_lower_eta_paired/executed/run.py:80: RuntimeWarning: divide by zero encountered in matmul
  residual = xa @ signal_w - ya
science_program_v2/directions/D9_minibatch_noise/studies/r029_lower_eta_paired/executed/run.py:80: RuntimeWarning: overflow encountered in matmul
  residual = xa @ signal_w - ya
science_program_v2/directions/D9_minibatch_noise/studies/r029_lower_eta_paired/executed/run.py:80: RuntimeWarning: invalid value encountered in matmul
  residual = xa @ signal_w - ya
science_program_v2/directions/D9_minibatch_noise/studies/r029_lower_eta_paired/executed/run.py:84: RuntimeWarning: divide by zero encountered in matmul
  signal_w -= 2 * lr * x.T @ (x @ signal_w - y) / n
science_program_v2/directions/D9_minibatch_noise/studies/r029_lower_eta_paired/executed/run.py:84: RuntimeWarning: overflow encountered in matmul
  signal_w -= 2 * lr * x.T @ (x @ signal_w - y) / n
science_program_v2/directions/D9_minibatch_noise/studies/r029_lower_eta_paired/executed/run.py:84: RuntimeWarning: invalid value encountered in matmul
  signal_w -= 2 * lr * x.T @ (x @ signal_w - y) / n
{"saved": "n64_seed411_eta0.1_B64_var0.25", "completed": 1, "seconds": 0.1147918749920791}
{"saved": "n64_seed411_eta0.1_B64_var0.5", "completed": 2, "seconds": 0.2134769169933861}
{"saved": "n64_seed411_eta0.1_B64_var1", "completed": 3, "seconds": 0.3146965000050841}
{"saved": "n64_seed411_eta0.1_B32_var0.25", "completed": 4, "seconds": 0.7254858749947743}
{"saved": "n64_seed411_eta0.1_B32_var0.5", "completed": 5, "seconds": 1.1182557919964893}
{"saved": "n64_seed411_eta0.1_B32_var1", "completed": 6, "seconds": 1.509400334005477}
{"saved": "n64_seed411_eta0.1_B8_var0.25", "completed": 7, "seconds": 1.8687271249946207}
{"saved": "n64_seed411_eta0.1_B8_var0.5", "completed": 8, "seconds": 2.2296977499936474}
{"saved": "n64_seed411_eta0.1_B8_var1", "completed": 9, "seconds": 2.5916796249948675}
{"saved": "n64_seed411_eta0.3_B64_var0.25", "completed": 10, "seconds": 2.6238522920029936}
{"saved": "n64_seed411_eta0.3_B64_var0.5", "completed": 11, "seconds": 2.6592022919940064}
{"saved": "n64_seed411_eta0.3_B64_var1", "completed": 12, "seconds": 2.6932430419983575}
{"saved": "n64_seed412_eta0.1_B64_var0.25", "completed": 13, "seconds": 2.7972276249929564}
{"saved": "n64_seed412_eta0.1_B64_var0.5", "completed": 14, "seconds": 2.8915332089964068}
{"saved": "n64_seed412_eta0.1_B64_var1", "completed": 15, "seconds": 2.9872540840005968}
{"saved": "n64_seed412_eta0.1_B32_var0.25", "completed": 16, "seconds": 3.383624833993963}
{"saved": "n64_seed412_eta0.1_B32_var0.5", "completed": 17, "seconds": 3.779118209000444}
{"saved": "n64_seed412_eta0.1_B32_var1", "completed": 18, "seconds": 4.173364250003942}
{"saved": "n64_seed412_eta0.1_B8_var0.25", "completed": 19, "seconds": 4.531535917005385}
{"saved": "n64_seed412_eta0.1_B8_var0.5", "completed": 20, "seconds": 4.887474999995902}
{"saved": "n64_seed412_eta0.1_B8_var1", "completed": 21, "seconds": 5.244291416995111}
{"saved": "n64_seed412_eta0.3_B64_var0.25", "completed": 22, "seconds": 5.278952916996786}
{"saved": "n64_seed412_eta0.3_B64_var0.5", "completed": 23, "seconds": 5.3118819590017665}
{"saved": "n64_seed412_eta0.3_B64_var1", "completed": 24, "seconds": 5.347536208995734}
{"saved": "n64_seed413_eta0.1_B64_var0.25", "completed": 25, "seconds": 5.455053666999447}
{"saved": "n64_seed413_eta0.1_B64_var0.5", "completed": 26, "seconds": 5.554376083993702}
{"saved": "n64_seed413_eta0.1_B64_var1", "completed": 27, "seconds": 5.667631459000404}
{"saved": "n64_seed413_eta0.1_B32_var0.25", "completed": 28, "seconds": 6.082111041992903}
{"saved": "n64_seed413_eta0.1_B32_var0.5", "completed": 29, "seconds": 6.473785958994995}
{"saved": "n64_seed413_eta0.1_B32_var1", "completed": 30, "seconds": 6.897562750003999}
{"saved": "n64_seed413_eta0.1_B8_var0.25", "completed": 31, "seconds": 7.256799334005336}
{"saved": "n64_seed413_eta0.1_B8_var0.5", "completed": 32, "seconds": 7.6311399590049405}
{"saved": "n64_seed413_eta0.1_B8_var1", "completed": 33, "seconds": 7.9887129169947}
{"saved": "n64_seed413_eta0.3_B64_var0.25", "completed": 34, "seconds": 8.02101391699398}
{"saved": "n64_seed413_eta0.3_B64_var0.5", "completed": 35, "seconds": 8.054864374993485}
{"saved": "n64_seed413_eta0.3_B64_var1", "completed": 36, "seconds": 8.09038683399558}
{"saved": "n64_seed414_eta0.1_B64_var0.25", "completed": 37, "seconds": 8.188156417003484}
{"saved": "n64_seed414_eta0.1_B64_var0.5", "completed": 38, "seconds": 8.289690999998129}
{"saved": "n64_seed414_eta0.1_B64_var1", "completed": 39, "seconds": 8.384713666993775}
{"saved": "n64_seed414_eta0.1_B32_var0.25", "completed": 40, "seconds": 8.787583541998174}
{"saved": "n64_seed414_eta0.1_B32_var0.5", "completed": 41, "seconds": 9.194829375002882}
{"saved": "n64_seed414_eta0.1_B32_var1", "completed": 42, "seconds": 9.592228416993748}
{"saved": "n64_seed414_eta0.1_B8_var0.25", "completed": 43, "seconds": 9.955080166997504}
{"saved": "n64_seed414_eta0.1_B8_var0.5", "completed": 44, "seconds": 10.315476542004035}
{"saved": "n64_seed414_eta0.1_B8_var1", "completed": 45, "seconds": 10.675919000001159}
{"saved": "n64_seed414_eta0.3_B64_var0.25", "completed": 46, "seconds": 10.71167095900455}
{"saved": "n64_seed414_eta0.3_B64_var0.5", "completed": 47, "seconds": 10.747142291991622}
{"saved": "n64_seed414_eta0.3_B64_var1", "completed": 48, "seconds": 10.77950512499956}
