science_program_v2/directions/D9_minibatch_noise/studies/r029_lower_eta_paired/executed/verify.py:27: RuntimeWarning: divide by zero encountered in matmul
  direct = np.mean((data['audit_features'] @ arrays['final_heads'].T - data['audit_y'][:, None]) ** 2, axis=0)
science_program_v2/directions/D9_minibatch_noise/studies/r029_lower_eta_paired/executed/verify.py:27: RuntimeWarning: overflow encountered in matmul
  direct = np.mean((data['audit_features'] @ arrays['final_heads'].T - data['audit_y'][:, None]) ** 2, axis=0)
science_program_v2/directions/D9_minibatch_noise/studies/r029_lower_eta_paired/executed/verify.py:27: RuntimeWarning: invalid value encountered in matmul
  direct = np.mean((data['audit_features'] @ arrays['final_heads'].T - data['audit_y'][:, None]) ** 2, axis=0)
science_program_v2/directions/D9_minibatch_noise/studies/r029_lower_eta_paired/executed/verify.py:40: RuntimeWarning: divide by zero encountered in matmul
  e, v = np.linalg.eigh(x @ x.T / 64)
science_program_v2/directions/D9_minibatch_noise/studies/r029_lower_eta_paired/executed/verify.py:40: RuntimeWarning: overflow encountered in matmul
  e, v = np.linalg.eigh(x @ x.T / 64)
science_program_v2/directions/D9_minibatch_noise/studies/r029_lower_eta_paired/executed/verify.py:40: RuntimeWarning: invalid value encountered in matmul
  e, v = np.linalg.eigh(x @ x.T / 64)
science_program_v2/directions/D9_minibatch_noise/studies/r029_lower_eta_paired/executed/verify.py:45: RuntimeWarning: divide by zero encountered in matmul
  transfer = (data['audit_features'] @ x.T @ v) / 64
science_program_v2/directions/D9_minibatch_noise/studies/r029_lower_eta_paired/executed/verify.py:45: RuntimeWarning: overflow encountered in matmul
  transfer = (data['audit_features'] @ x.T @ v) / 64
science_program_v2/directions/D9_minibatch_noise/studies/r029_lower_eta_paired/executed/verify.py:45: RuntimeWarning: invalid value encountered in matmul
  transfer = (data['audit_features'] @ x.T @ v) / 64
science_program_v2/directions/D9_minibatch_noise/studies/r029_lower_eta_paired/executed/verify.py:46: RuntimeWarning: divide by zero encountered in matmul
  signal_pred = transfer @ (factors * (v.T @ data['train_y'])).T
science_program_v2/directions/D9_minibatch_noise/studies/r029_lower_eta_paired/executed/verify.py:46: RuntimeWarning: overflow encountered in matmul
  signal_pred = transfer @ (factors * (v.T @ data['train_y'])).T
science_program_v2/directions/D9_minibatch_noise/studies/r029_lower_eta_paired/executed/verify.py:46: RuntimeWarning: invalid value encountered in matmul
  signal_pred = transfer @ (factors * (v.T @ data['train_y'])).T
science_program_v2/directions/D9_minibatch_noise/studies/r029_lower_eta_paired/executed/verify.py:48: RuntimeWarning: divide by zero encountered in matmul
  variance = np.mean(transfer * transfer, axis=0) @ (factors * factors).T
science_program_v2/directions/D9_minibatch_noise/studies/r029_lower_eta_paired/executed/verify.py:48: RuntimeWarning: overflow encountered in matmul
  variance = np.mean(transfer * transfer, axis=0) @ (factors * factors).T
science_program_v2/directions/D9_minibatch_noise/studies/r029_lower_eta_paired/executed/verify.py:48: RuntimeWarning: invalid value encountered in matmul
  variance = np.mean(transfer * transfer, axis=0) @ (factors * factors).T
science_program_v2/directions/D9_minibatch_noise/studies/r029_lower_eta_paired/executed/verify.py:27: RuntimeWarning: divide by zero encountered in matmul
  direct = np.mean((data['audit_features'] @ arrays['final_heads'].T - data['audit_y'][:, None]) ** 2, axis=0)
science_program_v2/directions/D9_minibatch_noise/studies/r029_lower_eta_paired/executed/verify.py:27: RuntimeWarning: overflow encountered in matmul
  direct = np.mean((data['audit_features'] @ arrays['final_heads'].T - data['audit_y'][:, None]) ** 2, axis=0)
science_program_v2/directions/D9_minibatch_noise/studies/r029_lower_eta_paired/executed/verify.py:27: RuntimeWarning: invalid value encountered in matmul
  direct = np.mean((data['audit_features'] @ arrays['final_heads'].T - data['audit_y'][:, None]) ** 2, axis=0)
science_program_v2/directions/D9_minibatch_noise/studies/r029_lower_eta_paired/executed/verify.py:40: RuntimeWarning: divide by zero encountered in matmul
  e, v = np.linalg.eigh(x @ x.T / 64)
science_program_v2/directions/D9_minibatch_noise/studies/r029_lower_eta_paired/executed/verify.py:40: RuntimeWarning: overflow encountered in matmul
  e, v = np.linalg.eigh(x @ x.T / 64)
science_program_v2/directions/D9_minibatch_noise/studies/r029_lower_eta_paired/executed/verify.py:40: RuntimeWarning: invalid value encountered in matmul
  e, v = np.linalg.eigh(x @ x.T / 64)
science_program_v2/directions/D9_minibatch_noise/studies/r029_lower_eta_paired/executed/verify.py:45: RuntimeWarning: divide by zero encountered in matmul
  transfer = (data['audit_features'] @ x.T @ v) / 64
science_program_v2/directions/D9_minibatch_noise/studies/r029_lower_eta_paired/executed/verify.py:45: RuntimeWarning: overflow encountered in matmul
  transfer = (data['audit_features'] @ x.T @ v) / 64
science_program_v2/directions/D9_minibatch_noise/studies/r029_lower_eta_paired/executed/verify.py:45: RuntimeWarning: invalid value encountered in matmul
  transfer = (data['audit_features'] @ x.T @ v) / 64
science_program_v2/directions/D9_minibatch_noise/studies/r029_lower_eta_paired/executed/verify.py:46: RuntimeWarning: divide by zero encountered in matmul
  signal_pred = transfer @ (factors * (v.T @ data['train_y'])).T
science_program_v2/directions/D9_minibatch_noise/studies/r029_lower_eta_paired/executed/verify.py:46: RuntimeWarning: overflow encountered in matmul
  signal_pred = transfer @ (factors * (v.T @ data['train_y'])).T
science_program_v2/directions/D9_minibatch_noise/studies/r029_lower_eta_paired/executed/verify.py:46: RuntimeWarning: invalid value encountered in matmul
  signal_pred = transfer @ (factors * (v.T @ data['train_y'])).T
science_program_v2/directions/D9_minibatch_noise/studies/r029_lower_eta_paired/executed/verify.py:48: RuntimeWarning: divide by zero encountered in matmul
  variance = np.mean(transfer * transfer, axis=0) @ (factors * factors).T
science_program_v2/directions/D9_minibatch_noise/studies/r029_lower_eta_paired/executed/verify.py:48: RuntimeWarning: overflow encountered in matmul
  variance = np.mean(transfer * transfer, axis=0) @ (factors * factors).T
science_program_v2/directions/D9_minibatch_noise/studies/r029_lower_eta_paired/executed/verify.py:48: RuntimeWarning: invalid value encountered in matmul
  variance = np.mean(transfer * transfer, axis=0) @ (factors * factors).T
science_program_v2/directions/D9_minibatch_noise/studies/r029_lower_eta_paired/executed/verify.py:27: RuntimeWarning: divide by zero encountered in matmul
  direct = np.mean((data['audit_features'] @ arrays['final_heads'].T - data['audit_y'][:, None]) ** 2, axis=0)
science_program_v2/directions/D9_minibatch_noise/studies/r029_lower_eta_paired/executed/verify.py:27: RuntimeWarning: overflow encountered in matmul
  direct = np.mean((data['audit_features'] @ arrays['final_heads'].T - data['audit_y'][:, None]) ** 2, axis=0)
science_program_v2/directions/D9_minibatch_noise/studies/r029_lower_eta_paired/executed/verify.py:27: RuntimeWarning: invalid value encountered in matmul
  direct = np.mean((data['audit_features'] @ arrays['final_heads'].T - data['audit_y'][:, None]) ** 2, axis=0)
science_program_v2/directions/D9_minibatch_noise/studies/r029_lower_eta_paired/executed/verify.py:40: RuntimeWarning: divide by zero encountered in matmul
  e, v = np.linalg.eigh(x @ x.T / 64)
science_program_v2/directions/D9_minibatch_noise/studies/r029_lower_eta_paired/executed/verify.py:40: RuntimeWarning: overflow encountered in matmul
  e, v = np.linalg.eigh(x @ x.T / 64)
science_program_v2/directions/D9_minibatch_noise/studies/r029_lower_eta_paired/executed/verify.py:40: RuntimeWarning: invalid value encountered in matmul
  e, v = np.linalg.eigh(x @ x.T / 64)
science_program_v2/directions/D9_minibatch_noise/studies/r029_lower_eta_paired/executed/verify.py:45: RuntimeWarning: divide by zero encountered in matmul
  transfer = (data['audit_features'] @ x.T @ v) / 64
science_program_v2/directions/D9_minibatch_noise/studies/r029_lower_eta_paired/executed/verify.py:45: RuntimeWarning: overflow encountered in matmul
  transfer = (data['audit_features'] @ x.T @ v) / 64
science_program_v2/directions/D9_minibatch_noise/studies/r029_lower_eta_paired/executed/verify.py:45: RuntimeWarning: invalid value encountered in matmul
  transfer = (data['audit_features'] @ x.T @ v) / 64
science_program_v2/directions/D9_minibatch_noise/studies/r029_lower_eta_paired/executed/verify.py:46: RuntimeWarning: divide by zero encountered in matmul
  signal_pred = transfer @ (factors * (v.T @ data['train_y'])).T
science_program_v2/directions/D9_minibatch_noise/studies/r029_lower_eta_paired/executed/verify.py:46: RuntimeWarning: overflow encountered in matmul
  signal_pred = transfer @ (factors * (v.T @ data['train_y'])).T
science_program_v2/directions/D9_minibatch_noise/studies/r029_lower_eta_paired/executed/verify.py:46: RuntimeWarning: invalid value encountered in matmul
  signal_pred = transfer @ (factors * (v.T @ data['train_y'])).T
science_program_v2/directions/D9_minibatch_noise/studies/r029_lower_eta_paired/executed/verify.py:48: RuntimeWarning: divide by zero encountered in matmul
  variance = np.mean(transfer * transfer, axis=0) @ (factors * factors).T
science_program_v2/directions/D9_minibatch_noise/studies/r029_lower_eta_paired/executed/verify.py:48: RuntimeWarning: overflow encountered in matmul
  variance = np.mean(transfer * transfer, axis=0) @ (factors * factors).T
science_program_v2/directions/D9_minibatch_noise/studies/r029_lower_eta_paired/executed/verify.py:48: RuntimeWarning: invalid value encountered in matmul
  variance = np.mean(transfer * transfer, axis=0) @ (factors * factors).T
science_program_v2/directions/D9_minibatch_noise/studies/r029_lower_eta_paired/executed/verify.py:27: RuntimeWarning: divide by zero encountered in matmul
  direct = np.mean((data['audit_features'] @ arrays['final_heads'].T - data['audit_y'][:, None]) ** 2, axis=0)
science_program_v2/directions/D9_minibatch_noise/studies/r029_lower_eta_paired/executed/verify.py:27: RuntimeWarning: overflow encountered in matmul
  direct = np.mean((data['audit_features'] @ arrays['final_heads'].T - data['audit_y'][:, None]) ** 2, axis=0)
science_program_v2/directions/D9_minibatch_noise/studies/r029_lower_eta_paired/executed/verify.py:27: RuntimeWarning: invalid value encountered in matmul
  direct = np.mean((data['audit_features'] @ arrays['final_heads'].T - data['audit_y'][:, None]) ** 2, axis=0)
science_program_v2/directions/D9_minibatch_noise/studies/r029_lower_eta_paired/executed/verify.py:27: RuntimeWarning: divide by zero encountered in matmul
  direct = np.mean((data['audit_features'] @ arrays['final_heads'].T - data['audit_y'][:, None]) ** 2, axis=0)
science_program_v2/directions/D9_minibatch_noise/studies/r029_lower_eta_paired/executed/verify.py:27: RuntimeWarning: overflow encountered in matmul
  direct = np.mean((data['audit_features'] @ arrays['final_heads'].T - data['audit_y'][:, None]) ** 2, axis=0)
science_program_v2/directions/D9_minibatch_noise/studies/r029_lower_eta_paired/executed/verify.py:27: RuntimeWarning: invalid value encountered in matmul
  direct = np.mean((data['audit_features'] @ arrays['final_heads'].T - data['audit_y'][:, None]) ** 2, axis=0)
science_program_v2/directions/D9_minibatch_noise/studies/r029_lower_eta_paired/executed/verify.py:27: RuntimeWarning: divide by zero encountered in matmul
  direct = np.mean((data['audit_features'] @ arrays['final_heads'].T - data['audit_y'][:, None]) ** 2, axis=0)
science_program_v2/directions/D9_minibatch_noise/studies/r029_lower_eta_paired/executed/verify.py:27: RuntimeWarning: overflow encountered in matmul
  direct = np.mean((data['audit_features'] @ arrays['final_heads'].T - data['audit_y'][:, None]) ** 2, axis=0)
science_program_v2/directions/D9_minibatch_noise/studies/r029_lower_eta_paired/executed/verify.py:27: RuntimeWarning: invalid value encountered in matmul
  direct = np.mean((data['audit_features'] @ arrays['final_heads'].T - data['audit_y'][:, None]) ** 2, axis=0)
science_program_v2/directions/D9_minibatch_noise/studies/r029_lower_eta_paired/executed/verify.py:27: RuntimeWarning: divide by zero encountered in matmul
  direct = np.mean((data['audit_features'] @ arrays['final_heads'].T - data['audit_y'][:, None]) ** 2, axis=0)
science_program_v2/directions/D9_minibatch_noise/studies/r029_lower_eta_paired/executed/verify.py:27: RuntimeWarning: overflow encountered in matmul
  direct = np.mean((data['audit_features'] @ arrays['final_heads'].T - data['audit_y'][:, None]) ** 2, axis=0)
science_program_v2/directions/D9_minibatch_noise/studies/r029_lower_eta_paired/executed/verify.py:27: RuntimeWarning: invalid value encountered in matmul
  direct = np.mean((data['audit_features'] @ arrays['final_heads'].T - data['audit_y'][:, None]) ** 2, axis=0)
science_program_v2/directions/D9_minibatch_noise/studies/r029_lower_eta_paired/executed/verify.py:27: RuntimeWarning: divide by zero encountered in matmul
  direct = np.mean((data['audit_features'] @ arrays['final_heads'].T - data['audit_y'][:, None]) ** 2, axis=0)
science_program_v2/directions/D9_minibatch_noise/studies/r029_lower_eta_paired/executed/verify.py:27: RuntimeWarning: overflow encountered in matmul
  direct = np.mean((data['audit_features'] @ arrays['final_heads'].T - data['audit_y'][:, None]) ** 2, axis=0)
science_program_v2/directions/D9_minibatch_noise/studies/r029_lower_eta_paired/executed/verify.py:27: RuntimeWarning: invalid value encountered in matmul
  direct = np.mean((data['audit_features'] @ arrays['final_heads'].T - data['audit_y'][:, None]) ** 2, axis=0)
science_program_v2/directions/D9_minibatch_noise/studies/r029_lower_eta_paired/executed/verify.py:27: RuntimeWarning: divide by zero encountered in matmul
  direct = np.mean((data['audit_features'] @ arrays['final_heads'].T - data['audit_y'][:, None]) ** 2, axis=0)
science_program_v2/directions/D9_minibatch_noise/studies/r029_lower_eta_paired/executed/verify.py:27: RuntimeWarning: overflow encountered in matmul
  direct = np.mean((data['audit_features'] @ arrays['final_heads'].T - data['audit_y'][:, None]) ** 2, axis=0)
science_program_v2/directions/D9_minibatch_noise/studies/r029_lower_eta_paired/executed/verify.py:27: RuntimeWarning: invalid value encountered in matmul
  direct = np.mean((data['audit_features'] @ arrays['final_heads'].T - data['audit_y'][:, None]) ** 2, axis=0)
science_program_v2/directions/D9_minibatch_noise/studies/r029_lower_eta_paired/executed/verify.py:27: RuntimeWarning: divide by zero encountered in matmul
  direct = np.mean((data['audit_features'] @ arrays['final_heads'].T - data['audit_y'][:, None]) ** 2, axis=0)
science_program_v2/directions/D9_minibatch_noise/studies/r029_lower_eta_paired/executed/verify.py:27: RuntimeWarning: overflow encountered in matmul
  direct = np.mean((data['audit_features'] @ arrays['final_heads'].T - data['audit_y'][:, None]) ** 2, axis=0)
science_program_v2/directions/D9_minibatch_noise/studies/r029_lower_eta_paired/executed/verify.py:27: RuntimeWarning: invalid value encountered in matmul
  direct = np.mean((data['audit_features'] @ arrays['final_heads'].T - data['audit_y'][:, None]) ** 2, axis=0)
science_program_v2/directions/D9_minibatch_noise/studies/r029_lower_eta_paired/executed/verify.py:40: RuntimeWarning: divide by zero encountered in matmul
  e, v = np.linalg.eigh(x @ x.T / 64)
science_program_v2/directions/D9_minibatch_noise/studies/r029_lower_eta_paired/executed/verify.py:40: RuntimeWarning: overflow encountered in matmul
  e, v = np.linalg.eigh(x @ x.T / 64)
science_program_v2/directions/D9_minibatch_noise/studies/r029_lower_eta_paired/executed/verify.py:40: RuntimeWarning: invalid value encountered in matmul
  e, v = np.linalg.eigh(x @ x.T / 64)
science_program_v2/directions/D9_minibatch_noise/studies/r029_lower_eta_paired/executed/verify.py:45: RuntimeWarning: divide by zero encountered in matmul
  transfer = (data['audit_features'] @ x.T @ v) / 64
science_program_v2/directions/D9_minibatch_noise/studies/r029_lower_eta_paired/executed/verify.py:45: RuntimeWarning: overflow encountered in matmul
  transfer = (data['audit_features'] @ x.T @ v) / 64
science_program_v2/directions/D9_minibatch_noise/studies/r029_lower_eta_paired/executed/verify.py:45: RuntimeWarning: invalid value encountered in matmul
  transfer = (data['audit_features'] @ x.T @ v) / 64
science_program_v2/directions/D9_minibatch_noise/studies/r029_lower_eta_paired/executed/verify.py:46: RuntimeWarning: divide by zero encountered in matmul
  signal_pred = transfer @ (factors * (v.T @ data['train_y'])).T
science_program_v2/directions/D9_minibatch_noise/studies/r029_lower_eta_paired/executed/verify.py:46: RuntimeWarning: overflow encountered in matmul
  signal_pred = transfer @ (factors * (v.T @ data['train_y'])).T
science_program_v2/directions/D9_minibatch_noise/studies/r029_lower_eta_paired/executed/verify.py:46: RuntimeWarning: invalid value encountered in matmul
  signal_pred = transfer @ (factors * (v.T @ data['train_y'])).T
science_program_v2/directions/D9_minibatch_noise/studies/r029_lower_eta_paired/executed/verify.py:48: RuntimeWarning: divide by zero encountered in matmul
  variance = np.mean(transfer * transfer, axis=0) @ (factors * factors).T
science_program_v2/directions/D9_minibatch_noise/studies/r029_lower_eta_paired/executed/verify.py:48: RuntimeWarning: overflow encountered in matmul
  variance = np.mean(transfer * transfer, axis=0) @ (factors * factors).T
science_program_v2/directions/D9_minibatch_noise/studies/r029_lower_eta_paired/executed/verify.py:48: RuntimeWarning: invalid value encountered in matmul
  variance = np.mean(transfer * transfer, axis=0) @ (factors * factors).T
science_program_v2/directions/D9_minibatch_noise/studies/r029_lower_eta_paired/executed/verify.py:27: RuntimeWarning: divide by zero encountered in matmul
  direct = np.mean((data['audit_features'] @ arrays['final_heads'].T - data['audit_y'][:, None]) ** 2, axis=0)
science_program_v2/directions/D9_minibatch_noise/studies/r029_lower_eta_paired/executed/verify.py:27: RuntimeWarning: overflow encountered in matmul
  direct = np.mean((data['audit_features'] @ arrays['final_heads'].T - data['audit_y'][:, None]) ** 2, axis=0)
science_program_v2/directions/D9_minibatch_noise/studies/r029_lower_eta_paired/executed/verify.py:27: RuntimeWarning: invalid value encountered in matmul
  direct = np.mean((data['audit_features'] @ arrays['final_heads'].T - data['audit_y'][:, None]) ** 2, axis=0)
science_program_v2/directions/D9_minibatch_noise/studies/r029_lower_eta_paired/executed/verify.py:40: RuntimeWarning: divide by zero encountered in matmul
  e, v = np.linalg.eigh(x @ x.T / 64)
science_program_v2/directions/D9_minibatch_noise/studies/r029_lower_eta_paired/executed/verify.py:40: RuntimeWarning: overflow encountered in matmul
  e, v = np.linalg.eigh(x @ x.T / 64)
science_program_v2/directions/D9_minibatch_noise/studies/r029_lower_eta_paired/executed/verify.py:40: RuntimeWarning: invalid value encountered in matmul
  e, v = np.linalg.eigh(x @ x.T / 64)
science_program_v2/directions/D9_minibatch_noise/studies/r029_lower_eta_paired/executed/verify.py:45: RuntimeWarning: divide by zero encountered in matmul
  transfer = (data['audit_features'] @ x.T @ v) / 64
science_program_v2/directions/D9_minibatch_noise/studies/r029_lower_eta_paired/executed/verify.py:45: RuntimeWarning: overflow encountered in matmul
  transfer = (data['audit_features'] @ x.T @ v) / 64
science_program_v2/directions/D9_minibatch_noise/studies/r029_lower_eta_paired/executed/verify.py:45: RuntimeWarning: invalid value encountered in matmul
  transfer = (data['audit_features'] @ x.T @ v) / 64
science_program_v2/directions/D9_minibatch_noise/studies/r029_lower_eta_paired/executed/verify.py:46: RuntimeWarning: divide by zero encountered in matmul
  signal_pred = transfer @ (factors * (v.T @ data['train_y'])).T
science_program_v2/directions/D9_minibatch_noise/studies/r029_lower_eta_paired/executed/verify.py:46: RuntimeWarning: overflow encountered in matmul
  signal_pred = transfer @ (factors * (v.T @ data['train_y'])).T
science_program_v2/directions/D9_minibatch_noise/studies/r029_lower_eta_paired/executed/verify.py:46: RuntimeWarning: invalid value encountered in matmul
  signal_pred = transfer @ (factors * (v.T @ data['train_y'])).T
science_program_v2/directions/D9_minibatch_noise/studies/r029_lower_eta_paired/executed/verify.py:48: RuntimeWarning: divide by zero encountered in matmul
  variance = np.mean(transfer * transfer, axis=0) @ (factors * factors).T
science_program_v2/directions/D9_minibatch_noise/studies/r029_lower_eta_paired/executed/verify.py:48: RuntimeWarning: overflow encountered in matmul
  variance = np.mean(transfer * transfer, axis=0) @ (factors * factors).T
science_program_v2/directions/D9_minibatch_noise/studies/r029_lower_eta_paired/executed/verify.py:48: RuntimeWarning: invalid value encountered in matmul
  variance = np.mean(transfer * transfer, axis=0) @ (factors * factors).T
science_program_v2/directions/D9_minibatch_noise/studies/r029_lower_eta_paired/executed/verify.py:27: RuntimeWarning: divide by zero encountered in matmul
  direct = np.mean((data['audit_features'] @ arrays['final_heads'].T - data['audit_y'][:, None]) ** 2, axis=0)
science_program_v2/directions/D9_minibatch_noise/studies/r029_lower_eta_paired/executed/verify.py:27: RuntimeWarning: overflow encountered in matmul
  direct = np.mean((data['audit_features'] @ arrays['final_heads'].T - data['audit_y'][:, None]) ** 2, axis=0)
science_program_v2/directions/D9_minibatch_noise/studies/r029_lower_eta_paired/executed/verify.py:27: RuntimeWarning: invalid value encountered in matmul
  direct = np.mean((data['audit_features'] @ arrays['final_heads'].T - data['audit_y'][:, None]) ** 2, axis=0)
science_program_v2/directions/D9_minibatch_noise/studies/r029_lower_eta_paired/executed/verify.py:40: RuntimeWarning: divide by zero encountered in matmul
  e, v = np.linalg.eigh(x @ x.T / 64)
science_program_v2/directions/D9_minibatch_noise/studies/r029_lower_eta_paired/executed/verify.py:40: RuntimeWarning: overflow encountered in matmul
  e, v = np.linalg.eigh(x @ x.T / 64)
science_program_v2/directions/D9_minibatch_noise/studies/r029_lower_eta_paired/executed/verify.py:40: RuntimeWarning: invalid value encountered in matmul
  e, v = np.linalg.eigh(x @ x.T / 64)
science_program_v2/directions/D9_minibatch_noise/studies/r029_lower_eta_paired/executed/verify.py:45: RuntimeWarning: divide by zero encountered in matmul
  transfer = (data['audit_features'] @ x.T @ v) / 64
science_program_v2/directions/D9_minibatch_noise/studies/r029_lower_eta_paired/executed/verify.py:45: RuntimeWarning: overflow encountered in matmul
  transfer = (data['audit_features'] @ x.T @ v) / 64
science_program_v2/directions/D9_minibatch_noise/studies/r029_lower_eta_paired/executed/verify.py:45: RuntimeWarning: invalid value encountered in matmul
  transfer = (data['audit_features'] @ x.T @ v) / 64
science_program_v2/directions/D9_minibatch_noise/studies/r029_lower_eta_paired/executed/verify.py:46: RuntimeWarning: divide by zero encountered in matmul
  signal_pred = transfer @ (factors * (v.T @ data['train_y'])).T
science_program_v2/directions/D9_minibatch_noise/studies/r029_lower_eta_paired/executed/verify.py:46: RuntimeWarning: overflow encountered in matmul
  signal_pred = transfer @ (factors * (v.T @ data['train_y'])).T
science_program_v2/directions/D9_minibatch_noise/studies/r029_lower_eta_paired/executed/verify.py:46: RuntimeWarning: invalid value encountered in matmul
  signal_pred = transfer @ (factors * (v.T @ data['train_y'])).T
science_program_v2/directions/D9_minibatch_noise/studies/r029_lower_eta_paired/executed/verify.py:48: RuntimeWarning: divide by zero encountered in matmul
  variance = np.mean(transfer * transfer, axis=0) @ (factors * factors).T
science_program_v2/directions/D9_minibatch_noise/studies/r029_lower_eta_paired/executed/verify.py:48: RuntimeWarning: overflow encountered in matmul
  variance = np.mean(transfer * transfer, axis=0) @ (factors * factors).T
science_program_v2/directions/D9_minibatch_noise/studies/r029_lower_eta_paired/executed/verify.py:48: RuntimeWarning: invalid value encountered in matmul
  variance = np.mean(transfer * transfer, axis=0) @ (factors * factors).T
science_program_v2/directions/D9_minibatch_noise/studies/r029_lower_eta_paired/executed/verify.py:27: RuntimeWarning: divide by zero encountered in matmul
  direct = np.mean((data['audit_features'] @ arrays['final_heads'].T - data['audit_y'][:, None]) ** 2, axis=0)
science_program_v2/directions/D9_minibatch_noise/studies/r029_lower_eta_paired/executed/verify.py:27: RuntimeWarning: overflow encountered in matmul
  direct = np.mean((data['audit_features'] @ arrays['final_heads'].T - data['audit_y'][:, None]) ** 2, axis=0)
science_program_v2/directions/D9_minibatch_noise/studies/r029_lower_eta_paired/executed/verify.py:27: RuntimeWarning: invalid value encountered in matmul
  direct = np.mean((data['audit_features'] @ arrays['final_heads'].T - data['audit_y'][:, None]) ** 2, axis=0)
science_program_v2/directions/D9_minibatch_noise/studies/r029_lower_eta_paired/executed/verify.py:40: RuntimeWarning: divide by zero encountered in matmul
  e, v = np.linalg.eigh(x @ x.T / 64)
science_program_v2/directions/D9_minibatch_noise/studies/r029_lower_eta_paired/executed/verify.py:40: RuntimeWarning: overflow encountered in matmul
  e, v = np.linalg.eigh(x @ x.T / 64)
science_program_v2/directions/D9_minibatch_noise/studies/r029_lower_eta_paired/executed/verify.py:40: RuntimeWarning: invalid value encountered in matmul
  e, v = np.linalg.eigh(x @ x.T / 64)
science_program_v2/directions/D9_minibatch_noise/studies/r029_lower_eta_paired/executed/verify.py:45: RuntimeWarning: divide by zero encountered in matmul
  transfer = (data['audit_features'] @ x.T @ v) / 64
science_program_v2/directions/D9_minibatch_noise/studies/r029_lower_eta_paired/executed/verify.py:45: RuntimeWarning: overflow encountered in matmul
  transfer = (data['audit_features'] @ x.T @ v) / 64
science_program_v2/directions/D9_minibatch_noise/studies/r029_lower_eta_paired/executed/verify.py:45: RuntimeWarning: invalid value encountered in matmul
  transfer = (data['audit_features'] @ x.T @ v) / 64
science_program_v2/directions/D9_minibatch_noise/studies/r029_lower_eta_paired/executed/verify.py:46: RuntimeWarning: divide by zero encountered in matmul
  signal_pred = transfer @ (factors * (v.T @ data['train_y'])).T
science_program_v2/directions/D9_minibatch_noise/studies/r029_lower_eta_paired/executed/verify.py:46: RuntimeWarning: overflow encountered in matmul
  signal_pred = transfer @ (factors * (v.T @ data['train_y'])).T
science_program_v2/directions/D9_minibatch_noise/studies/r029_lower_eta_paired/executed/verify.py:46: RuntimeWarning: invalid value encountered in matmul
  signal_pred = transfer @ (factors * (v.T @ data['train_y'])).T
science_program_v2/directions/D9_minibatch_noise/studies/r029_lower_eta_paired/executed/verify.py:48: RuntimeWarning: divide by zero encountered in matmul
  variance = np.mean(transfer * transfer, axis=0) @ (factors * factors).T
science_program_v2/directions/D9_minibatch_noise/studies/r029_lower_eta_paired/executed/verify.py:48: RuntimeWarning: overflow encountered in matmul
  variance = np.mean(transfer * transfer, axis=0) @ (factors * factors).T
science_program_v2/directions/D9_minibatch_noise/studies/r029_lower_eta_paired/executed/verify.py:48: RuntimeWarning: invalid value encountered in matmul
  variance = np.mean(transfer * transfer, axis=0) @ (factors * factors).T
science_program_v2/directions/D9_minibatch_noise/studies/r029_lower_eta_paired/executed/verify.py:27: RuntimeWarning: divide by zero encountered in matmul
  direct = np.mean((data['audit_features'] @ arrays['final_heads'].T - data['audit_y'][:, None]) ** 2, axis=0)
science_program_v2/directions/D9_minibatch_noise/studies/r029_lower_eta_paired/executed/verify.py:27: RuntimeWarning: overflow encountered in matmul
  direct = np.mean((data['audit_features'] @ arrays['final_heads'].T - data['audit_y'][:, None]) ** 2, axis=0)
science_program_v2/directions/D9_minibatch_noise/studies/r029_lower_eta_paired/executed/verify.py:27: RuntimeWarning: invalid value encountered in matmul
  direct = np.mean((data['audit_features'] @ arrays['final_heads'].T - data['audit_y'][:, None]) ** 2, axis=0)
science_program_v2/directions/D9_minibatch_noise/studies/r029_lower_eta_paired/executed/verify.py:40: RuntimeWarning: divide by zero encountered in matmul
  e, v = np.linalg.eigh(x @ x.T / 64)
science_program_v2/directions/D9_minibatch_noise/studies/r029_lower_eta_paired/executed/verify.py:40: RuntimeWarning: overflow encountered in matmul
  e, v = np.linalg.eigh(x @ x.T / 64)
science_program_v2/directions/D9_minibatch_noise/studies/r029_lower_eta_paired/executed/verify.py:40: RuntimeWarning: invalid value encountered in matmul
  e, v = np.linalg.eigh(x @ x.T / 64)
science_program_v2/directions/D9_minibatch_noise/studies/r029_lower_eta_paired/executed/verify.py:45: RuntimeWarning: divide by zero encountered in matmul
  transfer = (data['audit_features'] @ x.T @ v) / 64
science_program_v2/directions/D9_minibatch_noise/studies/r029_lower_eta_paired/executed/verify.py:45: RuntimeWarning: overflow encountered in matmul
  transfer = (data['audit_features'] @ x.T @ v) / 64
science_program_v2/directions/D9_minibatch_noise/studies/r029_lower_eta_paired/executed/verify.py:45: RuntimeWarning: invalid value encountered in matmul
  transfer = (data['audit_features'] @ x.T @ v) / 64
science_program_v2/directions/D9_minibatch_noise/studies/r029_lower_eta_paired/executed/verify.py:46: RuntimeWarning: divide by zero encountered in matmul
  signal_pred = transfer @ (factors * (v.T @ data['train_y'])).T
science_program_v2/directions/D9_minibatch_noise/studies/r029_lower_eta_paired/executed/verify.py:46: RuntimeWarning: overflow encountered in matmul
  signal_pred = transfer @ (factors * (v.T @ data['train_y'])).T
science_program_v2/directions/D9_minibatch_noise/studies/r029_lower_eta_paired/executed/verify.py:46: RuntimeWarning: invalid value encountered in matmul
  signal_pred = transfer @ (factors * (v.T @ data['train_y'])).T
science_program_v2/directions/D9_minibatch_noise/studies/r029_lower_eta_paired/executed/verify.py:48: RuntimeWarning: divide by zero encountered in matmul
  variance = np.mean(transfer * transfer, axis=0) @ (factors * factors).T
science_program_v2/directions/D9_minibatch_noise/studies/r029_lower_eta_paired/executed/verify.py:48: RuntimeWarning: overflow encountered in matmul
  variance = np.mean(transfer * transfer, axis=0) @ (factors * factors).T
science_program_v2/directions/D9_minibatch_noise/studies/r029_lower_eta_paired/executed/verify.py:48: RuntimeWarning: invalid value encountered in matmul
  variance = np.mean(transfer * transfer, axis=0) @ (factors * factors).T
science_program_v2/directions/D9_minibatch_noise/studies/r029_lower_eta_paired/executed/verify.py:27: RuntimeWarning: divide by zero encountered in matmul
  direct = np.mean((data['audit_features'] @ arrays['final_heads'].T - data['audit_y'][:, None]) ** 2, axis=0)
science_program_v2/directions/D9_minibatch_noise/studies/r029_lower_eta_paired/executed/verify.py:27: RuntimeWarning: overflow encountered in matmul
  direct = np.mean((data['audit_features'] @ arrays['final_heads'].T - data['audit_y'][:, None]) ** 2, axis=0)
science_program_v2/directions/D9_minibatch_noise/studies/r029_lower_eta_paired/executed/verify.py:27: RuntimeWarning: invalid value encountered in matmul
  direct = np.mean((data['audit_features'] @ arrays['final_heads'].T - data['audit_y'][:, None]) ** 2, axis=0)
science_program_v2/directions/D9_minibatch_noise/studies/r029_lower_eta_paired/executed/verify.py:40: RuntimeWarning: divide by zero encountered in matmul
  e, v = np.linalg.eigh(x @ x.T / 64)
science_program_v2/directions/D9_minibatch_noise/studies/r029_lower_eta_paired/executed/verify.py:40: RuntimeWarning: overflow encountered in matmul
  e, v = np.linalg.eigh(x @ x.T / 64)
science_program_v2/directions/D9_minibatch_noise/studies/r029_lower_eta_paired/executed/verify.py:40: RuntimeWarning: invalid value encountered in matmul
  e, v = np.linalg.eigh(x @ x.T / 64)
science_program_v2/directions/D9_minibatch_noise/studies/r029_lower_eta_paired/executed/verify.py:45: RuntimeWarning: divide by zero encountered in matmul
  transfer = (data['audit_features'] @ x.T @ v) / 64
science_program_v2/directions/D9_minibatch_noise/studies/r029_lower_eta_paired/executed/verify.py:45: RuntimeWarning: overflow encountered in matmul
  transfer = (data['audit_features'] @ x.T @ v) / 64
science_program_v2/directions/D9_minibatch_noise/studies/r029_lower_eta_paired/executed/verify.py:45: RuntimeWarning: invalid value encountered in matmul
  transfer = (data['audit_features'] @ x.T @ v) / 64
science_program_v2/directions/D9_minibatch_noise/studies/r029_lower_eta_paired/executed/verify.py:46: RuntimeWarning: divide by zero encountered in matmul
  signal_pred = transfer @ (factors * (v.T @ data['train_y'])).T
science_program_v2/directions/D9_minibatch_noise/studies/r029_lower_eta_paired/executed/verify.py:46: RuntimeWarning: overflow encountered in matmul
  signal_pred = transfer @ (factors * (v.T @ data['train_y'])).T
science_program_v2/directions/D9_minibatch_noise/studies/r029_lower_eta_paired/executed/verify.py:46: RuntimeWarning: invalid value encountered in matmul
  signal_pred = transfer @ (factors * (v.T @ data['train_y'])).T
science_program_v2/directions/D9_minibatch_noise/studies/r029_lower_eta_paired/executed/verify.py:48: RuntimeWarning: divide by zero encountered in matmul
  variance = np.mean(transfer * transfer, axis=0) @ (factors * factors).T
science_program_v2/directions/D9_minibatch_noise/studies/r029_lower_eta_paired/executed/verify.py:48: RuntimeWarning: overflow encountered in matmul
  variance = np.mean(transfer * transfer, axis=0) @ (factors * factors).T
science_program_v2/directions/D9_minibatch_noise/studies/r029_lower_eta_paired/executed/verify.py:48: RuntimeWarning: invalid value encountered in matmul
  variance = np.mean(transfer * transfer, axis=0) @ (factors * factors).T
science_program_v2/directions/D9_minibatch_noise/studies/r029_lower_eta_paired/executed/verify.py:27: RuntimeWarning: divide by zero encountered in matmul
  direct = np.mean((data['audit_features'] @ arrays['final_heads'].T - data['audit_y'][:, None]) ** 2, axis=0)
science_program_v2/directions/D9_minibatch_noise/studies/r029_lower_eta_paired/executed/verify.py:27: RuntimeWarning: overflow encountered in matmul
  direct = np.mean((data['audit_features'] @ arrays['final_heads'].T - data['audit_y'][:, None]) ** 2, axis=0)
science_program_v2/directions/D9_minibatch_noise/studies/r029_lower_eta_paired/executed/verify.py:27: RuntimeWarning: invalid value encountered in matmul
  direct = np.mean((data['audit_features'] @ arrays['final_heads'].T - data['audit_y'][:, None]) ** 2, axis=0)
science_program_v2/directions/D9_minibatch_noise/studies/r029_lower_eta_paired/executed/verify.py:27: RuntimeWarning: divide by zero encountered in matmul
  direct = np.mean((data['audit_features'] @ arrays['final_heads'].T - data['audit_y'][:, None]) ** 2, axis=0)
science_program_v2/directions/D9_minibatch_noise/studies/r029_lower_eta_paired/executed/verify.py:27: RuntimeWarning: overflow encountered in matmul
  direct = np.mean((data['audit_features'] @ arrays['final_heads'].T - data['audit_y'][:, None]) ** 2, axis=0)
science_program_v2/directions/D9_minibatch_noise/studies/r029_lower_eta_paired/executed/verify.py:27: RuntimeWarning: invalid value encountered in matmul
  direct = np.mean((data['audit_features'] @ arrays['final_heads'].T - data['audit_y'][:, None]) ** 2, axis=0)
science_program_v2/directions/D9_minibatch_noise/studies/r029_lower_eta_paired/executed/verify.py:27: RuntimeWarning: divide by zero encountered in matmul
  direct = np.mean((data['audit_features'] @ arrays['final_heads'].T - data['audit_y'][:, None]) ** 2, axis=0)
science_program_v2/directions/D9_minibatch_noise/studies/r029_lower_eta_paired/executed/verify.py:27: RuntimeWarning: overflow encountered in matmul
  direct = np.mean((data['audit_features'] @ arrays['final_heads'].T - data['audit_y'][:, None]) ** 2, axis=0)
science_program_v2/directions/D9_minibatch_noise/studies/r029_lower_eta_paired/executed/verify.py:27: RuntimeWarning: invalid value encountered in matmul
  direct = np.mean((data['audit_features'] @ arrays['final_heads'].T - data['audit_y'][:, None]) ** 2, axis=0)
science_program_v2/directions/D9_minibatch_noise/studies/r029_lower_eta_paired/executed/verify.py:27: RuntimeWarning: divide by zero encountered in matmul
  direct = np.mean((data['audit_features'] @ arrays['final_heads'].T - data['audit_y'][:, None]) ** 2, axis=0)
science_program_v2/directions/D9_minibatch_noise/studies/r029_lower_eta_paired/executed/verify.py:27: RuntimeWarning: overflow encountered in matmul
  direct = np.mean((data['audit_features'] @ arrays['final_heads'].T - data['audit_y'][:, None]) ** 2, axis=0)
science_program_v2/directions/D9_minibatch_noise/studies/r029_lower_eta_paired/executed/verify.py:27: RuntimeWarning: invalid value encountered in matmul
  direct = np.mean((data['audit_features'] @ arrays['final_heads'].T - data['audit_y'][:, None]) ** 2, axis=0)
science_program_v2/directions/D9_minibatch_noise/studies/r029_lower_eta_paired/executed/verify.py:27: RuntimeWarning: divide by zero encountered in matmul
  direct = np.mean((data['audit_features'] @ arrays['final_heads'].T - data['audit_y'][:, None]) ** 2, axis=0)
science_program_v2/directions/D9_minibatch_noise/studies/r029_lower_eta_paired/executed/verify.py:27: RuntimeWarning: overflow encountered in matmul
  direct = np.mean((data['audit_features'] @ arrays['final_heads'].T - data['audit_y'][:, None]) ** 2, axis=0)
science_program_v2/directions/D9_minibatch_noise/studies/r029_lower_eta_paired/executed/verify.py:27: RuntimeWarning: invalid value encountered in matmul
  direct = np.mean((data['audit_features'] @ arrays['final_heads'].T - data['audit_y'][:, None]) ** 2, axis=0)
science_program_v2/directions/D9_minibatch_noise/studies/r029_lower_eta_paired/executed/verify.py:27: RuntimeWarning: divide by zero encountered in matmul
  direct = np.mean((data['audit_features'] @ arrays['final_heads'].T - data['audit_y'][:, None]) ** 2, axis=0)
science_program_v2/directions/D9_minibatch_noise/studies/r029_lower_eta_paired/executed/verify.py:27: RuntimeWarning: overflow encountered in matmul
  direct = np.mean((data['audit_features'] @ arrays['final_heads'].T - data['audit_y'][:, None]) ** 2, axis=0)
science_program_v2/directions/D9_minibatch_noise/studies/r029_lower_eta_paired/executed/verify.py:27: RuntimeWarning: invalid value encountered in matmul
  direct = np.mean((data['audit_features'] @ arrays['final_heads'].T - data['audit_y'][:, None]) ** 2, axis=0)
science_program_v2/directions/D9_minibatch_noise/studies/r029_lower_eta_paired/executed/verify.py:27: RuntimeWarning: divide by zero encountered in matmul
  direct = np.mean((data['audit_features'] @ arrays['final_heads'].T - data['audit_y'][:, None]) ** 2, axis=0)
science_program_v2/directions/D9_minibatch_noise/studies/r029_lower_eta_paired/executed/verify.py:27: RuntimeWarning: overflow encountered in matmul
  direct = np.mean((data['audit_features'] @ arrays['final_heads'].T - data['audit_y'][:, None]) ** 2, axis=0)
science_program_v2/directions/D9_minibatch_noise/studies/r029_lower_eta_paired/executed/verify.py:27: RuntimeWarning: invalid value encountered in matmul
  direct = np.mean((data['audit_features'] @ arrays['final_heads'].T - data['audit_y'][:, None]) ** 2, axis=0)
science_program_v2/directions/D9_minibatch_noise/studies/r029_lower_eta_paired/executed/verify.py:40: RuntimeWarning: divide by zero encountered in matmul
  e, v = np.linalg.eigh(x @ x.T / 64)
science_program_v2/directions/D9_minibatch_noise/studies/r029_lower_eta_paired/executed/verify.py:40: RuntimeWarning: overflow encountered in matmul
  e, v = np.linalg.eigh(x @ x.T / 64)
science_program_v2/directions/D9_minibatch_noise/studies/r029_lower_eta_paired/executed/verify.py:40: RuntimeWarning: invalid value encountered in matmul
  e, v = np.linalg.eigh(x @ x.T / 64)
science_program_v2/directions/D9_minibatch_noise/studies/r029_lower_eta_paired/executed/verify.py:45: RuntimeWarning: divide by zero encountered in matmul
  transfer = (data['audit_features'] @ x.T @ v) / 64
science_program_v2/directions/D9_minibatch_noise/studies/r029_lower_eta_paired/executed/verify.py:45: RuntimeWarning: overflow encountered in matmul
  transfer = (data['audit_features'] @ x.T @ v) / 64
science_program_v2/directions/D9_minibatch_noise/studies/r029_lower_eta_paired/executed/verify.py:45: RuntimeWarning: invalid value encountered in matmul
  transfer = (data['audit_features'] @ x.T @ v) / 64
science_program_v2/directions/D9_minibatch_noise/studies/r029_lower_eta_paired/executed/verify.py:46: RuntimeWarning: divide by zero encountered in matmul
  signal_pred = transfer @ (factors * (v.T @ data['train_y'])).T
science_program_v2/directions/D9_minibatch_noise/studies/r029_lower_eta_paired/executed/verify.py:46: RuntimeWarning: overflow encountered in matmul
  signal_pred = transfer @ (factors * (v.T @ data['train_y'])).T
science_program_v2/directions/D9_minibatch_noise/studies/r029_lower_eta_paired/executed/verify.py:46: RuntimeWarning: invalid value encountered in matmul
  signal_pred = transfer @ (factors * (v.T @ data['train_y'])).T
science_program_v2/directions/D9_minibatch_noise/studies/r029_lower_eta_paired/executed/verify.py:48: RuntimeWarning: divide by zero encountered in matmul
  variance = np.mean(transfer * transfer, axis=0) @ (factors * factors).T
science_program_v2/directions/D9_minibatch_noise/studies/r029_lower_eta_paired/executed/verify.py:48: RuntimeWarning: overflow encountered in matmul
  variance = np.mean(transfer * transfer, axis=0) @ (factors * factors).T
science_program_v2/directions/D9_minibatch_noise/studies/r029_lower_eta_paired/executed/verify.py:48: RuntimeWarning: invalid value encountered in matmul
  variance = np.mean(transfer * transfer, axis=0) @ (factors * factors).T
science_program_v2/directions/D9_minibatch_noise/studies/r029_lower_eta_paired/executed/verify.py:27: RuntimeWarning: divide by zero encountered in matmul
  direct = np.mean((data['audit_features'] @ arrays['final_heads'].T - data['audit_y'][:, None]) ** 2, axis=0)
science_program_v2/directions/D9_minibatch_noise/studies/r029_lower_eta_paired/executed/verify.py:27: RuntimeWarning: overflow encountered in matmul
  direct = np.mean((data['audit_features'] @ arrays['final_heads'].T - data['audit_y'][:, None]) ** 2, axis=0)
science_program_v2/directions/D9_minibatch_noise/studies/r029_lower_eta_paired/executed/verify.py:27: RuntimeWarning: invalid value encountered in matmul
  direct = np.mean((data['audit_features'] @ arrays['final_heads'].T - data['audit_y'][:, None]) ** 2, axis=0)
science_program_v2/directions/D9_minibatch_noise/studies/r029_lower_eta_paired/executed/verify.py:40: RuntimeWarning: divide by zero encountered in matmul
  e, v = np.linalg.eigh(x @ x.T / 64)
science_program_v2/directions/D9_minibatch_noise/studies/r029_lower_eta_paired/executed/verify.py:40: RuntimeWarning: overflow encountered in matmul
  e, v = np.linalg.eigh(x @ x.T / 64)
science_program_v2/directions/D9_minibatch_noise/studies/r029_lower_eta_paired/executed/verify.py:40: RuntimeWarning: invalid value encountered in matmul
  e, v = np.linalg.eigh(x @ x.T / 64)
science_program_v2/directions/D9_minibatch_noise/studies/r029_lower_eta_paired/executed/verify.py:45: RuntimeWarning: divide by zero encountered in matmul
  transfer = (data['audit_features'] @ x.T @ v) / 64
science_program_v2/directions/D9_minibatch_noise/studies/r029_lower_eta_paired/executed/verify.py:45: RuntimeWarning: overflow encountered in matmul
  transfer = (data['audit_features'] @ x.T @ v) / 64
science_program_v2/directions/D9_minibatch_noise/studies/r029_lower_eta_paired/executed/verify.py:45: RuntimeWarning: invalid value encountered in matmul
  transfer = (data['audit_features'] @ x.T @ v) / 64
science_program_v2/directions/D9_minibatch_noise/studies/r029_lower_eta_paired/executed/verify.py:46: RuntimeWarning: divide by zero encountered in matmul
  signal_pred = transfer @ (factors * (v.T @ data['train_y'])).T
science_program_v2/directions/D9_minibatch_noise/studies/r029_lower_eta_paired/executed/verify.py:46: RuntimeWarning: overflow encountered in matmul
  signal_pred = transfer @ (factors * (v.T @ data['train_y'])).T
science_program_v2/directions/D9_minibatch_noise/studies/r029_lower_eta_paired/executed/verify.py:46: RuntimeWarning: invalid value encountered in matmul
  signal_pred = transfer @ (factors * (v.T @ data['train_y'])).T
science_program_v2/directions/D9_minibatch_noise/studies/r029_lower_eta_paired/executed/verify.py:48: RuntimeWarning: divide by zero encountered in matmul
  variance = np.mean(transfer * transfer, axis=0) @ (factors * factors).T
science_program_v2/directions/D9_minibatch_noise/studies/r029_lower_eta_paired/executed/verify.py:48: RuntimeWarning: overflow encountered in matmul
  variance = np.mean(transfer * transfer, axis=0) @ (factors * factors).T
science_program_v2/directions/D9_minibatch_noise/studies/r029_lower_eta_paired/executed/verify.py:48: RuntimeWarning: invalid value encountered in matmul
  variance = np.mean(transfer * transfer, axis=0) @ (factors * factors).T
science_program_v2/directions/D9_minibatch_noise/studies/r029_lower_eta_paired/executed/verify.py:27: RuntimeWarning: divide by zero encountered in matmul
  direct = np.mean((data['audit_features'] @ arrays['final_heads'].T - data['audit_y'][:, None]) ** 2, axis=0)
science_program_v2/directions/D9_minibatch_noise/studies/r029_lower_eta_paired/executed/verify.py:27: RuntimeWarning: overflow encountered in matmul
  direct = np.mean((data['audit_features'] @ arrays['final_heads'].T - data['audit_y'][:, None]) ** 2, axis=0)
science_program_v2/directions/D9_minibatch_noise/studies/r029_lower_eta_paired/executed/verify.py:27: RuntimeWarning: invalid value encountered in matmul
  direct = np.mean((data['audit_features'] @ arrays['final_heads'].T - data['audit_y'][:, None]) ** 2, axis=0)
science_program_v2/directions/D9_minibatch_noise/studies/r029_lower_eta_paired/executed/verify.py:40: RuntimeWarning: divide by zero encountered in matmul
  e, v = np.linalg.eigh(x @ x.T / 64)
science_program_v2/directions/D9_minibatch_noise/studies/r029_lower_eta_paired/executed/verify.py:40: RuntimeWarning: overflow encountered in matmul
  e, v = np.linalg.eigh(x @ x.T / 64)
science_program_v2/directions/D9_minibatch_noise/studies/r029_lower_eta_paired/executed/verify.py:40: RuntimeWarning: invalid value encountered in matmul
  e, v = np.linalg.eigh(x @ x.T / 64)
science_program_v2/directions/D9_minibatch_noise/studies/r029_lower_eta_paired/executed/verify.py:45: RuntimeWarning: divide by zero encountered in matmul
  transfer = (data['audit_features'] @ x.T @ v) / 64
science_program_v2/directions/D9_minibatch_noise/studies/r029_lower_eta_paired/executed/verify.py:45: RuntimeWarning: overflow encountered in matmul
  transfer = (data['audit_features'] @ x.T @ v) / 64
science_program_v2/directions/D9_minibatch_noise/studies/r029_lower_eta_paired/executed/verify.py:45: RuntimeWarning: invalid value encountered in matmul
  transfer = (data['audit_features'] @ x.T @ v) / 64
science_program_v2/directions/D9_minibatch_noise/studies/r029_lower_eta_paired/executed/verify.py:46: RuntimeWarning: divide by zero encountered in matmul
  signal_pred = transfer @ (factors * (v.T @ data['train_y'])).T
science_program_v2/directions/D9_minibatch_noise/studies/r029_lower_eta_paired/executed/verify.py:46: RuntimeWarning: overflow encountered in matmul
  signal_pred = transfer @ (factors * (v.T @ data['train_y'])).T
science_program_v2/directions/D9_minibatch_noise/studies/r029_lower_eta_paired/executed/verify.py:46: RuntimeWarning: invalid value encountered in matmul
  signal_pred = transfer @ (factors * (v.T @ data['train_y'])).T
science_program_v2/directions/D9_minibatch_noise/studies/r029_lower_eta_paired/executed/verify.py:48: RuntimeWarning: divide by zero encountered in matmul
  variance = np.mean(transfer * transfer, axis=0) @ (factors * factors).T
science_program_v2/directions/D9_minibatch_noise/studies/r029_lower_eta_paired/executed/verify.py:48: RuntimeWarning: overflow encountered in matmul
  variance = np.mean(transfer * transfer, axis=0) @ (factors * factors).T
science_program_v2/directions/D9_minibatch_noise/studies/r029_lower_eta_paired/executed/verify.py:48: RuntimeWarning: invalid value encountered in matmul
  variance = np.mean(transfer * transfer, axis=0) @ (factors * factors).T
science_program_v2/directions/D9_minibatch_noise/studies/r029_lower_eta_paired/executed/verify.py:27: RuntimeWarning: divide by zero encountered in matmul
  direct = np.mean((data['audit_features'] @ arrays['final_heads'].T - data['audit_y'][:, None]) ** 2, axis=0)
science_program_v2/directions/D9_minibatch_noise/studies/r029_lower_eta_paired/executed/verify.py:27: RuntimeWarning: overflow encountered in matmul
  direct = np.mean((data['audit_features'] @ arrays['final_heads'].T - data['audit_y'][:, None]) ** 2, axis=0)
science_program_v2/directions/D9_minibatch_noise/studies/r029_lower_eta_paired/executed/verify.py:27: RuntimeWarning: invalid value encountered in matmul
  direct = np.mean((data['audit_features'] @ arrays['final_heads'].T - data['audit_y'][:, None]) ** 2, axis=0)
science_program_v2/directions/D9_minibatch_noise/studies/r029_lower_eta_paired/executed/verify.py:40: RuntimeWarning: divide by zero encountered in matmul
  e, v = np.linalg.eigh(x @ x.T / 64)
science_program_v2/directions/D9_minibatch_noise/studies/r029_lower_eta_paired/executed/verify.py:40: RuntimeWarning: overflow encountered in matmul
  e, v = np.linalg.eigh(x @ x.T / 64)
science_program_v2/directions/D9_minibatch_noise/studies/r029_lower_eta_paired/executed/verify.py:40: RuntimeWarning: invalid value encountered in matmul
  e, v = np.linalg.eigh(x @ x.T / 64)
science_program_v2/directions/D9_minibatch_noise/studies/r029_lower_eta_paired/executed/verify.py:45: RuntimeWarning: divide by zero encountered in matmul
  transfer = (data['audit_features'] @ x.T @ v) / 64
science_program_v2/directions/D9_minibatch_noise/studies/r029_lower_eta_paired/executed/verify.py:45: RuntimeWarning: overflow encountered in matmul
  transfer = (data['audit_features'] @ x.T @ v) / 64
science_program_v2/directions/D9_minibatch_noise/studies/r029_lower_eta_paired/executed/verify.py:45: RuntimeWarning: invalid value encountered in matmul
  transfer = (data['audit_features'] @ x.T @ v) / 64
science_program_v2/directions/D9_minibatch_noise/studies/r029_lower_eta_paired/executed/verify.py:46: RuntimeWarning: divide by zero encountered in matmul
  signal_pred = transfer @ (factors * (v.T @ data['train_y'])).T
science_program_v2/directions/D9_minibatch_noise/studies/r029_lower_eta_paired/executed/verify.py:46: RuntimeWarning: overflow encountered in matmul
  signal_pred = transfer @ (factors * (v.T @ data['train_y'])).T
science_program_v2/directions/D9_minibatch_noise/studies/r029_lower_eta_paired/executed/verify.py:46: RuntimeWarning: invalid value encountered in matmul
  signal_pred = transfer @ (factors * (v.T @ data['train_y'])).T
science_program_v2/directions/D9_minibatch_noise/studies/r029_lower_eta_paired/executed/verify.py:48: RuntimeWarning: divide by zero encountered in matmul
  variance = np.mean(transfer * transfer, axis=0) @ (factors * factors).T
science_program_v2/directions/D9_minibatch_noise/studies/r029_lower_eta_paired/executed/verify.py:48: RuntimeWarning: overflow encountered in matmul
  variance = np.mean(transfer * transfer, axis=0) @ (factors * factors).T
science_program_v2/directions/D9_minibatch_noise/studies/r029_lower_eta_paired/executed/verify.py:48: RuntimeWarning: invalid value encountered in matmul
  variance = np.mean(transfer * transfer, axis=0) @ (factors * factors).T
science_program_v2/directions/D9_minibatch_noise/studies/r029_lower_eta_paired/executed/verify.py:27: RuntimeWarning: divide by zero encountered in matmul
  direct = np.mean((data['audit_features'] @ arrays['final_heads'].T - data['audit_y'][:, None]) ** 2, axis=0)
science_program_v2/directions/D9_minibatch_noise/studies/r029_lower_eta_paired/executed/verify.py:27: RuntimeWarning: overflow encountered in matmul
  direct = np.mean((data['audit_features'] @ arrays['final_heads'].T - data['audit_y'][:, None]) ** 2, axis=0)
science_program_v2/directions/D9_minibatch_noise/studies/r029_lower_eta_paired/executed/verify.py:27: RuntimeWarning: invalid value encountered in matmul
  direct = np.mean((data['audit_features'] @ arrays['final_heads'].T - data['audit_y'][:, None]) ** 2, axis=0)
science_program_v2/directions/D9_minibatch_noise/studies/r029_lower_eta_paired/executed/verify.py:40: RuntimeWarning: divide by zero encountered in matmul
  e, v = np.linalg.eigh(x @ x.T / 64)
science_program_v2/directions/D9_minibatch_noise/studies/r029_lower_eta_paired/executed/verify.py:40: RuntimeWarning: overflow encountered in matmul
  e, v = np.linalg.eigh(x @ x.T / 64)
science_program_v2/directions/D9_minibatch_noise/studies/r029_lower_eta_paired/executed/verify.py:40: RuntimeWarning: invalid value encountered in matmul
  e, v = np.linalg.eigh(x @ x.T / 64)
science_program_v2/directions/D9_minibatch_noise/studies/r029_lower_eta_paired/executed/verify.py:45: RuntimeWarning: divide by zero encountered in matmul
  transfer = (data['audit_features'] @ x.T @ v) / 64
science_program_v2/directions/D9_minibatch_noise/studies/r029_lower_eta_paired/executed/verify.py:45: RuntimeWarning: overflow encountered in matmul
  transfer = (data['audit_features'] @ x.T @ v) / 64
science_program_v2/directions/D9_minibatch_noise/studies/r029_lower_eta_paired/executed/verify.py:45: RuntimeWarning: invalid value encountered in matmul
  transfer = (data['audit_features'] @ x.T @ v) / 64
science_program_v2/directions/D9_minibatch_noise/studies/r029_lower_eta_paired/executed/verify.py:46: RuntimeWarning: divide by zero encountered in matmul
  signal_pred = transfer @ (factors * (v.T @ data['train_y'])).T
science_program_v2/directions/D9_minibatch_noise/studies/r029_lower_eta_paired/executed/verify.py:46: RuntimeWarning: overflow encountered in matmul
  signal_pred = transfer @ (factors * (v.T @ data['train_y'])).T
science_program_v2/directions/D9_minibatch_noise/studies/r029_lower_eta_paired/executed/verify.py:46: RuntimeWarning: invalid value encountered in matmul
  signal_pred = transfer @ (factors * (v.T @ data['train_y'])).T
science_program_v2/directions/D9_minibatch_noise/studies/r029_lower_eta_paired/executed/verify.py:48: RuntimeWarning: divide by zero encountered in matmul
  variance = np.mean(transfer * transfer, axis=0) @ (factors * factors).T
science_program_v2/directions/D9_minibatch_noise/studies/r029_lower_eta_paired/executed/verify.py:48: RuntimeWarning: overflow encountered in matmul
  variance = np.mean(transfer * transfer, axis=0) @ (factors * factors).T
science_program_v2/directions/D9_minibatch_noise/studies/r029_lower_eta_paired/executed/verify.py:48: RuntimeWarning: invalid value encountered in matmul
  variance = np.mean(transfer * transfer, axis=0) @ (factors * factors).T
science_program_v2/directions/D9_minibatch_noise/studies/r029_lower_eta_paired/executed/verify.py:27: RuntimeWarning: divide by zero encountered in matmul
  direct = np.mean((data['audit_features'] @ arrays['final_heads'].T - data['audit_y'][:, None]) ** 2, axis=0)
science_program_v2/directions/D9_minibatch_noise/studies/r029_lower_eta_paired/executed/verify.py:27: RuntimeWarning: overflow encountered in matmul
  direct = np.mean((data['audit_features'] @ arrays['final_heads'].T - data['audit_y'][:, None]) ** 2, axis=0)
science_program_v2/directions/D9_minibatch_noise/studies/r029_lower_eta_paired/executed/verify.py:27: RuntimeWarning: invalid value encountered in matmul
  direct = np.mean((data['audit_features'] @ arrays['final_heads'].T - data['audit_y'][:, None]) ** 2, axis=0)
science_program_v2/directions/D9_minibatch_noise/studies/r029_lower_eta_paired/executed/verify.py:40: RuntimeWarning: divide by zero encountered in matmul
  e, v = np.linalg.eigh(x @ x.T / 64)
science_program_v2/directions/D9_minibatch_noise/studies/r029_lower_eta_paired/executed/verify.py:40: RuntimeWarning: overflow encountered in matmul
  e, v = np.linalg.eigh(x @ x.T / 64)
science_program_v2/directions/D9_minibatch_noise/studies/r029_lower_eta_paired/executed/verify.py:40: RuntimeWarning: invalid value encountered in matmul
  e, v = np.linalg.eigh(x @ x.T / 64)
science_program_v2/directions/D9_minibatch_noise/studies/r029_lower_eta_paired/executed/verify.py:45: RuntimeWarning: divide by zero encountered in matmul
  transfer = (data['audit_features'] @ x.T @ v) / 64
science_program_v2/directions/D9_minibatch_noise/studies/r029_lower_eta_paired/executed/verify.py:45: RuntimeWarning: overflow encountered in matmul
  transfer = (data['audit_features'] @ x.T @ v) / 64
science_program_v2/directions/D9_minibatch_noise/studies/r029_lower_eta_paired/executed/verify.py:45: RuntimeWarning: invalid value encountered in matmul
  transfer = (data['audit_features'] @ x.T @ v) / 64
science_program_v2/directions/D9_minibatch_noise/studies/r029_lower_eta_paired/executed/verify.py:46: RuntimeWarning: divide by zero encountered in matmul
  signal_pred = transfer @ (factors * (v.T @ data['train_y'])).T
science_program_v2/directions/D9_minibatch_noise/studies/r029_lower_eta_paired/executed/verify.py:46: RuntimeWarning: overflow encountered in matmul
  signal_pred = transfer @ (factors * (v.T @ data['train_y'])).T
science_program_v2/directions/D9_minibatch_noise/studies/r029_lower_eta_paired/executed/verify.py:46: RuntimeWarning: invalid value encountered in matmul
  signal_pred = transfer @ (factors * (v.T @ data['train_y'])).T
science_program_v2/directions/D9_minibatch_noise/studies/r029_lower_eta_paired/executed/verify.py:48: RuntimeWarning: divide by zero encountered in matmul
  variance = np.mean(transfer * transfer, axis=0) @ (factors * factors).T
science_program_v2/directions/D9_minibatch_noise/studies/r029_lower_eta_paired/executed/verify.py:48: RuntimeWarning: overflow encountered in matmul
  variance = np.mean(transfer * transfer, axis=0) @ (factors * factors).T
science_program_v2/directions/D9_minibatch_noise/studies/r029_lower_eta_paired/executed/verify.py:48: RuntimeWarning: invalid value encountered in matmul
  variance = np.mean(transfer * transfer, axis=0) @ (factors * factors).T
science_program_v2/directions/D9_minibatch_noise/studies/r029_lower_eta_paired/executed/verify.py:27: RuntimeWarning: divide by zero encountered in matmul
  direct = np.mean((data['audit_features'] @ arrays['final_heads'].T - data['audit_y'][:, None]) ** 2, axis=0)
science_program_v2/directions/D9_minibatch_noise/studies/r029_lower_eta_paired/executed/verify.py:27: RuntimeWarning: overflow encountered in matmul
  direct = np.mean((data['audit_features'] @ arrays['final_heads'].T - data['audit_y'][:, None]) ** 2, axis=0)
science_program_v2/directions/D9_minibatch_noise/studies/r029_lower_eta_paired/executed/verify.py:27: RuntimeWarning: invalid value encountered in matmul
  direct = np.mean((data['audit_features'] @ arrays['final_heads'].T - data['audit_y'][:, None]) ** 2, axis=0)
science_program_v2/directions/D9_minibatch_noise/studies/r029_lower_eta_paired/executed/verify.py:27: RuntimeWarning: divide by zero encountered in matmul
  direct = np.mean((data['audit_features'] @ arrays['final_heads'].T - data['audit_y'][:, None]) ** 2, axis=0)
science_program_v2/directions/D9_minibatch_noise/studies/r029_lower_eta_paired/executed/verify.py:27: RuntimeWarning: overflow encountered in matmul
  direct = np.mean((data['audit_features'] @ arrays['final_heads'].T - data['audit_y'][:, None]) ** 2, axis=0)
science_program_v2/directions/D9_minibatch_noise/studies/r029_lower_eta_paired/executed/verify.py:27: RuntimeWarning: invalid value encountered in matmul
  direct = np.mean((data['audit_features'] @ arrays['final_heads'].T - data['audit_y'][:, None]) ** 2, axis=0)
science_program_v2/directions/D9_minibatch_noise/studies/r029_lower_eta_paired/executed/verify.py:27: RuntimeWarning: divide by zero encountered in matmul
  direct = np.mean((data['audit_features'] @ arrays['final_heads'].T - data['audit_y'][:, None]) ** 2, axis=0)
science_program_v2/directions/D9_minibatch_noise/studies/r029_lower_eta_paired/executed/verify.py:27: RuntimeWarning: overflow encountered in matmul
  direct = np.mean((data['audit_features'] @ arrays['final_heads'].T - data['audit_y'][:, None]) ** 2, axis=0)
science_program_v2/directions/D9_minibatch_noise/studies/r029_lower_eta_paired/executed/verify.py:27: RuntimeWarning: invalid value encountered in matmul
  direct = np.mean((data['audit_features'] @ arrays['final_heads'].T - data['audit_y'][:, None]) ** 2, axis=0)
science_program_v2/directions/D9_minibatch_noise/studies/r029_lower_eta_paired/executed/verify.py:27: RuntimeWarning: divide by zero encountered in matmul
  direct = np.mean((data['audit_features'] @ arrays['final_heads'].T - data['audit_y'][:, None]) ** 2, axis=0)
science_program_v2/directions/D9_minibatch_noise/studies/r029_lower_eta_paired/executed/verify.py:27: RuntimeWarning: overflow encountered in matmul
  direct = np.mean((data['audit_features'] @ arrays['final_heads'].T - data['audit_y'][:, None]) ** 2, axis=0)
science_program_v2/directions/D9_minibatch_noise/studies/r029_lower_eta_paired/executed/verify.py:27: RuntimeWarning: invalid value encountered in matmul
  direct = np.mean((data['audit_features'] @ arrays['final_heads'].T - data['audit_y'][:, None]) ** 2, axis=0)
science_program_v2/directions/D9_minibatch_noise/studies/r029_lower_eta_paired/executed/verify.py:27: RuntimeWarning: divide by zero encountered in matmul
  direct = np.mean((data['audit_features'] @ arrays['final_heads'].T - data['audit_y'][:, None]) ** 2, axis=0)
science_program_v2/directions/D9_minibatch_noise/studies/r029_lower_eta_paired/executed/verify.py:27: RuntimeWarning: overflow encountered in matmul
  direct = np.mean((data['audit_features'] @ arrays['final_heads'].T - data['audit_y'][:, None]) ** 2, axis=0)
science_program_v2/directions/D9_minibatch_noise/studies/r029_lower_eta_paired/executed/verify.py:27: RuntimeWarning: invalid value encountered in matmul
  direct = np.mean((data['audit_features'] @ arrays['final_heads'].T - data['audit_y'][:, None]) ** 2, axis=0)
science_program_v2/directions/D9_minibatch_noise/studies/r029_lower_eta_paired/executed/verify.py:27: RuntimeWarning: divide by zero encountered in matmul
  direct = np.mean((data['audit_features'] @ arrays['final_heads'].T - data['audit_y'][:, None]) ** 2, axis=0)
science_program_v2/directions/D9_minibatch_noise/studies/r029_lower_eta_paired/executed/verify.py:27: RuntimeWarning: overflow encountered in matmul
  direct = np.mean((data['audit_features'] @ arrays['final_heads'].T - data['audit_y'][:, None]) ** 2, axis=0)
science_program_v2/directions/D9_minibatch_noise/studies/r029_lower_eta_paired/executed/verify.py:27: RuntimeWarning: invalid value encountered in matmul
  direct = np.mean((data['audit_features'] @ arrays['final_heads'].T - data['audit_y'][:, None]) ** 2, axis=0)
science_program_v2/directions/D9_minibatch_noise/studies/r029_lower_eta_paired/executed/verify.py:27: RuntimeWarning: divide by zero encountered in matmul
  direct = np.mean((data['audit_features'] @ arrays['final_heads'].T - data['audit_y'][:, None]) ** 2, axis=0)
science_program_v2/directions/D9_minibatch_noise/studies/r029_lower_eta_paired/executed/verify.py:27: RuntimeWarning: overflow encountered in matmul
  direct = np.mean((data['audit_features'] @ arrays['final_heads'].T - data['audit_y'][:, None]) ** 2, axis=0)
science_program_v2/directions/D9_minibatch_noise/studies/r029_lower_eta_paired/executed/verify.py:27: RuntimeWarning: invalid value encountered in matmul
  direct = np.mean((data['audit_features'] @ arrays['final_heads'].T - data['audit_y'][:, None]) ** 2, axis=0)
science_program_v2/directions/D9_minibatch_noise/studies/r029_lower_eta_paired/executed/verify.py:40: RuntimeWarning: divide by zero encountered in matmul
  e, v = np.linalg.eigh(x @ x.T / 64)
science_program_v2/directions/D9_minibatch_noise/studies/r029_lower_eta_paired/executed/verify.py:40: RuntimeWarning: overflow encountered in matmul
  e, v = np.linalg.eigh(x @ x.T / 64)
science_program_v2/directions/D9_minibatch_noise/studies/r029_lower_eta_paired/executed/verify.py:40: RuntimeWarning: invalid value encountered in matmul
  e, v = np.linalg.eigh(x @ x.T / 64)
science_program_v2/directions/D9_minibatch_noise/studies/r029_lower_eta_paired/executed/verify.py:45: RuntimeWarning: divide by zero encountered in matmul
  transfer = (data['audit_features'] @ x.T @ v) / 64
science_program_v2/directions/D9_minibatch_noise/studies/r029_lower_eta_paired/executed/verify.py:45: RuntimeWarning: overflow encountered in matmul
  transfer = (data['audit_features'] @ x.T @ v) / 64
science_program_v2/directions/D9_minibatch_noise/studies/r029_lower_eta_paired/executed/verify.py:45: RuntimeWarning: invalid value encountered in matmul
  transfer = (data['audit_features'] @ x.T @ v) / 64
science_program_v2/directions/D9_minibatch_noise/studies/r029_lower_eta_paired/executed/verify.py:46: RuntimeWarning: divide by zero encountered in matmul
  signal_pred = transfer @ (factors * (v.T @ data['train_y'])).T
science_program_v2/directions/D9_minibatch_noise/studies/r029_lower_eta_paired/executed/verify.py:46: RuntimeWarning: overflow encountered in matmul
  signal_pred = transfer @ (factors * (v.T @ data['train_y'])).T
science_program_v2/directions/D9_minibatch_noise/studies/r029_lower_eta_paired/executed/verify.py:46: RuntimeWarning: invalid value encountered in matmul
  signal_pred = transfer @ (factors * (v.T @ data['train_y'])).T
science_program_v2/directions/D9_minibatch_noise/studies/r029_lower_eta_paired/executed/verify.py:48: RuntimeWarning: divide by zero encountered in matmul
  variance = np.mean(transfer * transfer, axis=0) @ (factors * factors).T
science_program_v2/directions/D9_minibatch_noise/studies/r029_lower_eta_paired/executed/verify.py:48: RuntimeWarning: overflow encountered in matmul
  variance = np.mean(transfer * transfer, axis=0) @ (factors * factors).T
science_program_v2/directions/D9_minibatch_noise/studies/r029_lower_eta_paired/executed/verify.py:48: RuntimeWarning: invalid value encountered in matmul
  variance = np.mean(transfer * transfer, axis=0) @ (factors * factors).T
science_program_v2/directions/D9_minibatch_noise/studies/r029_lower_eta_paired/executed/verify.py:27: RuntimeWarning: divide by zero encountered in matmul
  direct = np.mean((data['audit_features'] @ arrays['final_heads'].T - data['audit_y'][:, None]) ** 2, axis=0)
science_program_v2/directions/D9_minibatch_noise/studies/r029_lower_eta_paired/executed/verify.py:27: RuntimeWarning: overflow encountered in matmul
  direct = np.mean((data['audit_features'] @ arrays['final_heads'].T - data['audit_y'][:, None]) ** 2, axis=0)
science_program_v2/directions/D9_minibatch_noise/studies/r029_lower_eta_paired/executed/verify.py:27: RuntimeWarning: invalid value encountered in matmul
  direct = np.mean((data['audit_features'] @ arrays['final_heads'].T - data['audit_y'][:, None]) ** 2, axis=0)
science_program_v2/directions/D9_minibatch_noise/studies/r029_lower_eta_paired/executed/verify.py:40: RuntimeWarning: divide by zero encountered in matmul
  e, v = np.linalg.eigh(x @ x.T / 64)
science_program_v2/directions/D9_minibatch_noise/studies/r029_lower_eta_paired/executed/verify.py:40: RuntimeWarning: overflow encountered in matmul
  e, v = np.linalg.eigh(x @ x.T / 64)
science_program_v2/directions/D9_minibatch_noise/studies/r029_lower_eta_paired/executed/verify.py:40: RuntimeWarning: invalid value encountered in matmul
  e, v = np.linalg.eigh(x @ x.T / 64)
science_program_v2/directions/D9_minibatch_noise/studies/r029_lower_eta_paired/executed/verify.py:45: RuntimeWarning: divide by zero encountered in matmul
  transfer = (data['audit_features'] @ x.T @ v) / 64
science_program_v2/directions/D9_minibatch_noise/studies/r029_lower_eta_paired/executed/verify.py:45: RuntimeWarning: overflow encountered in matmul
  transfer = (data['audit_features'] @ x.T @ v) / 64
science_program_v2/directions/D9_minibatch_noise/studies/r029_lower_eta_paired/executed/verify.py:45: RuntimeWarning: invalid value encountered in matmul
  transfer = (data['audit_features'] @ x.T @ v) / 64
science_program_v2/directions/D9_minibatch_noise/studies/r029_lower_eta_paired/executed/verify.py:46: RuntimeWarning: divide by zero encountered in matmul
  signal_pred = transfer @ (factors * (v.T @ data['train_y'])).T
science_program_v2/directions/D9_minibatch_noise/studies/r029_lower_eta_paired/executed/verify.py:46: RuntimeWarning: overflow encountered in matmul
  signal_pred = transfer @ (factors * (v.T @ data['train_y'])).T
science_program_v2/directions/D9_minibatch_noise/studies/r029_lower_eta_paired/executed/verify.py:46: RuntimeWarning: invalid value encountered in matmul
  signal_pred = transfer @ (factors * (v.T @ data['train_y'])).T
science_program_v2/directions/D9_minibatch_noise/studies/r029_lower_eta_paired/executed/verify.py:48: RuntimeWarning: divide by zero encountered in matmul
  variance = np.mean(transfer * transfer, axis=0) @ (factors * factors).T
science_program_v2/directions/D9_minibatch_noise/studies/r029_lower_eta_paired/executed/verify.py:48: RuntimeWarning: overflow encountered in matmul
  variance = np.mean(transfer * transfer, axis=0) @ (factors * factors).T
science_program_v2/directions/D9_minibatch_noise/studies/r029_lower_eta_paired/executed/verify.py:48: RuntimeWarning: invalid value encountered in matmul
  variance = np.mean(transfer * transfer, axis=0) @ (factors * factors).T
science_program_v2/directions/D9_minibatch_noise/studies/r029_lower_eta_paired/executed/verify.py:27: RuntimeWarning: divide by zero encountered in matmul
  direct = np.mean((data['audit_features'] @ arrays['final_heads'].T - data['audit_y'][:, None]) ** 2, axis=0)
science_program_v2/directions/D9_minibatch_noise/studies/r029_lower_eta_paired/executed/verify.py:27: RuntimeWarning: overflow encountered in matmul
  direct = np.mean((data['audit_features'] @ arrays['final_heads'].T - data['audit_y'][:, None]) ** 2, axis=0)
science_program_v2/directions/D9_minibatch_noise/studies/r029_lower_eta_paired/executed/verify.py:27: RuntimeWarning: invalid value encountered in matmul
  direct = np.mean((data['audit_features'] @ arrays['final_heads'].T - data['audit_y'][:, None]) ** 2, axis=0)
science_program_v2/directions/D9_minibatch_noise/studies/r029_lower_eta_paired/executed/verify.py:40: RuntimeWarning: divide by zero encountered in matmul
  e, v = np.linalg.eigh(x @ x.T / 64)
science_program_v2/directions/D9_minibatch_noise/studies/r029_lower_eta_paired/executed/verify.py:40: RuntimeWarning: overflow encountered in matmul
  e, v = np.linalg.eigh(x @ x.T / 64)
science_program_v2/directions/D9_minibatch_noise/studies/r029_lower_eta_paired/executed/verify.py:40: RuntimeWarning: invalid value encountered in matmul
  e, v = np.linalg.eigh(x @ x.T / 64)
science_program_v2/directions/D9_minibatch_noise/studies/r029_lower_eta_paired/executed/verify.py:45: RuntimeWarning: divide by zero encountered in matmul
  transfer = (data['audit_features'] @ x.T @ v) / 64
science_program_v2/directions/D9_minibatch_noise/studies/r029_lower_eta_paired/executed/verify.py:45: RuntimeWarning: overflow encountered in matmul
  transfer = (data['audit_features'] @ x.T @ v) / 64
science_program_v2/directions/D9_minibatch_noise/studies/r029_lower_eta_paired/executed/verify.py:45: RuntimeWarning: invalid value encountered in matmul
  transfer = (data['audit_features'] @ x.T @ v) / 64
science_program_v2/directions/D9_minibatch_noise/studies/r029_lower_eta_paired/executed/verify.py:46: RuntimeWarning: divide by zero encountered in matmul
  signal_pred = transfer @ (factors * (v.T @ data['train_y'])).T
science_program_v2/directions/D9_minibatch_noise/studies/r029_lower_eta_paired/executed/verify.py:46: RuntimeWarning: overflow encountered in matmul
  signal_pred = transfer @ (factors * (v.T @ data['train_y'])).T
science_program_v2/directions/D9_minibatch_noise/studies/r029_lower_eta_paired/executed/verify.py:46: RuntimeWarning: invalid value encountered in matmul
  signal_pred = transfer @ (factors * (v.T @ data['train_y'])).T
science_program_v2/directions/D9_minibatch_noise/studies/r029_lower_eta_paired/executed/verify.py:48: RuntimeWarning: divide by zero encountered in matmul
  variance = np.mean(transfer * transfer, axis=0) @ (factors * factors).T
science_program_v2/directions/D9_minibatch_noise/studies/r029_lower_eta_paired/executed/verify.py:48: RuntimeWarning: overflow encountered in matmul
  variance = np.mean(transfer * transfer, axis=0) @ (factors * factors).T
science_program_v2/directions/D9_minibatch_noise/studies/r029_lower_eta_paired/executed/verify.py:48: RuntimeWarning: invalid value encountered in matmul
  variance = np.mean(transfer * transfer, axis=0) @ (factors * factors).T
science_program_v2/directions/D9_minibatch_noise/studies/r029_lower_eta_paired/executed/verify.py:27: RuntimeWarning: divide by zero encountered in matmul
  direct = np.mean((data['audit_features'] @ arrays['final_heads'].T - data['audit_y'][:, None]) ** 2, axis=0)
science_program_v2/directions/D9_minibatch_noise/studies/r029_lower_eta_paired/executed/verify.py:27: RuntimeWarning: overflow encountered in matmul
  direct = np.mean((data['audit_features'] @ arrays['final_heads'].T - data['audit_y'][:, None]) ** 2, axis=0)
science_program_v2/directions/D9_minibatch_noise/studies/r029_lower_eta_paired/executed/verify.py:27: RuntimeWarning: invalid value encountered in matmul
  direct = np.mean((data['audit_features'] @ arrays['final_heads'].T - data['audit_y'][:, None]) ** 2, axis=0)
science_program_v2/directions/D9_minibatch_noise/studies/r029_lower_eta_paired/executed/verify.py:40: RuntimeWarning: divide by zero encountered in matmul
  e, v = np.linalg.eigh(x @ x.T / 64)
science_program_v2/directions/D9_minibatch_noise/studies/r029_lower_eta_paired/executed/verify.py:40: RuntimeWarning: overflow encountered in matmul
  e, v = np.linalg.eigh(x @ x.T / 64)
science_program_v2/directions/D9_minibatch_noise/studies/r029_lower_eta_paired/executed/verify.py:40: RuntimeWarning: invalid value encountered in matmul
  e, v = np.linalg.eigh(x @ x.T / 64)
science_program_v2/directions/D9_minibatch_noise/studies/r029_lower_eta_paired/executed/verify.py:45: RuntimeWarning: divide by zero encountered in matmul
  transfer = (data['audit_features'] @ x.T @ v) / 64
science_program_v2/directions/D9_minibatch_noise/studies/r029_lower_eta_paired/executed/verify.py:45: RuntimeWarning: overflow encountered in matmul
  transfer = (data['audit_features'] @ x.T @ v) / 64
science_program_v2/directions/D9_minibatch_noise/studies/r029_lower_eta_paired/executed/verify.py:45: RuntimeWarning: invalid value encountered in matmul
  transfer = (data['audit_features'] @ x.T @ v) / 64
science_program_v2/directions/D9_minibatch_noise/studies/r029_lower_eta_paired/executed/verify.py:46: RuntimeWarning: divide by zero encountered in matmul
  signal_pred = transfer @ (factors * (v.T @ data['train_y'])).T
science_program_v2/directions/D9_minibatch_noise/studies/r029_lower_eta_paired/executed/verify.py:46: RuntimeWarning: overflow encountered in matmul
  signal_pred = transfer @ (factors * (v.T @ data['train_y'])).T
science_program_v2/directions/D9_minibatch_noise/studies/r029_lower_eta_paired/executed/verify.py:46: RuntimeWarning: invalid value encountered in matmul
  signal_pred = transfer @ (factors * (v.T @ data['train_y'])).T
science_program_v2/directions/D9_minibatch_noise/studies/r029_lower_eta_paired/executed/verify.py:48: RuntimeWarning: divide by zero encountered in matmul
  variance = np.mean(transfer * transfer, axis=0) @ (factors * factors).T
science_program_v2/directions/D9_minibatch_noise/studies/r029_lower_eta_paired/executed/verify.py:48: RuntimeWarning: overflow encountered in matmul
  variance = np.mean(transfer * transfer, axis=0) @ (factors * factors).T
science_program_v2/directions/D9_minibatch_noise/studies/r029_lower_eta_paired/executed/verify.py:48: RuntimeWarning: invalid value encountered in matmul
  variance = np.mean(transfer * transfer, axis=0) @ (factors * factors).T
science_program_v2/directions/D9_minibatch_noise/studies/r029_lower_eta_paired/executed/verify.py:27: RuntimeWarning: divide by zero encountered in matmul
  direct = np.mean((data['audit_features'] @ arrays['final_heads'].T - data['audit_y'][:, None]) ** 2, axis=0)
science_program_v2/directions/D9_minibatch_noise/studies/r029_lower_eta_paired/executed/verify.py:27: RuntimeWarning: overflow encountered in matmul
  direct = np.mean((data['audit_features'] @ arrays['final_heads'].T - data['audit_y'][:, None]) ** 2, axis=0)
science_program_v2/directions/D9_minibatch_noise/studies/r029_lower_eta_paired/executed/verify.py:27: RuntimeWarning: invalid value encountered in matmul
  direct = np.mean((data['audit_features'] @ arrays['final_heads'].T - data['audit_y'][:, None]) ** 2, axis=0)
science_program_v2/directions/D9_minibatch_noise/studies/r029_lower_eta_paired/executed/verify.py:40: RuntimeWarning: divide by zero encountered in matmul
  e, v = np.linalg.eigh(x @ x.T / 64)
science_program_v2/directions/D9_minibatch_noise/studies/r029_lower_eta_paired/executed/verify.py:40: RuntimeWarning: overflow encountered in matmul
  e, v = np.linalg.eigh(x @ x.T / 64)
science_program_v2/directions/D9_minibatch_noise/studies/r029_lower_eta_paired/executed/verify.py:40: RuntimeWarning: invalid value encountered in matmul
  e, v = np.linalg.eigh(x @ x.T / 64)
science_program_v2/directions/D9_minibatch_noise/studies/r029_lower_eta_paired/executed/verify.py:45: RuntimeWarning: divide by zero encountered in matmul
  transfer = (data['audit_features'] @ x.T @ v) / 64
science_program_v2/directions/D9_minibatch_noise/studies/r029_lower_eta_paired/executed/verify.py:45: RuntimeWarning: overflow encountered in matmul
  transfer = (data['audit_features'] @ x.T @ v) / 64
science_program_v2/directions/D9_minibatch_noise/studies/r029_lower_eta_paired/executed/verify.py:45: RuntimeWarning: invalid value encountered in matmul
  transfer = (data['audit_features'] @ x.T @ v) / 64
science_program_v2/directions/D9_minibatch_noise/studies/r029_lower_eta_paired/executed/verify.py:46: RuntimeWarning: divide by zero encountered in matmul
  signal_pred = transfer @ (factors * (v.T @ data['train_y'])).T
science_program_v2/directions/D9_minibatch_noise/studies/r029_lower_eta_paired/executed/verify.py:46: RuntimeWarning: overflow encountered in matmul
  signal_pred = transfer @ (factors * (v.T @ data['train_y'])).T
science_program_v2/directions/D9_minibatch_noise/studies/r029_lower_eta_paired/executed/verify.py:46: RuntimeWarning: invalid value encountered in matmul
  signal_pred = transfer @ (factors * (v.T @ data['train_y'])).T
science_program_v2/directions/D9_minibatch_noise/studies/r029_lower_eta_paired/executed/verify.py:48: RuntimeWarning: divide by zero encountered in matmul
  variance = np.mean(transfer * transfer, axis=0) @ (factors * factors).T
science_program_v2/directions/D9_minibatch_noise/studies/r029_lower_eta_paired/executed/verify.py:48: RuntimeWarning: overflow encountered in matmul
  variance = np.mean(transfer * transfer, axis=0) @ (factors * factors).T
science_program_v2/directions/D9_minibatch_noise/studies/r029_lower_eta_paired/executed/verify.py:48: RuntimeWarning: invalid value encountered in matmul
  variance = np.mean(transfer * transfer, axis=0) @ (factors * factors).T
science_program_v2/directions/D9_minibatch_noise/studies/r029_lower_eta_paired/executed/verify.py:27: RuntimeWarning: divide by zero encountered in matmul
  direct = np.mean((data['audit_features'] @ arrays['final_heads'].T - data['audit_y'][:, None]) ** 2, axis=0)
science_program_v2/directions/D9_minibatch_noise/studies/r029_lower_eta_paired/executed/verify.py:27: RuntimeWarning: overflow encountered in matmul
  direct = np.mean((data['audit_features'] @ arrays['final_heads'].T - data['audit_y'][:, None]) ** 2, axis=0)
science_program_v2/directions/D9_minibatch_noise/studies/r029_lower_eta_paired/executed/verify.py:27: RuntimeWarning: invalid value encountered in matmul
  direct = np.mean((data['audit_features'] @ arrays['final_heads'].T - data['audit_y'][:, None]) ** 2, axis=0)
science_program_v2/directions/D9_minibatch_noise/studies/r029_lower_eta_paired/executed/verify.py:40: RuntimeWarning: divide by zero encountered in matmul
  e, v = np.linalg.eigh(x @ x.T / 64)
science_program_v2/directions/D9_minibatch_noise/studies/r029_lower_eta_paired/executed/verify.py:40: RuntimeWarning: overflow encountered in matmul
  e, v = np.linalg.eigh(x @ x.T / 64)
science_program_v2/directions/D9_minibatch_noise/studies/r029_lower_eta_paired/executed/verify.py:40: RuntimeWarning: invalid value encountered in matmul
  e, v = np.linalg.eigh(x @ x.T / 64)
science_program_v2/directions/D9_minibatch_noise/studies/r029_lower_eta_paired/executed/verify.py:45: RuntimeWarning: divide by zero encountered in matmul
  transfer = (data['audit_features'] @ x.T @ v) / 64
science_program_v2/directions/D9_minibatch_noise/studies/r029_lower_eta_paired/executed/verify.py:45: RuntimeWarning: overflow encountered in matmul
  transfer = (data['audit_features'] @ x.T @ v) / 64
science_program_v2/directions/D9_minibatch_noise/studies/r029_lower_eta_paired/executed/verify.py:45: RuntimeWarning: invalid value encountered in matmul
  transfer = (data['audit_features'] @ x.T @ v) / 64
science_program_v2/directions/D9_minibatch_noise/studies/r029_lower_eta_paired/executed/verify.py:46: RuntimeWarning: divide by zero encountered in matmul
  signal_pred = transfer @ (factors * (v.T @ data['train_y'])).T
science_program_v2/directions/D9_minibatch_noise/studies/r029_lower_eta_paired/executed/verify.py:46: RuntimeWarning: overflow encountered in matmul
  signal_pred = transfer @ (factors * (v.T @ data['train_y'])).T
science_program_v2/directions/D9_minibatch_noise/studies/r029_lower_eta_paired/executed/verify.py:46: RuntimeWarning: invalid value encountered in matmul
  signal_pred = transfer @ (factors * (v.T @ data['train_y'])).T
science_program_v2/directions/D9_minibatch_noise/studies/r029_lower_eta_paired/executed/verify.py:48: RuntimeWarning: divide by zero encountered in matmul
  variance = np.mean(transfer * transfer, axis=0) @ (factors * factors).T
science_program_v2/directions/D9_minibatch_noise/studies/r029_lower_eta_paired/executed/verify.py:48: RuntimeWarning: overflow encountered in matmul
  variance = np.mean(transfer * transfer, axis=0) @ (factors * factors).T
science_program_v2/directions/D9_minibatch_noise/studies/r029_lower_eta_paired/executed/verify.py:48: RuntimeWarning: invalid value encountered in matmul
  variance = np.mean(transfer * transfer, axis=0) @ (factors * factors).T
science_program_v2/directions/D9_minibatch_noise/studies/r029_lower_eta_paired/executed/verify.py:27: RuntimeWarning: divide by zero encountered in matmul
  direct = np.mean((data['audit_features'] @ arrays['final_heads'].T - data['audit_y'][:, None]) ** 2, axis=0)
science_program_v2/directions/D9_minibatch_noise/studies/r029_lower_eta_paired/executed/verify.py:27: RuntimeWarning: overflow encountered in matmul
  direct = np.mean((data['audit_features'] @ arrays['final_heads'].T - data['audit_y'][:, None]) ** 2, axis=0)
science_program_v2/directions/D9_minibatch_noise/studies/r029_lower_eta_paired/executed/verify.py:27: RuntimeWarning: invalid value encountered in matmul
  direct = np.mean((data['audit_features'] @ arrays['final_heads'].T - data['audit_y'][:, None]) ** 2, axis=0)
science_program_v2/directions/D9_minibatch_noise/studies/r029_lower_eta_paired/executed/verify.py:27: RuntimeWarning: divide by zero encountered in matmul
  direct = np.mean((data['audit_features'] @ arrays['final_heads'].T - data['audit_y'][:, None]) ** 2, axis=0)
science_program_v2/directions/D9_minibatch_noise/studies/r029_lower_eta_paired/executed/verify.py:27: RuntimeWarning: overflow encountered in matmul
  direct = np.mean((data['audit_features'] @ arrays['final_heads'].T - data['audit_y'][:, None]) ** 2, axis=0)
science_program_v2/directions/D9_minibatch_noise/studies/r029_lower_eta_paired/executed/verify.py:27: RuntimeWarning: invalid value encountered in matmul
  direct = np.mean((data['audit_features'] @ arrays['final_heads'].T - data['audit_y'][:, None]) ** 2, axis=0)
science_program_v2/directions/D9_minibatch_noise/studies/r029_lower_eta_paired/executed/verify.py:27: RuntimeWarning: divide by zero encountered in matmul
  direct = np.mean((data['audit_features'] @ arrays['final_heads'].T - data['audit_y'][:, None]) ** 2, axis=0)
science_program_v2/directions/D9_minibatch_noise/studies/r029_lower_eta_paired/executed/verify.py:27: RuntimeWarning: overflow encountered in matmul
  direct = np.mean((data['audit_features'] @ arrays['final_heads'].T - data['audit_y'][:, None]) ** 2, axis=0)
science_program_v2/directions/D9_minibatch_noise/studies/r029_lower_eta_paired/executed/verify.py:27: RuntimeWarning: invalid value encountered in matmul
  direct = np.mean((data['audit_features'] @ arrays['final_heads'].T - data['audit_y'][:, None]) ** 2, axis=0)
science_program_v2/directions/D9_minibatch_noise/studies/r029_lower_eta_paired/executed/verify.py:27: RuntimeWarning: divide by zero encountered in matmul
  direct = np.mean((data['audit_features'] @ arrays['final_heads'].T - data['audit_y'][:, None]) ** 2, axis=0)
science_program_v2/directions/D9_minibatch_noise/studies/r029_lower_eta_paired/executed/verify.py:27: RuntimeWarning: overflow encountered in matmul
  direct = np.mean((data['audit_features'] @ arrays['final_heads'].T - data['audit_y'][:, None]) ** 2, axis=0)
science_program_v2/directions/D9_minibatch_noise/studies/r029_lower_eta_paired/executed/verify.py:27: RuntimeWarning: invalid value encountered in matmul
  direct = np.mean((data['audit_features'] @ arrays['final_heads'].T - data['audit_y'][:, None]) ** 2, axis=0)
science_program_v2/directions/D9_minibatch_noise/studies/r029_lower_eta_paired/executed/verify.py:27: RuntimeWarning: divide by zero encountered in matmul
  direct = np.mean((data['audit_features'] @ arrays['final_heads'].T - data['audit_y'][:, None]) ** 2, axis=0)
science_program_v2/directions/D9_minibatch_noise/studies/r029_lower_eta_paired/executed/verify.py:27: RuntimeWarning: overflow encountered in matmul
  direct = np.mean((data['audit_features'] @ arrays['final_heads'].T - data['audit_y'][:, None]) ** 2, axis=0)
science_program_v2/directions/D9_minibatch_noise/studies/r029_lower_eta_paired/executed/verify.py:27: RuntimeWarning: invalid value encountered in matmul
  direct = np.mean((data['audit_features'] @ arrays['final_heads'].T - data['audit_y'][:, None]) ** 2, axis=0)
science_program_v2/directions/D9_minibatch_noise/studies/r029_lower_eta_paired/executed/verify.py:27: RuntimeWarning: divide by zero encountered in matmul
  direct = np.mean((data['audit_features'] @ arrays['final_heads'].T - data['audit_y'][:, None]) ** 2, axis=0)
science_program_v2/directions/D9_minibatch_noise/studies/r029_lower_eta_paired/executed/verify.py:27: RuntimeWarning: overflow encountered in matmul
  direct = np.mean((data['audit_features'] @ arrays['final_heads'].T - data['audit_y'][:, None]) ** 2, axis=0)
science_program_v2/directions/D9_minibatch_noise/studies/r029_lower_eta_paired/executed/verify.py:27: RuntimeWarning: invalid value encountered in matmul
  direct = np.mean((data['audit_features'] @ arrays['final_heads'].T - data['audit_y'][:, None]) ** 2, axis=0)
science_program_v2/directions/D9_minibatch_noise/studies/r029_lower_eta_paired/executed/verify.py:27: RuntimeWarning: divide by zero encountered in matmul
  direct = np.mean((data['audit_features'] @ arrays['final_heads'].T - data['audit_y'][:, None]) ** 2, axis=0)
science_program_v2/directions/D9_minibatch_noise/studies/r029_lower_eta_paired/executed/verify.py:27: RuntimeWarning: overflow encountered in matmul
  direct = np.mean((data['audit_features'] @ arrays['final_heads'].T - data['audit_y'][:, None]) ** 2, axis=0)
science_program_v2/directions/D9_minibatch_noise/studies/r029_lower_eta_paired/executed/verify.py:27: RuntimeWarning: invalid value encountered in matmul
  direct = np.mean((data['audit_features'] @ arrays['final_heads'].T - data['audit_y'][:, None]) ** 2, axis=0)
science_program_v2/directions/D9_minibatch_noise/studies/r029_lower_eta_paired/executed/verify.py:40: RuntimeWarning: divide by zero encountered in matmul
  e, v = np.linalg.eigh(x @ x.T / 64)
science_program_v2/directions/D9_minibatch_noise/studies/r029_lower_eta_paired/executed/verify.py:40: RuntimeWarning: overflow encountered in matmul
  e, v = np.linalg.eigh(x @ x.T / 64)
science_program_v2/directions/D9_minibatch_noise/studies/r029_lower_eta_paired/executed/verify.py:40: RuntimeWarning: invalid value encountered in matmul
  e, v = np.linalg.eigh(x @ x.T / 64)
science_program_v2/directions/D9_minibatch_noise/studies/r029_lower_eta_paired/executed/verify.py:45: RuntimeWarning: divide by zero encountered in matmul
  transfer = (data['audit_features'] @ x.T @ v) / 64
science_program_v2/directions/D9_minibatch_noise/studies/r029_lower_eta_paired/executed/verify.py:45: RuntimeWarning: overflow encountered in matmul
  transfer = (data['audit_features'] @ x.T @ v) / 64
science_program_v2/directions/D9_minibatch_noise/studies/r029_lower_eta_paired/executed/verify.py:45: RuntimeWarning: invalid value encountered in matmul
  transfer = (data['audit_features'] @ x.T @ v) / 64
science_program_v2/directions/D9_minibatch_noise/studies/r029_lower_eta_paired/executed/verify.py:46: RuntimeWarning: divide by zero encountered in matmul
  signal_pred = transfer @ (factors * (v.T @ data['train_y'])).T
science_program_v2/directions/D9_minibatch_noise/studies/r029_lower_eta_paired/executed/verify.py:46: RuntimeWarning: overflow encountered in matmul
  signal_pred = transfer @ (factors * (v.T @ data['train_y'])).T
science_program_v2/directions/D9_minibatch_noise/studies/r029_lower_eta_paired/executed/verify.py:46: RuntimeWarning: invalid value encountered in matmul
  signal_pred = transfer @ (factors * (v.T @ data['train_y'])).T
science_program_v2/directions/D9_minibatch_noise/studies/r029_lower_eta_paired/executed/verify.py:48: RuntimeWarning: divide by zero encountered in matmul
  variance = np.mean(transfer * transfer, axis=0) @ (factors * factors).T
science_program_v2/directions/D9_minibatch_noise/studies/r029_lower_eta_paired/executed/verify.py:48: RuntimeWarning: overflow encountered in matmul
  variance = np.mean(transfer * transfer, axis=0) @ (factors * factors).T
science_program_v2/directions/D9_minibatch_noise/studies/r029_lower_eta_paired/executed/verify.py:48: RuntimeWarning: invalid value encountered in matmul
  variance = np.mean(transfer * transfer, axis=0) @ (factors * factors).T
science_program_v2/directions/D9_minibatch_noise/studies/r029_lower_eta_paired/executed/verify.py:27: RuntimeWarning: divide by zero encountered in matmul
  direct = np.mean((data['audit_features'] @ arrays['final_heads'].T - data['audit_y'][:, None]) ** 2, axis=0)
science_program_v2/directions/D9_minibatch_noise/studies/r029_lower_eta_paired/executed/verify.py:27: RuntimeWarning: overflow encountered in matmul
  direct = np.mean((data['audit_features'] @ arrays['final_heads'].T - data['audit_y'][:, None]) ** 2, axis=0)
science_program_v2/directions/D9_minibatch_noise/studies/r029_lower_eta_paired/executed/verify.py:27: RuntimeWarning: invalid value encountered in matmul
  direct = np.mean((data['audit_features'] @ arrays['final_heads'].T - data['audit_y'][:, None]) ** 2, axis=0)
science_program_v2/directions/D9_minibatch_noise/studies/r029_lower_eta_paired/executed/verify.py:40: RuntimeWarning: divide by zero encountered in matmul
  e, v = np.linalg.eigh(x @ x.T / 64)
science_program_v2/directions/D9_minibatch_noise/studies/r029_lower_eta_paired/executed/verify.py:40: RuntimeWarning: overflow encountered in matmul
  e, v = np.linalg.eigh(x @ x.T / 64)
science_program_v2/directions/D9_minibatch_noise/studies/r029_lower_eta_paired/executed/verify.py:40: RuntimeWarning: invalid value encountered in matmul
  e, v = np.linalg.eigh(x @ x.T / 64)
science_program_v2/directions/D9_minibatch_noise/studies/r029_lower_eta_paired/executed/verify.py:45: RuntimeWarning: divide by zero encountered in matmul
  transfer = (data['audit_features'] @ x.T @ v) / 64
science_program_v2/directions/D9_minibatch_noise/studies/r029_lower_eta_paired/executed/verify.py:45: RuntimeWarning: overflow encountered in matmul
  transfer = (data['audit_features'] @ x.T @ v) / 64
science_program_v2/directions/D9_minibatch_noise/studies/r029_lower_eta_paired/executed/verify.py:45: RuntimeWarning: invalid value encountered in matmul
  transfer = (data['audit_features'] @ x.T @ v) / 64
science_program_v2/directions/D9_minibatch_noise/studies/r029_lower_eta_paired/executed/verify.py:46: RuntimeWarning: divide by zero encountered in matmul
  signal_pred = transfer @ (factors * (v.T @ data['train_y'])).T
science_program_v2/directions/D9_minibatch_noise/studies/r029_lower_eta_paired/executed/verify.py:46: RuntimeWarning: overflow encountered in matmul
  signal_pred = transfer @ (factors * (v.T @ data['train_y'])).T
science_program_v2/directions/D9_minibatch_noise/studies/r029_lower_eta_paired/executed/verify.py:46: RuntimeWarning: invalid value encountered in matmul
  signal_pred = transfer @ (factors * (v.T @ data['train_y'])).T
science_program_v2/directions/D9_minibatch_noise/studies/r029_lower_eta_paired/executed/verify.py:48: RuntimeWarning: divide by zero encountered in matmul
  variance = np.mean(transfer * transfer, axis=0) @ (factors * factors).T
science_program_v2/directions/D9_minibatch_noise/studies/r029_lower_eta_paired/executed/verify.py:48: RuntimeWarning: overflow encountered in matmul
  variance = np.mean(transfer * transfer, axis=0) @ (factors * factors).T
science_program_v2/directions/D9_minibatch_noise/studies/r029_lower_eta_paired/executed/verify.py:48: RuntimeWarning: invalid value encountered in matmul
  variance = np.mean(transfer * transfer, axis=0) @ (factors * factors).T
science_program_v2/directions/D9_minibatch_noise/studies/r029_lower_eta_paired/executed/verify.py:27: RuntimeWarning: divide by zero encountered in matmul
  direct = np.mean((data['audit_features'] @ arrays['final_heads'].T - data['audit_y'][:, None]) ** 2, axis=0)
science_program_v2/directions/D9_minibatch_noise/studies/r029_lower_eta_paired/executed/verify.py:27: RuntimeWarning: overflow encountered in matmul
  direct = np.mean((data['audit_features'] @ arrays['final_heads'].T - data['audit_y'][:, None]) ** 2, axis=0)
science_program_v2/directions/D9_minibatch_noise/studies/r029_lower_eta_paired/executed/verify.py:27: RuntimeWarning: invalid value encountered in matmul
  direct = np.mean((data['audit_features'] @ arrays['final_heads'].T - data['audit_y'][:, None]) ** 2, axis=0)
science_program_v2/directions/D9_minibatch_noise/studies/r029_lower_eta_paired/executed/verify.py:40: RuntimeWarning: divide by zero encountered in matmul
  e, v = np.linalg.eigh(x @ x.T / 64)
science_program_v2/directions/D9_minibatch_noise/studies/r029_lower_eta_paired/executed/verify.py:40: RuntimeWarning: overflow encountered in matmul
  e, v = np.linalg.eigh(x @ x.T / 64)
science_program_v2/directions/D9_minibatch_noise/studies/r029_lower_eta_paired/executed/verify.py:40: RuntimeWarning: invalid value encountered in matmul
  e, v = np.linalg.eigh(x @ x.T / 64)
science_program_v2/directions/D9_minibatch_noise/studies/r029_lower_eta_paired/executed/verify.py:45: RuntimeWarning: divide by zero encountered in matmul
  transfer = (data['audit_features'] @ x.T @ v) / 64
science_program_v2/directions/D9_minibatch_noise/studies/r029_lower_eta_paired/executed/verify.py:45: RuntimeWarning: overflow encountered in matmul
  transfer = (data['audit_features'] @ x.T @ v) / 64
science_program_v2/directions/D9_minibatch_noise/studies/r029_lower_eta_paired/executed/verify.py:45: RuntimeWarning: invalid value encountered in matmul
  transfer = (data['audit_features'] @ x.T @ v) / 64
science_program_v2/directions/D9_minibatch_noise/studies/r029_lower_eta_paired/executed/verify.py:46: RuntimeWarning: divide by zero encountered in matmul
  signal_pred = transfer @ (factors * (v.T @ data['train_y'])).T
science_program_v2/directions/D9_minibatch_noise/studies/r029_lower_eta_paired/executed/verify.py:46: RuntimeWarning: overflow encountered in matmul
  signal_pred = transfer @ (factors * (v.T @ data['train_y'])).T
science_program_v2/directions/D9_minibatch_noise/studies/r029_lower_eta_paired/executed/verify.py:46: RuntimeWarning: invalid value encountered in matmul
  signal_pred = transfer @ (factors * (v.T @ data['train_y'])).T
science_program_v2/directions/D9_minibatch_noise/studies/r029_lower_eta_paired/executed/verify.py:48: RuntimeWarning: divide by zero encountered in matmul
  variance = np.mean(transfer * transfer, axis=0) @ (factors * factors).T
science_program_v2/directions/D9_minibatch_noise/studies/r029_lower_eta_paired/executed/verify.py:48: RuntimeWarning: overflow encountered in matmul
  variance = np.mean(transfer * transfer, axis=0) @ (factors * factors).T
science_program_v2/directions/D9_minibatch_noise/studies/r029_lower_eta_paired/executed/verify.py:48: RuntimeWarning: invalid value encountered in matmul
  variance = np.mean(transfer * transfer, axis=0) @ (factors * factors).T
{"saved_cells": 48, "old_files": 130, "old_hash_and_mtime_unchanged": true, "all_ok": true}
