{
  "predictions": {
    "P1": {
      "status": "supported",
      "passed": 2,
      "total": 2
    },
    "P2": {
      "status": "supported",
      "passed": 2,
      "total": 2
    },
    "P3": {
      "status": "supported",
      "old_files_unchanged": true
    }
  },
  "cells": [
    {
      "seed": 411,
      "batch": 8,
      "variance": 1,
      "eta": 0.1,
      "replicates": 64,
      "replicate_range": [
        64,
        127
      ],
      "t_star": 56,
      "full_realized_t_star": 49,
      "full_expected_t_star": 202,
      "aligned_ratio": 1.1428571428571428,
      "legacy_ratio": 0.27722772277227725,
      "old_t_star": 57,
      "old_aligned_ratio": 1.163265306122449,
      "delta_ratio": -0.02040816326530612,
      "aligned_ratio_bootstrap_95pct": [
        0.8367346938775511,
        1.836734693877551
      ],
      "old_bootstrap_95pct": [
        0.9387755102040817,
        1.489795918367347
      ],
      "paired_bootstrap_delta_ratio_95pct": [
        -0.40816326530612246,
        0.7551020408163265
      ],
      "delta_interval_crosses_zero": true,
      "bootstrap_crosses_two": false,
      "bootstrap_fraction_over_two": 0.003,
      "P1_pass": true,
      "P2_pass": true,
      "finite": true,
      "interior": true,
      "streams_disjoint": true,
      "min_risk": 0.24487468751977082,
      "se_at_min": 0.004688749781642306,
      "replicate_t_stars": [
        186,
        250,
        36,
        47,
        90,
        42,
        116,
        51,
        184,
        44,
        198,
        119,
        37,
        225,
        52,
        138,
        62,
        42,
        135,
        29,
        47,
        146,
        39,
        221,
        76,
        67,
        86,
        36,
        55,
        315,
        117,
        289,
        60,
        101,
        84,
        90,
        47,
        201,
        226,
        71,
        69,
        58,
        41,
        46,
        138,
        41,
        223,
        126,
        86,
        209,
        46,
        52,
        204,
        86,
        298,
        262,
        88,
        46,
        127,
        41,
        88,
        63,
        37,
        95
      ]
    },
    {
      "seed": 412,
      "batch": 8,
      "variance": 1,
      "eta": 0.1,
      "replicates": 64,
      "replicate_range": [
        64,
        127
      ],
      "t_star": 393,
      "full_realized_t_star": 306,
      "full_expected_t_star": 179,
      "aligned_ratio": 1.2843137254901962,
      "legacy_ratio": 2.195530726256983,
      "old_t_star": 235,
      "old_aligned_ratio": 0.7679738562091504,
      "delta_ratio": 0.5163398692810458,
      "aligned_ratio_bootstrap_95pct": [
        0.765277777777778,
        1.8660130718954249
      ],
      "old_bootstrap_95pct": [
        0.6601307189542484,
        1.4150326797385622
      ],
      "paired_bootstrap_delta_ratio_95pct": [
        -0.3955065359477124,
        1.1405228758169934
      ],
      "delta_interval_crosses_zero": true,
      "bootstrap_crosses_two": false,
      "bootstrap_fraction_over_two": 0.015,
      "P1_pass": true,
      "P2_pass": true,
      "finite": true,
      "interior": true,
      "streams_disjoint": true,
      "min_risk": 0.26199712679096443,
      "se_at_min": 0.002866566620604677,
      "replicate_t_stars": [
        428,
        397,
        150,
        297,
        676,
        485,
        902,
        444,
        183,
        585,
        421,
        213,
        510,
        340,
        887,
        739,
        547,
        371,
        120,
        1278,
        298,
        525,
        442,
        313,
        528,
        532,
        507,
        534,
        256,
        282,
        647,
        405,
        280,
        723,
        420,
        829,
        1319,
        249,
        379,
        692,
        641,
        552,
        644,
        536,
        502,
        245,
        483,
        1311,
        411,
        238,
        1088,
        393,
        724,
        115,
        408,
        1110,
        493,
        353,
        471,
        475,
        503,
        1354,
        816,
        876
      ]
    }
  ]
}
