{
  "all_ok": true,
  "old_files": 258,
  "old_hash_and_mtime_unchanged": true,
  "rows": [
    {
      "seed": 411,
      "checks": {
        "receipt_hash": true,
        "arrays_hash": true,
        "data_hash": true,
        "old_arrays_hash": true,
        "committed_contract": true,
        "source_pins": true,
        "shape": true,
        "replicate_indices": true,
        "batch_seeds": true,
        "streams_disjoint": true,
        "finite": true,
        "mean_risk": true,
        "standard_error": true,
        "argmin": true,
        "old_argmin": true,
        "P1": true,
        "P2": true,
        "final_risk_einsum": true,
        "new_first16_einsum": true,
        "independent_bootstrap": true
      },
      "final_risk_max_error": 1.1102230246251565e-16,
      "replay_max_error": 1.1102230246251565e-16
    },
    {
      "seed": 412,
      "checks": {
        "receipt_hash": true,
        "arrays_hash": true,
        "data_hash": true,
        "old_arrays_hash": true,
        "committed_contract": true,
        "source_pins": true,
        "shape": true,
        "replicate_indices": true,
        "batch_seeds": true,
        "streams_disjoint": true,
        "finite": true,
        "mean_risk": true,
        "standard_error": true,
        "argmin": true,
        "old_argmin": true,
        "P1": true,
        "P2": true,
        "final_risk_einsum": true,
        "new_first16_einsum": true,
        "independent_bootstrap": true
      },
      "final_risk_max_error": 1.1102230246251565e-16,
      "replay_max_error": 1.1102230246251565e-16
    }
  ]
}
