{"cell": "cbb0314049d49561", "condition": "smooth_sum_d3", "width": 8, "seed": 11, "recipe": "sgd_plain", "completed": 1, "total": 36, "seconds": 0.6250529289245605, "true_loss": 0.010102815537827381, "tangent_loss": 0.21777172204606027}
{"cell": "0efc16c1a8c3b443", "condition": "smooth_sum_d3", "width": 8, "seed": 11, "recipe": "sgd_momentum", "completed": 2, "total": 36, "seconds": 0.1283888816833496, "true_loss": 0.010372355344392906, "tangent_loss": 0.21910689405539513}
{"cell": "73d5b0eb8f69a9a5", "condition": "smooth_sum_d3", "width": 8, "seed": 11, "recipe": "adam", "completed": 3, "total": 36, "seconds": 0.15060782432556152, "true_loss": 0.0001787606237474875, "tangent_loss": 0.022106815503113553}
{"cell": "8c2e45cbb00b025f", "condition": "smooth_sum_d3", "width": 8, "seed": 29, "recipe": "sgd_plain", "completed": 4, "total": 36, "seconds": 0.12462496757507324, "true_loss": 0.008976447691023055, "tangent_loss": 0.278908417139634}
{"cell": "03c514880f5e6804", "condition": "smooth_sum_d3", "width": 8, "seed": 29, "recipe": "sgd_momentum", "completed": 5, "total": 36, "seconds": 0.12860989570617676, "true_loss": 0.009190595670846473, "tangent_loss": 0.2801556825484858}
{"cell": "5ef7531099fc9e4a", "condition": "smooth_sum_d3", "width": 8, "seed": 29, "recipe": "adam", "completed": 6, "total": 36, "seconds": 0.14844107627868652, "true_loss": 0.0005279820916639592, "tangent_loss": 0.018182392213656813}
{"cell": "c83823dab47ccec0", "condition": "smooth_sum_d3", "width": 8, "seed": 47, "recipe": "sgd_plain", "completed": 7, "total": 36, "seconds": 0.12520289421081543, "true_loss": 0.010396860581342626, "tangent_loss": 0.29609702753527956}
{"cell": "ab9931b9f3ad73c7", "condition": "smooth_sum_d3", "width": 8, "seed": 47, "recipe": "sgd_momentum", "completed": 8, "total": 36, "seconds": 0.12659502029418945, "true_loss": 0.01071242684052325, "tangent_loss": 0.29793967667301424}
{"cell": "afbfab2869a3cf13", "condition": "smooth_sum_d3", "width": 8, "seed": 47, "recipe": "adam", "completed": 9, "total": 36, "seconds": 0.1479628086090088, "true_loss": 0.000203222302854011, "tangent_loss": 0.012594430910831598}
{"cell": "23ffd802eca2ad50", "condition": "smooth_sum_d3", "width": 32, "seed": 11, "recipe": "sgd_plain", "completed": 10, "total": 36, "seconds": 0.19071292877197266, "true_loss": 0.013538485546972543, "tangent_loss": 0.04328018944122581}
{"cell": "cbca50e9957cae5d", "condition": "smooth_sum_d3", "width": 32, "seed": 11, "recipe": "sgd_momentum", "completed": 11, "total": 36, "seconds": 0.2003178596496582, "true_loss": 0.01364398835156365, "tangent_loss": 0.0428721042762283}
{"cell": "1cce7403f4de0c2e", "condition": "smooth_sum_d3", "width": 32, "seed": 11, "recipe": "adam", "completed": 12, "total": 36, "seconds": 0.21979904174804688, "true_loss": 1.384434452452687e-05, "tangent_loss": 0.007826351366410734}
{"cell": "9d84b01bb53bfa33", "condition": "smooth_sum_d3", "width": 32, "seed": 29, "recipe": "sgd_plain", "completed": 13, "total": 36, "seconds": 0.19757318496704102, "true_loss": 0.01119151187163498, "tangent_loss": 0.12228514324474395}
{"cell": "e281e2dba9dd23d0", "condition": "smooth_sum_d3", "width": 32, "seed": 29, "recipe": "sgd_momentum", "completed": 14, "total": 36, "seconds": 0.20093202590942383, "true_loss": 0.011116701366134036, "tangent_loss": 0.1231468631860752}
{"cell": "c67ecb14d053bf8f", "condition": "smooth_sum_d3", "width": 32, "seed": 29, "recipe": "adam", "completed": 15, "total": 36, "seconds": 0.21898317337036133, "true_loss": 6.167944944946115e-05, "tangent_loss": 0.00889765649290721}
{"cell": "59a10f7bd050b37c", "condition": "smooth_sum_d3", "width": 32, "seed": 47, "recipe": "sgd_plain", "completed": 16, "total": 36, "seconds": 0.19499731063842773, "true_loss": 0.011263531553659624, "tangent_loss": 0.06624422578504824}
{"cell": "c6d0d5ca3a59a80d", "condition": "smooth_sum_d3", "width": 32, "seed": 47, "recipe": "sgd_momentum", "completed": 17, "total": 36, "seconds": 0.2033848762512207, "true_loss": 0.011464076438015919, "tangent_loss": 0.06621320704077574}
{"cell": "5df64664a13b07ad", "condition": "smooth_sum_d3", "width": 32, "seed": 47, "recipe": "adam", "completed": 18, "total": 36, "seconds": 0.22024083137512207, "true_loss": 2.4336147257734563e-05, "tangent_loss": 0.007877584797463241}
{"cell": "fab2d60efc275806", "condition": "product_d3", "width": 8, "seed": 11, "recipe": "sgd_plain", "completed": 19, "total": 36, "seconds": 0.13170385360717773, "true_loss": 0.13144468478571386, "tangent_loss": 0.4459486344495076}
{"cell": "50bc612beaf540e0", "condition": "product_d3", "width": 8, "seed": 11, "recipe": "sgd_momentum", "completed": 20, "total": 36, "seconds": 0.13516497611999512, "true_loss": 0.13916117468972938, "tangent_loss": 0.44667060479463894}
{"cell": "da66245e71d4261f", "condition": "product_d3", "width": 8, "seed": 11, "recipe": "adam", "completed": 21, "total": 36, "seconds": 0.160660982131958, "true_loss": 0.0002403284863944649, "tangent_loss": 0.09439714884176387}
{"cell": "08bb9537343a069f", "condition": "product_d3", "width": 8, "seed": 29, "recipe": "sgd_plain", "completed": 22, "total": 36, "seconds": 0.1311967372894287, "true_loss": 0.2288491207947576, "tangent_loss": 0.42142185038871915}
{"cell": "64815d9c04f9c28c", "condition": "product_d3", "width": 8, "seed": 29, "recipe": "sgd_momentum", "completed": 23, "total": 36, "seconds": 0.13693809509277344, "true_loss": 0.24956841974456362, "tangent_loss": 0.4217545331545749}
{"cell": "eb08f2e47473f416", "condition": "product_d3", "width": 8, "seed": 29, "recipe": "adam", "completed": 24, "total": 36, "seconds": 0.15620899200439453, "true_loss": 0.0001729261303710831, "tangent_loss": 0.11045930077676382}
{"cell": "095771fe29a0539d", "condition": "product_d3", "width": 8, "seed": 47, "recipe": "sgd_plain", "completed": 25, "total": 36, "seconds": 0.13213109970092773, "true_loss": 0.12325595806512342, "tangent_loss": 0.4563872785238695}
{"cell": "ff7280eeb2aa1d5d", "condition": "product_d3", "width": 8, "seed": 47, "recipe": "sgd_momentum", "completed": 26, "total": 36, "seconds": 0.13686418533325195, "true_loss": 0.18327839649096805, "tangent_loss": 0.45695826453966687}
{"cell": "8d9575354d330d40", "condition": "product_d3", "width": 8, "seed": 47, "recipe": "adam", "completed": 27, "total": 36, "seconds": 0.1542530059814453, "true_loss": 0.00031275069876716976, "tangent_loss": 0.11279944584121414}
{"cell": "e4b26848310816d6", "condition": "product_d3", "width": 32, "seed": 11, "recipe": "sgd_plain", "completed": 28, "total": 36, "seconds": 0.1960141658782959, "true_loss": 0.015414047247207501, "tangent_loss": 0.33855111798367543}
{"cell": "9a9da5a47f301dbc", "condition": "product_d3", "width": 32, "seed": 11, "recipe": "sgd_momentum", "completed": 29, "total": 36, "seconds": 0.20122694969177246, "true_loss": 0.0166591158586495, "tangent_loss": 0.3400932585267823}
{"cell": "3daff41154c55db4", "condition": "product_d3", "width": 32, "seed": 11, "recipe": "adam", "completed": 30, "total": 36, "seconds": 0.22139477729797363, "true_loss": 0.0001237307066170294, "tangent_loss": 0.016221794916432247}
{"cell": "fe8e536b0c64ae85", "condition": "product_d3", "width": 32, "seed": 29, "recipe": "sgd_plain", "completed": 31, "total": 36, "seconds": 0.19734907150268555, "true_loss": 0.050480597404095245, "tangent_loss": 0.28129427153248976}
{"cell": "9533c254f155b8c5", "condition": "product_d3", "width": 32, "seed": 29, "recipe": "sgd_momentum", "completed": 32, "total": 36, "seconds": 0.19912219047546387, "true_loss": 0.05761920032731508, "tangent_loss": 0.2825033102238696}
{"cell": "9a8f515a8b878363", "condition": "product_d3", "width": 32, "seed": 29, "recipe": "adam", "completed": 33, "total": 36, "seconds": 0.22201919555664062, "true_loss": 0.0001940614092807479, "tangent_loss": 0.014610469353709389}
{"cell": "8df7c716f06695d7", "condition": "product_d3", "width": 32, "seed": 47, "recipe": "sgd_plain", "completed": 34, "total": 36, "seconds": 0.19598913192749023, "true_loss": 0.0236247752244083, "tangent_loss": 0.30843417635739195}
{"cell": "e5e7e3d327992c88", "condition": "product_d3", "width": 32, "seed": 47, "recipe": "sgd_momentum", "completed": 35, "total": 36, "seconds": 0.20143604278564453, "true_loss": 0.027704141406737465, "tangent_loss": 0.3097464375508664}
{"cell": "d9b691d374b64e37", "condition": "product_d3", "width": 32, "seed": 47, "recipe": "adam", "completed": 36, "total": 36, "seconds": 0.2181997299194336, "true_loss": 0.00017479440542400105, "tangent_loss": 0.01800558698919774}
