{"cell": "8e11e950bd962ae7", "condition": "mixed_sine_d5", "width": 8, "seed": 11, "recipe": "sgd_plain", "completed": 1, "total": 36, "seconds": 0.45261192321777344, "true_loss": 0.07749823363225927, "tangent_loss": 0.3258247164055056}
{"cell": "9eb44c0ec2395304", "condition": "mixed_sine_d5", "width": 8, "seed": 11, "recipe": "sgd_momentum", "completed": 2, "total": 36, "seconds": 0.12961697578430176, "true_loss": 0.08747582853508866, "tangent_loss": 0.32644786260629316}
{"cell": "ec8b1a9c2806d64d", "condition": "mixed_sine_d5", "width": 8, "seed": 11, "recipe": "adam", "completed": 3, "total": 36, "seconds": 0.14842700958251953, "true_loss": 2.0138926450174554e-05, "tangent_loss": 0.07000295347317816}
{"cell": "052478a335b0f09a", "condition": "mixed_sine_d5", "width": 8, "seed": 29, "recipe": "sgd_plain", "completed": 4, "total": 36, "seconds": 0.12425422668457031, "true_loss": 0.0418283402233545, "tangent_loss": 0.31121049496807807}
{"cell": "4799a3c9b2933ed8", "condition": "mixed_sine_d5", "width": 8, "seed": 29, "recipe": "sgd_momentum", "completed": 5, "total": 36, "seconds": 0.1260051727294922, "true_loss": 0.0457496699404916, "tangent_loss": 0.31213130602152783}
{"cell": "7cfb97f17355350e", "condition": "mixed_sine_d5", "width": 8, "seed": 29, "recipe": "adam", "completed": 6, "total": 36, "seconds": 0.14889287948608398, "true_loss": 4.349240067066153e-05, "tangent_loss": 0.07105890645648809}
{"cell": "daa3f21d2a9a2d11", "condition": "mixed_sine_d5", "width": 8, "seed": 47, "recipe": "sgd_plain", "completed": 7, "total": 36, "seconds": 0.12258386611938477, "true_loss": 0.11950508863205611, "tangent_loss": 0.3022297610739369}
{"cell": "9609660afc2bc858", "condition": "mixed_sine_d5", "width": 8, "seed": 47, "recipe": "sgd_momentum", "completed": 8, "total": 36, "seconds": 0.12774395942687988, "true_loss": 0.1303052970136643, "tangent_loss": 0.3031025384483712}
{"cell": "71473d74086ca98f", "condition": "mixed_sine_d5", "width": 8, "seed": 47, "recipe": "adam", "completed": 9, "total": 36, "seconds": 0.14817380905151367, "true_loss": 9.1752683222252e-05, "tangent_loss": 0.11825156298826647}
{"cell": "e3d7c45e2c367559", "condition": "mixed_sine_d5", "width": 32, "seed": 11, "recipe": "sgd_plain", "completed": 10, "total": 36, "seconds": 0.19260311126708984, "true_loss": 0.06992229046498488, "tangent_loss": 0.20861721271116163}
{"cell": "b23f5c4e19d9541f", "condition": "mixed_sine_d5", "width": 32, "seed": 11, "recipe": "sgd_momentum", "completed": 11, "total": 36, "seconds": 0.20016789436340332, "true_loss": 0.07426041584095952, "tangent_loss": 0.2089471697598075}
{"cell": "1a04500b70ebd37a", "condition": "mixed_sine_d5", "width": 32, "seed": 11, "recipe": "adam", "completed": 12, "total": 36, "seconds": 0.21670198440551758, "true_loss": 7.184453202911256e-08, "tangent_loss": 0.015998020482306557}
{"cell": "6389b1939f67ed11", "condition": "mixed_sine_d5", "width": 32, "seed": 29, "recipe": "sgd_plain", "completed": 13, "total": 36, "seconds": 0.19255471229553223, "true_loss": 0.04555566389297173, "tangent_loss": 0.201855701542835}
{"cell": "dbee8789166fc207", "condition": "mixed_sine_d5", "width": 32, "seed": 29, "recipe": "sgd_momentum", "completed": 14, "total": 36, "seconds": 0.197249174118042, "true_loss": 0.0487243157395473, "tangent_loss": 0.20212747175615906}
{"cell": "0ea7474de9812c94", "condition": "mixed_sine_d5", "width": 32, "seed": 29, "recipe": "adam", "completed": 15, "total": 36, "seconds": 0.21958494186401367, "true_loss": 2.5209580932428554e-07, "tangent_loss": 0.016446575944275368}
{"cell": "8abf0960d8113042", "condition": "mixed_sine_d5", "width": 32, "seed": 47, "recipe": "sgd_plain", "completed": 16, "total": 36, "seconds": 0.19281005859375, "true_loss": 0.046262524002046404, "tangent_loss": 0.19763929844547024}
{"cell": "986da556fc18f429", "condition": "mixed_sine_d5", "width": 32, "seed": 47, "recipe": "sgd_momentum", "completed": 17, "total": 36, "seconds": 0.20189976692199707, "true_loss": 0.04992542037755866, "tangent_loss": 0.1978018342768544}
{"cell": "d277050f8595a030", "condition": "mixed_sine_d5", "width": 32, "seed": 47, "recipe": "adam", "completed": 18, "total": 36, "seconds": 0.21688532829284668, "true_loss": 4.136367557909904e-07, "tangent_loss": 0.015988879886897275}
{"cell": "8e830f0fcf2ef9d7", "condition": "radial_d5", "width": 8, "seed": 11, "recipe": "sgd_plain", "completed": 19, "total": 36, "seconds": 0.12129688262939453, "true_loss": 0.14165710334586273, "tangent_loss": 0.38808418331510297}
{"cell": "da2846fd63faf8fc", "condition": "radial_d5", "width": 8, "seed": 11, "recipe": "sgd_momentum", "completed": 20, "total": 36, "seconds": 0.12668895721435547, "true_loss": 0.15014842704329237, "tangent_loss": 0.3887654533298508}
{"cell": "03370d61953dda70", "condition": "radial_d5", "width": 8, "seed": 11, "recipe": "adam", "completed": 21, "total": 36, "seconds": 0.14919590950012207, "true_loss": 8.969488686387264e-08, "tangent_loss": 0.09799919611701084}
{"cell": "c509a8365852c5df", "condition": "radial_d5", "width": 8, "seed": 29, "recipe": "sgd_plain", "completed": 22, "total": 36, "seconds": 0.12713408470153809, "true_loss": 0.15951791113303226, "tangent_loss": 0.3899743318824547}
{"cell": "44fb6a004faf9d64", "condition": "radial_d5", "width": 8, "seed": 29, "recipe": "sgd_momentum", "completed": 23, "total": 36, "seconds": 0.13201308250427246, "true_loss": 0.16408977669085364, "tangent_loss": 0.3906746686836789}
{"cell": "bd30c4af90cc0583", "condition": "radial_d5", "width": 8, "seed": 29, "recipe": "adam", "completed": 24, "total": 36, "seconds": 0.15608882904052734, "true_loss": 3.2531723137212197e-07, "tangent_loss": 0.15062921606702823}
{"cell": "7c0433398486f6eb", "condition": "radial_d5", "width": 8, "seed": 47, "recipe": "sgd_plain", "completed": 25, "total": 36, "seconds": 0.12988018989562988, "true_loss": 0.24965673614756703, "tangent_loss": 0.3631646219155305}
{"cell": "f42cdc590cc61bc2", "condition": "radial_d5", "width": 8, "seed": 47, "recipe": "sgd_momentum", "completed": 26, "total": 36, "seconds": 0.13164114952087402, "true_loss": 0.2678609154220613, "tangent_loss": 0.3636593317830522}
{"cell": "1334f1cf8751bf5a", "condition": "radial_d5", "width": 8, "seed": 47, "recipe": "adam", "completed": 27, "total": 36, "seconds": 0.15416502952575684, "true_loss": 1.9716301247600713e-07, "tangent_loss": 0.17609862138414636}
{"cell": "91b0d58ce642cd04", "condition": "radial_d5", "width": 32, "seed": 11, "recipe": "sgd_plain", "completed": 28, "total": 36, "seconds": 0.20017218589782715, "true_loss": 0.05262841183511515, "tangent_loss": 0.2548771366915766}
{"cell": "caddec0d5ec609a2", "condition": "radial_d5", "width": 32, "seed": 11, "recipe": "sgd_momentum", "completed": 29, "total": 36, "seconds": 0.20357489585876465, "true_loss": 0.060431838190973496, "tangent_loss": 0.2559065283998657}
{"cell": "382a31899c87fdb9", "condition": "radial_d5", "width": 32, "seed": 11, "recipe": "adam", "completed": 30, "total": 36, "seconds": 0.2238461971282959, "true_loss": 1.3338243959585147e-06, "tangent_loss": 0.007151169450537842}
{"cell": "ccdf5ce7c85ef937", "condition": "radial_d5", "width": 32, "seed": 29, "recipe": "sgd_plain", "completed": 31, "total": 36, "seconds": 0.20163393020629883, "true_loss": 0.04980852760641999, "tangent_loss": 0.2439696408084362}
{"cell": "c2d51a478f871c02", "condition": "radial_d5", "width": 32, "seed": 29, "recipe": "sgd_momentum", "completed": 32, "total": 36, "seconds": 0.2065448760986328, "true_loss": 0.05748786729486188, "tangent_loss": 0.24493432970724532}
{"cell": "328afeaf353ef9c8", "condition": "radial_d5", "width": 32, "seed": 29, "recipe": "adam", "completed": 33, "total": 36, "seconds": 0.22600126266479492, "true_loss": 5.55225631553308e-07, "tangent_loss": 0.005602632893457034}
{"cell": "6f991e215a45979b", "condition": "radial_d5", "width": 32, "seed": 47, "recipe": "sgd_plain", "completed": 34, "total": 36, "seconds": 0.19979429244995117, "true_loss": 0.04690009273784195, "tangent_loss": 0.27217107069942503}
{"cell": "85801e101127382a", "condition": "radial_d5", "width": 32, "seed": 47, "recipe": "sgd_momentum", "completed": 35, "total": 36, "seconds": 0.20450210571289062, "true_loss": 0.052133738392438324, "tangent_loss": 0.27323972099535876}
{"cell": "38d88451437af8f1", "condition": "radial_d5", "width": 32, "seed": 47, "recipe": "adam", "completed": 36, "total": 36, "seconds": 0.22643804550170898, "true_loss": 3.6012948354707366e-07, "tangent_loss": 0.006101678713861743}
