{
  "predictions": {
    "P1": {
      "status": "supported",
      "passed": 2,
      "total": 2
    },
    "P2": {
      "status": "supported",
      "passed": 2,
      "total": 2
    },
    "P3": {
      "status": "supported"
    }
  },
  "cells": [
    {
      "seed": 411,
      "batch": 8,
      "variance": 1,
      "eta": 0.1,
      "replicates": 64,
      "t_star": 57,
      "full_realized_t_star": 49,
      "full_expected_t_star": 202,
      "aligned_ratio": 1.163265306122449,
      "legacy_ratio": 0.28217821782178215,
      "old_t_star": 105,
      "old_aligned_ratio": 2.142857142857143,
      "aligned_ratio_bootstrap_95pct": [
        0.9387755102040817,
        1.489795918367347
      ],
      "old_bootstrap_95pct": [
        0.7346938775510204,
        5.653061224489796
      ],
      "bootstrap_width_ratio": 0.1120331950207469,
      "bootstrap_crosses_two": false,
      "bootstrap_fraction_over_two": 0.0015,
      "P1_pass": true,
      "P2_pass": true,
      "prefix_unchanged": true,
      "finite": true,
      "interior": true,
      "min_risk": 0.24050779715166562,
      "se_at_min": 0.0034169128940599544,
      "replicate_t_stars": [
        248,
        148,
        61,
        162,
        76,
        158,
        127,
        38,
        155,
        205,
        107,
        207,
        83,
        88,
        140,
        256,
        106,
        80,
        57,
        259,
        176,
        175,
        309,
        51,
        103,
        79,
        173,
        63,
        200,
        230,
        35,
        189,
        54,
        142,
        187,
        176,
        166,
        58,
        38,
        43,
        45,
        68,
        130,
        69,
        60,
        238,
        46,
        197,
        43,
        213,
        112,
        103,
        79,
        70,
        42,
        59,
        89,
        112,
        138,
        87,
        110,
        46,
        145,
        49
      ]
    },
    {
      "seed": 412,
      "batch": 8,
      "variance": 1,
      "eta": 0.1,
      "replicates": 64,
      "t_star": 235,
      "full_realized_t_star": 306,
      "full_expected_t_star": 179,
      "aligned_ratio": 0.7679738562091504,
      "legacy_ratio": 1.312849162011173,
      "old_t_star": 852,
      "old_aligned_ratio": 2.784313725490196,
      "aligned_ratio_bootstrap_95pct": [
        0.6601307189542484,
        1.4150326797385622
      ],
      "old_bootstrap_95pct": [
        0.3464052287581699,
        3.0620915032679736
      ],
      "bootstrap_width_ratio": 0.27797833935018057,
      "bootstrap_crosses_two": false,
      "bootstrap_fraction_over_two": 0.0,
      "P1_pass": true,
      "P2_pass": true,
      "prefix_unchanged": true,
      "finite": true,
      "interior": true,
      "min_risk": 0.2591682704532324,
      "se_at_min": 0.002670786446567066,
      "replicate_t_stars": [
        941,
        171,
        489,
        822,
        255,
        266,
        396,
        424,
        316,
        275,
        385,
        442,
        338,
        368,
        415,
        1112,
        515,
        241,
        547,
        1381,
        173,
        1281,
        397,
        412,
        146,
        169,
        614,
        283,
        618,
        273,
        228,
        296,
        315,
        256,
        342,
        371,
        926,
        205,
        660,
        572,
        228,
        269,
        329,
        438,
        1005,
        386,
        349,
        1254,
        529,
        202,
        260,
        453,
        1402,
        276,
        416,
        465,
        221,
        363,
        811,
        719,
        392,
        911,
        394,
        647
      ]
    }
  ]
}
