{
  "predictions": {
    "P1": {
      "status": "supported",
      "ratios_above_two": 12,
      "required": 12
    },
    "P2": {
      "status": "supported",
      "passes": 12,
      "required_total": 12,
      "each_depth_three_of_three": true
    }
  },
  "depths": [
    {
      "depth": 1,
      "actual_times": [
        2,
        2,
        2
      ],
      "slowest": {
        "passes": 0,
        "fails": 3,
        "unresolved": 0,
        "decision": "refuted",
        "ratios": [
          27.5,
          17.5,
          21.0
        ],
        "ratio_statistics": {
          "mean": 22.0,
          "t95_seed_interval": [
            9.394377865501006,
            34.605622134498994
          ]
        }
      },
      "sum": {
        "passes": 3,
        "fails": 0,
        "unresolved": 0,
        "decision": "supported",
        "ratios": [
          1.0,
          1.0,
          1.0
        ],
        "ratio_statistics": {
          "mean": 1.0,
          "t95_seed_interval": [
            1.0,
            1.0
          ]
        }
      },
      "actual_statistics": {
        "mean": 2.0,
        "t95_seed_interval": [
          2.0,
          2.0
        ]
      }
    },
    {
      "depth": 2,
      "actual_times": [
        2,
        2,
        2
      ],
      "slowest": {
        "passes": 0,
        "fails": 3,
        "unresolved": 0,
        "decision": "refuted",
        "ratios": [
          24.0,
          21.5,
          48.0
        ],
        "ratio_statistics": {
          "mean": 31.166666666666668,
          "t95_seed_interval": [
            -5.180209974424482,
            67.51354330775781
          ]
        }
      },
      "sum": {
        "passes": 3,
        "fails": 0,
        "unresolved": 0,
        "decision": "supported",
        "ratios": [
          1.0,
          1.0,
          1.0
        ],
        "ratio_statistics": {
          "mean": 1.0,
          "t95_seed_interval": [
            1.0,
            1.0
          ]
        }
      },
      "actual_statistics": {
        "mean": 2.0,
        "t95_seed_interval": [
          2.0,
          2.0
        ]
      }
    },
    {
      "depth": 4,
      "actual_times": [
        4,
        8,
        3
      ],
      "slowest": {
        "passes": 0,
        "fails": 3,
        "unresolved": 0,
        "decision": "refuted",
        "ratios": [
          39.25,
          24.5,
          36.333333333333336
        ],
        "ratio_statistics": {
          "mean": 33.361111111111114,
          "t95_seed_interval": [
            13.956798639288742,
            52.76542358293349
          ]
        }
      },
      "sum": {
        "passes": 3,
        "fails": 0,
        "unresolved": 0,
        "decision": "supported",
        "ratios": [
          0.75,
          0.875,
          1.0
        ],
        "ratio_statistics": {
          "mean": 0.875,
          "t95_seed_interval": [
            0.5644827860350567,
            1.1855172139649433
          ]
        }
      },
      "actual_statistics": {
        "mean": 5.0,
        "t95_seed_interval": [
          -1.5724106076469804,
          11.57241060764698
        ]
      }
    },
    {
      "depth": 6,
      "actual_times": [
        2,
        8,
        1
      ],
      "slowest": {
        "passes": 0,
        "fails": 3,
        "unresolved": 0,
        "decision": "refuted",
        "ratios": [
          60.5,
          38.25,
          37.0
        ],
        "ratio_statistics": {
          "mean": 45.25,
          "t95_seed_interval": [
            12.405556351100401,
            78.0944436488996
          ]
        }
      },
      "sum": {
        "passes": 3,
        "fails": 0,
        "unresolved": 0,
        "decision": "supported",
        "ratios": [
          1.0,
          1.0,
          1.0
        ],
        "ratio_statistics": {
          "mean": 1.0,
          "t95_seed_interval": [
            1.0,
            1.0
          ]
        }
      },
      "actual_statistics": {
        "mean": 3.6666666666666665,
        "t95_seed_interval": [
          -5.7381269221342155,
          13.071460255467548
        ]
      }
    }
  ]
}
