{"status": "running", "pid": 7179, "completed": 1, "total": 216, "reused": 1, "new": 0, "last_cell": {"seed": 101, "scale": 0.05, "activation": "relu", "control": "none", "target": "linear"}, "seconds": 0.0008390410002903081, "updated_at": 1791223440.797279, "solver_evaluation": "not_run"}
{"status": "running", "pid": 7179, "completed": 2, "total": 216, "reused": 1, "new": 1, "last_cell": {"seed": 101, "scale": 0.05, "activation": "relu", "control": "none", "target": "quadratic"}, "seconds": 0.02876045800076099, "updated_at": 1791223440.8252008, "solver_evaluation": "not_run"}
{"status": "running", "pid": 7179, "completed": 3, "total": 216, "reused": 1, "new": 2, "last_cell": {"seed": 101, "scale": 0.05, "activation": "relu", "control": "preactivation_ln", "target": "linear"}, "seconds": 0.057166499998857034, "updated_at": 1791223440.853608, "solver_evaluation": "not_run"}
{"status": "running", "pid": 7179, "completed": 4, "total": 216, "reused": 1, "new": 3, "last_cell": {"seed": 101, "scale": 0.05, "activation": "relu", "control": "preactivation_ln", "target": "quadratic"}, "seconds": 0.08491074999983539, "updated_at": 1791223440.881353, "solver_evaluation": "not_run"}
{"status": "running", "pid": 7179, "completed": 5, "total": 216, "reused": 1, "new": 4, "last_cell": {"seed": 101, "scale": 0.05, "activation": "relu", "control": "linear_skip", "target": "linear"}, "seconds": 0.12376424999820301, "updated_at": 1791223440.920207, "solver_evaluation": "not_run"}
{"status": "running", "pid": 7179, "completed": 6, "total": 216, "reused": 1, "new": 5, "last_cell": {"seed": 101, "scale": 0.05, "activation": "relu", "control": "linear_skip", "target": "quadratic"}, "seconds": 0.1618295410007704, "updated_at": 1791223440.958273, "solver_evaluation": "not_run"}
{"status": "running", "pid": 7179, "completed": 7, "total": 216, "reused": 1, "new": 6, "last_cell": {"seed": 101, "scale": 0.05, "activation": "silu", "control": "none", "target": "linear"}, "seconds": 0.19274395799948252, "updated_at": 1791223440.9891882, "solver_evaluation": "not_run"}
{"status": "running", "pid": 7179, "completed": 8, "total": 216, "reused": 1, "new": 7, "last_cell": {"seed": 101, "scale": 0.05, "activation": "silu", "control": "none", "target": "quadratic"}, "seconds": 0.22340029100087122, "updated_at": 1791223441.019846, "solver_evaluation": "not_run"}
{"status": "running", "pid": 7179, "completed": 9, "total": 216, "reused": 1, "new": 8, "last_cell": {"seed": 101, "scale": 0.05, "activation": "silu", "control": "preactivation_ln", "target": "linear"}, "seconds": 0.25453079100043396, "updated_at": 1791223441.050977, "solver_evaluation": "not_run"}
{"status": "running", "pid": 7179, "completed": 10, "total": 216, "reused": 1, "new": 9, "last_cell": {"seed": 101, "scale": 0.05, "activation": "silu", "control": "preactivation_ln", "target": "quadratic"}, "seconds": 0.2858264579990646, "updated_at": 1791223441.082273, "solver_evaluation": "not_run"}
{"status": "running", "pid": 7179, "completed": 11, "total": 216, "reused": 1, "new": 10, "last_cell": {"seed": 101, "scale": 0.05, "activation": "silu", "control": "linear_skip", "target": "linear"}, "seconds": 0.32788241600064794, "updated_at": 1791223441.12433, "solver_evaluation": "not_run"}
{"status": "running", "pid": 7179, "completed": 12, "total": 216, "reused": 1, "new": 11, "last_cell": {"seed": 101, "scale": 0.05, "activation": "silu", "control": "linear_skip", "target": "quadratic"}, "seconds": 0.3692922499976703, "updated_at": 1791223441.165741, "solver_evaluation": "not_run"}
{"status": "running", "pid": 7179, "completed": 13, "total": 216, "reused": 1, "new": 12, "last_cell": {"seed": 101, "scale": 0.2, "activation": "relu", "control": "none", "target": "linear"}, "seconds": 0.3970574579980166, "updated_at": 1791223441.193507, "solver_evaluation": "not_run"}
{"status": "running", "pid": 7179, "completed": 14, "total": 216, "reused": 1, "new": 13, "last_cell": {"seed": 101, "scale": 0.2, "activation": "relu", "control": "none", "target": "quadratic"}, "seconds": 0.42509929099833244, "updated_at": 1791223441.221549, "solver_evaluation": "not_run"}
{"status": "running", "pid": 7179, "completed": 15, "total": 216, "reused": 1, "new": 14, "last_cell": {"seed": 101, "scale": 0.2, "activation": "relu", "control": "preactivation_ln", "target": "linear"}, "seconds": 0.4530515000005835, "updated_at": 1791223441.249502, "solver_evaluation": "not_run"}
{"status": "running", "pid": 7179, "completed": 16, "total": 216, "reused": 1, "new": 15, "last_cell": {"seed": 101, "scale": 0.2, "activation": "relu", "control": "preactivation_ln", "target": "quadratic"}, "seconds": 0.48072154100009357, "updated_at": 1791223441.277173, "solver_evaluation": "not_run"}
{"status": "running", "pid": 7179, "completed": 17, "total": 216, "reused": 1, "new": 16, "last_cell": {"seed": 101, "scale": 0.2, "activation": "relu", "control": "linear_skip", "target": "linear"}, "seconds": 0.5196838329975435, "updated_at": 1791223441.316136, "solver_evaluation": "not_run"}
{"status": "running", "pid": 7179, "completed": 18, "total": 216, "reused": 1, "new": 17, "last_cell": {"seed": 101, "scale": 0.2, "activation": "relu", "control": "linear_skip", "target": "quadratic"}, "seconds": 0.5572673749993555, "updated_at": 1791223441.3537211, "solver_evaluation": "not_run"}
{"status": "running", "pid": 7179, "completed": 19, "total": 216, "reused": 1, "new": 18, "last_cell": {"seed": 101, "scale": 0.2, "activation": "silu", "control": "none", "target": "linear"}, "seconds": 0.5883795410009043, "updated_at": 1791223441.384834, "solver_evaluation": "not_run"}
{"status": "running", "pid": 7179, "completed": 20, "total": 216, "reused": 1, "new": 19, "last_cell": {"seed": 101, "scale": 0.2, "activation": "silu", "control": "none", "target": "quadratic"}, "seconds": 0.6189779579981405, "updated_at": 1791223441.415433, "solver_evaluation": "not_run"}
{"status": "running", "pid": 7179, "completed": 21, "total": 216, "reused": 1, "new": 20, "last_cell": {"seed": 101, "scale": 0.2, "activation": "silu", "control": "preactivation_ln", "target": "linear"}, "seconds": 0.6626929579979333, "updated_at": 1791223441.45915, "solver_evaluation": "not_run"}
{"status": "running", "pid": 7179, "completed": 22, "total": 216, "reused": 1, "new": 21, "last_cell": {"seed": 101, "scale": 0.2, "activation": "silu", "control": "preactivation_ln", "target": "quadratic"}, "seconds": 0.6934751660010079, "updated_at": 1791223441.489932, "solver_evaluation": "not_run"}
{"status": "running", "pid": 7179, "completed": 23, "total": 216, "reused": 1, "new": 22, "last_cell": {"seed": 101, "scale": 0.2, "activation": "silu", "control": "linear_skip", "target": "linear"}, "seconds": 0.7354480409994721, "updated_at": 1791223441.5319061, "solver_evaluation": "not_run"}
{"status": "running", "pid": 7179, "completed": 24, "total": 216, "reused": 1, "new": 23, "last_cell": {"seed": 101, "scale": 0.2, "activation": "silu", "control": "linear_skip", "target": "quadratic"}, "seconds": 0.7763210409975727, "updated_at": 1791223441.5727801, "solver_evaluation": "not_run"}
{"status": "running", "pid": 7179, "completed": 25, "total": 216, "reused": 1, "new": 24, "last_cell": {"seed": 101, "scale": 1.0, "activation": "relu", "control": "none", "target": "linear"}, "seconds": 0.8041554160008673, "updated_at": 1791223441.600615, "solver_evaluation": "not_run"}
{"status": "running", "pid": 7179, "completed": 26, "total": 216, "reused": 1, "new": 25, "last_cell": {"seed": 101, "scale": 1.0, "activation": "relu", "control": "none", "target": "quadratic"}, "seconds": 0.8318505409988575, "updated_at": 1791223441.6283112, "solver_evaluation": "not_run"}
{"status": "running", "pid": 7179, "completed": 27, "total": 216, "reused": 1, "new": 26, "last_cell": {"seed": 101, "scale": 1.0, "activation": "relu", "control": "preactivation_ln", "target": "linear"}, "seconds": 0.8598323330006679, "updated_at": 1791223441.6562932, "solver_evaluation": "not_run"}
{"status": "running", "pid": 7179, "completed": 28, "total": 216, "reused": 1, "new": 27, "last_cell": {"seed": 101, "scale": 1.0, "activation": "relu", "control": "preactivation_ln", "target": "quadratic"}, "seconds": 0.8873462499977904, "updated_at": 1791223441.683808, "solver_evaluation": "not_run"}
{"status": "running", "pid": 7179, "completed": 29, "total": 216, "reused": 1, "new": 28, "last_cell": {"seed": 101, "scale": 1.0, "activation": "relu", "control": "linear_skip", "target": "linear"}, "seconds": 0.9259230409988959, "updated_at": 1791223441.722386, "solver_evaluation": "not_run"}
{"status": "running", "pid": 7179, "completed": 30, "total": 216, "reused": 1, "new": 29, "last_cell": {"seed": 101, "scale": 1.0, "activation": "relu", "control": "linear_skip", "target": "quadratic"}, "seconds": 0.9644768329999351, "updated_at": 1791223441.760941, "solver_evaluation": "not_run"}
{"status": "running", "pid": 7179, "completed": 31, "total": 216, "reused": 1, "new": 30, "last_cell": {"seed": 101, "scale": 1.0, "activation": "silu", "control": "none", "target": "linear"}, "seconds": 0.99582058300075, "updated_at": 1791223441.792285, "solver_evaluation": "not_run"}
{"status": "running", "pid": 7179, "completed": 32, "total": 216, "reused": 1, "new": 31, "last_cell": {"seed": 101, "scale": 1.0, "activation": "silu", "control": "none", "target": "quadratic"}, "seconds": 1.0275765000005777, "updated_at": 1791223441.824042, "solver_evaluation": "not_run"}
{"status": "running", "pid": 7179, "completed": 33, "total": 216, "reused": 1, "new": 32, "last_cell": {"seed": 101, "scale": 1.0, "activation": "silu", "control": "preactivation_ln", "target": "linear"}, "seconds": 1.0596787499998754, "updated_at": 1791223441.856145, "solver_evaluation": "not_run"}
{"status": "running", "pid": 7179, "completed": 34, "total": 216, "reused": 1, "new": 33, "last_cell": {"seed": 101, "scale": 1.0, "activation": "silu", "control": "preactivation_ln", "target": "quadratic"}, "seconds": 1.0904478749980626, "updated_at": 1791223441.886915, "solver_evaluation": "not_run"}
{"status": "running", "pid": 7179, "completed": 35, "total": 216, "reused": 1, "new": 34, "last_cell": {"seed": 101, "scale": 1.0, "activation": "silu", "control": "linear_skip", "target": "linear"}, "seconds": 1.1327991250000196, "updated_at": 1791223441.929267, "solver_evaluation": "not_run"}
{"status": "running", "pid": 7179, "completed": 36, "total": 216, "reused": 1, "new": 35, "last_cell": {"seed": 101, "scale": 1.0, "activation": "silu", "control": "linear_skip", "target": "quadratic"}, "seconds": 1.17499291599961, "updated_at": 1791223441.9714618, "solver_evaluation": "not_run"}
{"status": "running", "pid": 7179, "completed": 37, "total": 216, "reused": 1, "new": 36, "last_cell": {"seed": 102, "scale": 0.05, "activation": "relu", "control": "none", "target": "linear"}, "seconds": 1.2038050000010116, "updated_at": 1791223442.000275, "solver_evaluation": "not_run"}
{"status": "running", "pid": 7179, "completed": 38, "total": 216, "reused": 1, "new": 37, "last_cell": {"seed": 102, "scale": 0.05, "activation": "relu", "control": "none", "target": "quadratic"}, "seconds": 1.2321040829992853, "updated_at": 1791223442.028574, "solver_evaluation": "not_run"}
{"status": "running", "pid": 7179, "completed": 39, "total": 216, "reused": 1, "new": 38, "last_cell": {"seed": 102, "scale": 0.05, "activation": "relu", "control": "preactivation_ln", "target": "linear"}, "seconds": 1.2604682909986877, "updated_at": 1791223442.0569391, "solver_evaluation": "not_run"}
{"status": "running", "pid": 7179, "completed": 40, "total": 216, "reused": 1, "new": 39, "last_cell": {"seed": 102, "scale": 0.05, "activation": "relu", "control": "preactivation_ln", "target": "quadratic"}, "seconds": 1.2879782499985595, "updated_at": 1791223442.08445, "solver_evaluation": "not_run"}
{"status": "running", "pid": 7179, "completed": 41, "total": 216, "reused": 1, "new": 40, "last_cell": {"seed": 102, "scale": 0.05, "activation": "relu", "control": "linear_skip", "target": "linear"}, "seconds": 1.3265327499975683, "updated_at": 1791223442.1230059, "solver_evaluation": "not_run"}
{"status": "running", "pid": 7179, "completed": 42, "total": 216, "reused": 1, "new": 41, "last_cell": {"seed": 102, "scale": 0.05, "activation": "relu", "control": "linear_skip", "target": "quadratic"}, "seconds": 1.364739707998524, "updated_at": 1791223442.161213, "solver_evaluation": "not_run"}
{"status": "running", "pid": 7179, "completed": 43, "total": 216, "reused": 1, "new": 42, "last_cell": {"seed": 102, "scale": 0.05, "activation": "silu", "control": "none", "target": "linear"}, "seconds": 1.3958614160001162, "updated_at": 1791223442.1923358, "solver_evaluation": "not_run"}
{"status": "running", "pid": 7179, "completed": 44, "total": 216, "reused": 1, "new": 43, "last_cell": {"seed": 102, "scale": 0.05, "activation": "silu", "control": "none", "target": "quadratic"}, "seconds": 1.4264277500005846, "updated_at": 1791223442.222903, "solver_evaluation": "not_run"}
{"status": "running", "pid": 7179, "completed": 45, "total": 216, "reused": 1, "new": 44, "last_cell": {"seed": 102, "scale": 0.05, "activation": "silu", "control": "preactivation_ln", "target": "linear"}, "seconds": 1.4582239160008612, "updated_at": 1791223442.2547, "solver_evaluation": "not_run"}
{"status": "running", "pid": 7179, "completed": 46, "total": 216, "reused": 1, "new": 45, "last_cell": {"seed": 102, "scale": 0.05, "activation": "silu", "control": "preactivation_ln", "target": "quadratic"}, "seconds": 1.4892762079980457, "updated_at": 1791223442.285753, "solver_evaluation": "not_run"}
{"status": "running", "pid": 7179, "completed": 47, "total": 216, "reused": 1, "new": 46, "last_cell": {"seed": 102, "scale": 0.05, "activation": "silu", "control": "linear_skip", "target": "linear"}, "seconds": 1.5319054999999935, "updated_at": 1791223442.328383, "solver_evaluation": "not_run"}
{"status": "running", "pid": 7179, "completed": 48, "total": 216, "reused": 1, "new": 47, "last_cell": {"seed": 102, "scale": 0.05, "activation": "silu", "control": "linear_skip", "target": "quadratic"}, "seconds": 1.5730672499994398, "updated_at": 1791223442.369546, "solver_evaluation": "not_run"}
{"status": "running", "pid": 7179, "completed": 49, "total": 216, "reused": 1, "new": 48, "last_cell": {"seed": 102, "scale": 0.2, "activation": "relu", "control": "none", "target": "linear"}, "seconds": 1.60195775000102, "updated_at": 1791223442.398438, "solver_evaluation": "not_run"}
{"status": "running", "pid": 7179, "completed": 50, "total": 216, "reused": 1, "new": 49, "last_cell": {"seed": 102, "scale": 0.2, "activation": "relu", "control": "none", "target": "quadratic"}, "seconds": 1.63071758300066, "updated_at": 1791223442.427198, "solver_evaluation": "not_run"}
{"status": "running", "pid": 7179, "completed": 51, "total": 216, "reused": 1, "new": 50, "last_cell": {"seed": 102, "scale": 0.2, "activation": "relu", "control": "preactivation_ln", "target": "linear"}, "seconds": 1.6593064999979106, "updated_at": 1791223442.455787, "solver_evaluation": "not_run"}
{"status": "running", "pid": 7179, "completed": 52, "total": 216, "reused": 1, "new": 51, "last_cell": {"seed": 102, "scale": 0.2, "activation": "relu", "control": "preactivation_ln", "target": "quadratic"}, "seconds": 1.6871043329992972, "updated_at": 1791223442.483586, "solver_evaluation": "not_run"}
{"status": "running", "pid": 7179, "completed": 53, "total": 216, "reused": 1, "new": 52, "last_cell": {"seed": 102, "scale": 0.2, "activation": "relu", "control": "linear_skip", "target": "linear"}, "seconds": 1.7260800000003655, "updated_at": 1791223442.522563, "solver_evaluation": "not_run"}
{"status": "running", "pid": 7179, "completed": 54, "total": 216, "reused": 1, "new": 53, "last_cell": {"seed": 102, "scale": 0.2, "activation": "relu", "control": "linear_skip", "target": "quadratic"}, "seconds": 1.7641260409982351, "updated_at": 1791223442.56061, "solver_evaluation": "not_run"}
{"status": "running", "pid": 7179, "completed": 55, "total": 216, "reused": 1, "new": 54, "last_cell": {"seed": 102, "scale": 0.2, "activation": "silu", "control": "none", "target": "linear"}, "seconds": 1.7954147499985993, "updated_at": 1791223442.591899, "solver_evaluation": "not_run"}
{"status": "running", "pid": 7179, "completed": 56, "total": 216, "reused": 1, "new": 55, "last_cell": {"seed": 102, "scale": 0.2, "activation": "silu", "control": "none", "target": "quadratic"}, "seconds": 1.825686415999371, "updated_at": 1791223442.6221719, "solver_evaluation": "not_run"}
{"status": "running", "pid": 7179, "completed": 57, "total": 216, "reused": 1, "new": 56, "last_cell": {"seed": 102, "scale": 0.2, "activation": "silu", "control": "preactivation_ln", "target": "linear"}, "seconds": 1.857727957998577, "updated_at": 1791223442.654214, "solver_evaluation": "not_run"}
{"status": "running", "pid": 7179, "completed": 58, "total": 216, "reused": 1, "new": 57, "last_cell": {"seed": 102, "scale": 0.2, "activation": "silu", "control": "preactivation_ln", "target": "quadratic"}, "seconds": 1.8886543749977136, "updated_at": 1791223442.685141, "solver_evaluation": "not_run"}
{"status": "running", "pid": 7179, "completed": 59, "total": 216, "reused": 1, "new": 58, "last_cell": {"seed": 102, "scale": 0.2, "activation": "silu", "control": "linear_skip", "target": "linear"}, "seconds": 1.9308280410004954, "updated_at": 1791223442.727316, "solver_evaluation": "not_run"}
{"status": "running", "pid": 7179, "completed": 60, "total": 216, "reused": 1, "new": 59, "last_cell": {"seed": 102, "scale": 0.2, "activation": "silu", "control": "linear_skip", "target": "quadratic"}, "seconds": 1.9723007499997038, "updated_at": 1791223442.76879, "solver_evaluation": "not_run"}
{"status": "running", "pid": 7179, "completed": 61, "total": 216, "reused": 1, "new": 60, "last_cell": {"seed": 102, "scale": 1.0, "activation": "relu", "control": "none", "target": "linear"}, "seconds": 1.9998458749978454, "updated_at": 1791223442.7963352, "solver_evaluation": "not_run"}
{"status": "running", "pid": 7179, "completed": 62, "total": 216, "reused": 1, "new": 61, "last_cell": {"seed": 102, "scale": 1.0, "activation": "relu", "control": "none", "target": "quadratic"}, "seconds": 2.0276845000007597, "updated_at": 1791223442.8241751, "solver_evaluation": "not_run"}
{"status": "running", "pid": 7179, "completed": 63, "total": 216, "reused": 1, "new": 62, "last_cell": {"seed": 102, "scale": 1.0, "activation": "relu", "control": "preactivation_ln", "target": "linear"}, "seconds": 2.0572037499987346, "updated_at": 1791223442.853695, "solver_evaluation": "not_run"}
{"status": "running", "pid": 7179, "completed": 64, "total": 216, "reused": 1, "new": 63, "last_cell": {"seed": 102, "scale": 1.0, "activation": "relu", "control": "preactivation_ln", "target": "quadratic"}, "seconds": 2.0849119999984396, "updated_at": 1791223442.881404, "solver_evaluation": "not_run"}
{"status": "running", "pid": 7179, "completed": 65, "total": 216, "reused": 1, "new": 64, "last_cell": {"seed": 102, "scale": 1.0, "activation": "relu", "control": "linear_skip", "target": "linear"}, "seconds": 2.124033457999758, "updated_at": 1791223442.920526, "solver_evaluation": "not_run"}
{"status": "running", "pid": 7179, "completed": 66, "total": 216, "reused": 1, "new": 65, "last_cell": {"seed": 102, "scale": 1.0, "activation": "relu", "control": "linear_skip", "target": "quadratic"}, "seconds": 2.162313124998036, "updated_at": 1791223442.958807, "solver_evaluation": "not_run"}
{"status": "running", "pid": 7179, "completed": 67, "total": 216, "reused": 1, "new": 66, "last_cell": {"seed": 102, "scale": 1.0, "activation": "silu", "control": "none", "target": "linear"}, "seconds": 2.193867833000695, "updated_at": 1791223442.9903622, "solver_evaluation": "not_run"}
{"status": "running", "pid": 7179, "completed": 68, "total": 216, "reused": 1, "new": 67, "last_cell": {"seed": 102, "scale": 1.0, "activation": "silu", "control": "none", "target": "quadratic"}, "seconds": 2.22456745800082, "updated_at": 1791223443.0210629, "solver_evaluation": "not_run"}
{"status": "running", "pid": 7179, "completed": 69, "total": 216, "reused": 1, "new": 68, "last_cell": {"seed": 102, "scale": 1.0, "activation": "silu", "control": "preactivation_ln", "target": "linear"}, "seconds": 2.2560542079991137, "updated_at": 1791223443.0525498, "solver_evaluation": "not_run"}
{"status": "running", "pid": 7179, "completed": 70, "total": 216, "reused": 1, "new": 69, "last_cell": {"seed": 102, "scale": 1.0, "activation": "silu", "control": "preactivation_ln", "target": "quadratic"}, "seconds": 2.2876740409992635, "updated_at": 1791223443.084171, "solver_evaluation": "not_run"}
{"status": "running", "pid": 7179, "completed": 71, "total": 216, "reused": 1, "new": 70, "last_cell": {"seed": 102, "scale": 1.0, "activation": "silu", "control": "linear_skip", "target": "linear"}, "seconds": 2.3303530829980446, "updated_at": 1791223443.126851, "solver_evaluation": "not_run"}
{"status": "running", "pid": 7179, "completed": 72, "total": 216, "reused": 1, "new": 71, "last_cell": {"seed": 102, "scale": 1.0, "activation": "silu", "control": "linear_skip", "target": "quadratic"}, "seconds": 2.3721207909984514, "updated_at": 1791223443.16862, "solver_evaluation": "not_run"}
{"status": "running", "pid": 7179, "completed": 73, "total": 216, "reused": 1, "new": 72, "last_cell": {"seed": 103, "scale": 0.05, "activation": "relu", "control": "none", "target": "linear"}, "seconds": 2.400317957999505, "updated_at": 1791223443.196817, "solver_evaluation": "not_run"}
{"status": "running", "pid": 7179, "completed": 74, "total": 216, "reused": 1, "new": 73, "last_cell": {"seed": 103, "scale": 0.05, "activation": "relu", "control": "none", "target": "quadratic"}, "seconds": 2.4275108330002695, "updated_at": 1791223443.224011, "solver_evaluation": "not_run"}
{"status": "running", "pid": 7179, "completed": 75, "total": 216, "reused": 1, "new": 74, "last_cell": {"seed": 103, "scale": 0.05, "activation": "relu", "control": "preactivation_ln", "target": "linear"}, "seconds": 2.4564390829982585, "updated_at": 1791223443.25294, "solver_evaluation": "not_run"}
{"status": "running", "pid": 7179, "completed": 76, "total": 216, "reused": 1, "new": 75, "last_cell": {"seed": 103, "scale": 0.05, "activation": "relu", "control": "preactivation_ln", "target": "quadratic"}, "seconds": 2.484657707998849, "updated_at": 1791223443.2811599, "solver_evaluation": "not_run"}
{"status": "running", "pid": 7179, "completed": 77, "total": 216, "reused": 1, "new": 76, "last_cell": {"seed": 103, "scale": 0.05, "activation": "relu", "control": "linear_skip", "target": "linear"}, "seconds": 2.524189790998207, "updated_at": 1791223443.320693, "solver_evaluation": "not_run"}
{"status": "running", "pid": 7179, "completed": 78, "total": 216, "reused": 1, "new": 77, "last_cell": {"seed": 103, "scale": 0.05, "activation": "relu", "control": "linear_skip", "target": "quadratic"}, "seconds": 2.561939374998474, "updated_at": 1791223443.358443, "solver_evaluation": "not_run"}
{"status": "running", "pid": 7179, "completed": 79, "total": 216, "reused": 1, "new": 78, "last_cell": {"seed": 103, "scale": 0.05, "activation": "silu", "control": "none", "target": "linear"}, "seconds": 2.5930289159987296, "updated_at": 1791223443.389533, "solver_evaluation": "not_run"}
{"status": "running", "pid": 7179, "completed": 80, "total": 216, "reused": 1, "new": 79, "last_cell": {"seed": 103, "scale": 0.05, "activation": "silu", "control": "none", "target": "quadratic"}, "seconds": 2.6235764999983076, "updated_at": 1791223443.4200819, "solver_evaluation": "not_run"}
{"status": "running", "pid": 7179, "completed": 81, "total": 216, "reused": 1, "new": 80, "last_cell": {"seed": 103, "scale": 0.05, "activation": "silu", "control": "preactivation_ln", "target": "linear"}, "seconds": 2.65499620799892, "updated_at": 1791223443.451502, "solver_evaluation": "not_run"}
{"status": "running", "pid": 7179, "completed": 82, "total": 216, "reused": 1, "new": 81, "last_cell": {"seed": 103, "scale": 0.05, "activation": "silu", "control": "preactivation_ln", "target": "quadratic"}, "seconds": 2.6854865829991468, "updated_at": 1791223443.481993, "solver_evaluation": "not_run"}
{"status": "running", "pid": 7179, "completed": 83, "total": 216, "reused": 1, "new": 82, "last_cell": {"seed": 103, "scale": 0.05, "activation": "silu", "control": "linear_skip", "target": "linear"}, "seconds": 2.7281855000001087, "updated_at": 1791223443.524693, "solver_evaluation": "not_run"}
{"status": "running", "pid": 7179, "completed": 84, "total": 216, "reused": 1, "new": 83, "last_cell": {"seed": 103, "scale": 0.05, "activation": "silu", "control": "linear_skip", "target": "quadratic"}, "seconds": 2.7691778330008674, "updated_at": 1791223443.565687, "solver_evaluation": "not_run"}
{"status": "running", "pid": 7179, "completed": 85, "total": 216, "reused": 1, "new": 84, "last_cell": {"seed": 103, "scale": 0.2, "activation": "relu", "control": "none", "target": "linear"}, "seconds": 2.79672004099848, "updated_at": 1791223443.59323, "solver_evaluation": "not_run"}
{"status": "running", "pid": 7179, "completed": 86, "total": 216, "reused": 1, "new": 85, "last_cell": {"seed": 103, "scale": 0.2, "activation": "relu", "control": "none", "target": "quadratic"}, "seconds": 2.823787290999462, "updated_at": 1791223443.620297, "solver_evaluation": "not_run"}
{"status": "running", "pid": 7179, "completed": 87, "total": 216, "reused": 1, "new": 86, "last_cell": {"seed": 103, "scale": 0.2, "activation": "relu", "control": "preactivation_ln", "target": "linear"}, "seconds": 2.8513912499984144, "updated_at": 1791223443.647902, "solver_evaluation": "not_run"}
{"status": "running", "pid": 7179, "completed": 88, "total": 216, "reused": 1, "new": 87, "last_cell": {"seed": 103, "scale": 0.2, "activation": "relu", "control": "preactivation_ln", "target": "quadratic"}, "seconds": 2.878587208000681, "updated_at": 1791223443.675099, "solver_evaluation": "not_run"}
{"status": "running", "pid": 7179, "completed": 89, "total": 216, "reused": 1, "new": 88, "last_cell": {"seed": 103, "scale": 0.2, "activation": "relu", "control": "linear_skip", "target": "linear"}, "seconds": 2.91693658299846, "updated_at": 1791223443.713449, "solver_evaluation": "not_run"}
{"status": "running", "pid": 7179, "completed": 90, "total": 216, "reused": 1, "new": 89, "last_cell": {"seed": 103, "scale": 0.2, "activation": "relu", "control": "linear_skip", "target": "quadratic"}, "seconds": 2.9545058330004395, "updated_at": 1791223443.751019, "solver_evaluation": "not_run"}
{"status": "running", "pid": 7179, "completed": 91, "total": 216, "reused": 1, "new": 90, "last_cell": {"seed": 103, "scale": 0.2, "activation": "silu", "control": "none", "target": "linear"}, "seconds": 2.9854441249990487, "updated_at": 1791223443.7819579, "solver_evaluation": "not_run"}
{"status": "running", "pid": 7179, "completed": 92, "total": 216, "reused": 1, "new": 91, "last_cell": {"seed": 103, "scale": 0.2, "activation": "silu", "control": "none", "target": "quadratic"}, "seconds": 3.016719457998988, "updated_at": 1791223443.813235, "solver_evaluation": "not_run"}
{"status": "running", "pid": 7179, "completed": 93, "total": 216, "reused": 1, "new": 92, "last_cell": {"seed": 103, "scale": 0.2, "activation": "silu", "control": "preactivation_ln", "target": "linear"}, "seconds": 3.0498926660002326, "updated_at": 1791223443.8464088, "solver_evaluation": "not_run"}
{"status": "running", "pid": 7179, "completed": 94, "total": 216, "reused": 1, "new": 93, "last_cell": {"seed": 103, "scale": 0.2, "activation": "silu", "control": "preactivation_ln", "target": "quadratic"}, "seconds": 3.0815387910006393, "updated_at": 1791223443.878056, "solver_evaluation": "not_run"}
{"status": "running", "pid": 7179, "completed": 95, "total": 216, "reused": 1, "new": 94, "last_cell": {"seed": 103, "scale": 0.2, "activation": "silu", "control": "linear_skip", "target": "linear"}, "seconds": 3.125202208000701, "updated_at": 1791223443.92172, "solver_evaluation": "not_run"}
{"status": "running", "pid": 7179, "completed": 96, "total": 216, "reused": 1, "new": 95, "last_cell": {"seed": 103, "scale": 0.2, "activation": "silu", "control": "linear_skip", "target": "quadratic"}, "seconds": 3.1674076249983045, "updated_at": 1791223443.963927, "solver_evaluation": "not_run"}
{"status": "running", "pid": 7179, "completed": 97, "total": 216, "reused": 1, "new": 96, "last_cell": {"seed": 103, "scale": 1.0, "activation": "relu", "control": "none", "target": "linear"}, "seconds": 3.1950004999998782, "updated_at": 1791223443.99152, "solver_evaluation": "not_run"}
{"status": "running", "pid": 7179, "completed": 98, "total": 216, "reused": 1, "new": 97, "last_cell": {"seed": 103, "scale": 1.0, "activation": "relu", "control": "none", "target": "quadratic"}, "seconds": 3.2231383329999517, "updated_at": 1791223444.019659, "solver_evaluation": "not_run"}
{"status": "running", "pid": 7179, "completed": 99, "total": 216, "reused": 1, "new": 98, "last_cell": {"seed": 103, "scale": 1.0, "activation": "relu", "control": "preactivation_ln", "target": "linear"}, "seconds": 3.251129790998675, "updated_at": 1791223444.047651, "solver_evaluation": "not_run"}
{"status": "running", "pid": 7179, "completed": 100, "total": 216, "reused": 1, "new": 99, "last_cell": {"seed": 103, "scale": 1.0, "activation": "relu", "control": "preactivation_ln", "target": "quadratic"}, "seconds": 3.2790770409992547, "updated_at": 1791223444.0755992, "solver_evaluation": "not_run"}
{"status": "running", "pid": 7179, "completed": 101, "total": 216, "reused": 1, "new": 100, "last_cell": {"seed": 103, "scale": 1.0, "activation": "relu", "control": "linear_skip", "target": "linear"}, "seconds": 3.317806874998496, "updated_at": 1791223444.114329, "solver_evaluation": "not_run"}
{"status": "running", "pid": 7179, "completed": 102, "total": 216, "reused": 1, "new": 101, "last_cell": {"seed": 103, "scale": 1.0, "activation": "relu", "control": "linear_skip", "target": "quadratic"}, "seconds": 3.3558200000006764, "updated_at": 1791223444.152344, "solver_evaluation": "not_run"}
{"status": "running", "pid": 7179, "completed": 103, "total": 216, "reused": 1, "new": 102, "last_cell": {"seed": 103, "scale": 1.0, "activation": "silu", "control": "none", "target": "linear"}, "seconds": 3.3867827909998596, "updated_at": 1791223444.183307, "solver_evaluation": "not_run"}
{"status": "running", "pid": 7179, "completed": 104, "total": 216, "reused": 1, "new": 103, "last_cell": {"seed": 103, "scale": 1.0, "activation": "silu", "control": "none", "target": "quadratic"}, "seconds": 3.4173671249991457, "updated_at": 1791223444.213892, "solver_evaluation": "not_run"}
{"status": "running", "pid": 7179, "completed": 105, "total": 216, "reused": 1, "new": 104, "last_cell": {"seed": 103, "scale": 1.0, "activation": "silu", "control": "preactivation_ln", "target": "linear"}, "seconds": 3.448846790997777, "updated_at": 1791223444.245373, "solver_evaluation": "not_run"}
{"status": "running", "pid": 7179, "completed": 106, "total": 216, "reused": 1, "new": 105, "last_cell": {"seed": 103, "scale": 1.0, "activation": "silu", "control": "preactivation_ln", "target": "quadratic"}, "seconds": 3.4792180830008874, "updated_at": 1791223444.275744, "solver_evaluation": "not_run"}
{"status": "running", "pid": 7179, "completed": 107, "total": 216, "reused": 1, "new": 106, "last_cell": {"seed": 103, "scale": 1.0, "activation": "silu", "control": "linear_skip", "target": "linear"}, "seconds": 3.521423791000416, "updated_at": 1791223444.317951, "solver_evaluation": "not_run"}
{"status": "running", "pid": 7179, "completed": 108, "total": 216, "reused": 1, "new": 107, "last_cell": {"seed": 103, "scale": 1.0, "activation": "silu", "control": "linear_skip", "target": "quadratic"}, "seconds": 3.562473874997522, "updated_at": 1791223444.359002, "solver_evaluation": "not_run"}
{"status": "running", "pid": 7179, "completed": 109, "total": 216, "reused": 1, "new": 108, "last_cell": {"seed": 104, "scale": 0.05, "activation": "relu", "control": "none", "target": "linear"}, "seconds": 3.5902966249996098, "updated_at": 1791223444.386826, "solver_evaluation": "not_run"}
{"status": "running", "pid": 7179, "completed": 110, "total": 216, "reused": 1, "new": 109, "last_cell": {"seed": 104, "scale": 0.05, "activation": "relu", "control": "none", "target": "quadratic"}, "seconds": 3.617660749998322, "updated_at": 1791223444.414191, "solver_evaluation": "not_run"}
{"status": "running", "pid": 7179, "completed": 111, "total": 216, "reused": 1, "new": 110, "last_cell": {"seed": 104, "scale": 0.05, "activation": "relu", "control": "preactivation_ln", "target": "linear"}, "seconds": 3.64544683299755, "updated_at": 1791223444.441977, "solver_evaluation": "not_run"}
{"status": "running", "pid": 7179, "completed": 112, "total": 216, "reused": 1, "new": 111, "last_cell": {"seed": 104, "scale": 0.05, "activation": "relu", "control": "preactivation_ln", "target": "quadratic"}, "seconds": 3.6724511659995187, "updated_at": 1791223444.468982, "solver_evaluation": "not_run"}
{"status": "running", "pid": 7179, "completed": 113, "total": 216, "reused": 1, "new": 112, "last_cell": {"seed": 104, "scale": 0.05, "activation": "relu", "control": "linear_skip", "target": "linear"}, "seconds": 3.7104403329976776, "updated_at": 1791223444.506973, "solver_evaluation": "not_run"}
{"status": "running", "pid": 7179, "completed": 114, "total": 216, "reused": 1, "new": 113, "last_cell": {"seed": 104, "scale": 0.05, "activation": "relu", "control": "linear_skip", "target": "quadratic"}, "seconds": 3.7485411249981553, "updated_at": 1791223444.545074, "solver_evaluation": "not_run"}
{"status": "running", "pid": 7179, "completed": 115, "total": 216, "reused": 1, "new": 114, "last_cell": {"seed": 104, "scale": 0.05, "activation": "silu", "control": "none", "target": "linear"}, "seconds": 3.7792605829999957, "updated_at": 1791223444.575794, "solver_evaluation": "not_run"}
{"status": "running", "pid": 7179, "completed": 116, "total": 216, "reused": 1, "new": 115, "last_cell": {"seed": 104, "scale": 0.05, "activation": "silu", "control": "none", "target": "quadratic"}, "seconds": 3.8094502079984522, "updated_at": 1791223444.605985, "solver_evaluation": "not_run"}
{"status": "running", "pid": 7179, "completed": 117, "total": 216, "reused": 1, "new": 116, "last_cell": {"seed": 104, "scale": 0.05, "activation": "silu", "control": "preactivation_ln", "target": "linear"}, "seconds": 3.840813208000327, "updated_at": 1791223444.6373491, "solver_evaluation": "not_run"}
{"status": "running", "pid": 7179, "completed": 118, "total": 216, "reused": 1, "new": 117, "last_cell": {"seed": 104, "scale": 0.05, "activation": "silu", "control": "preactivation_ln", "target": "quadratic"}, "seconds": 3.871255250000104, "updated_at": 1791223444.6677911, "solver_evaluation": "not_run"}
{"status": "running", "pid": 7179, "completed": 119, "total": 216, "reused": 1, "new": 118, "last_cell": {"seed": 104, "scale": 0.05, "activation": "silu", "control": "linear_skip", "target": "linear"}, "seconds": 3.9133285409989185, "updated_at": 1791223444.709866, "solver_evaluation": "not_run"}
{"status": "running", "pid": 7179, "completed": 120, "total": 216, "reused": 1, "new": 119, "last_cell": {"seed": 104, "scale": 0.05, "activation": "silu", "control": "linear_skip", "target": "quadratic"}, "seconds": 3.9541787909984123, "updated_at": 1791223444.750717, "solver_evaluation": "not_run"}
{"status": "running", "pid": 7179, "completed": 121, "total": 216, "reused": 1, "new": 120, "last_cell": {"seed": 104, "scale": 0.2, "activation": "relu", "control": "none", "target": "linear"}, "seconds": 3.9816405409983417, "updated_at": 1791223444.7781792, "solver_evaluation": "not_run"}
{"status": "running", "pid": 7179, "completed": 122, "total": 216, "reused": 1, "new": 121, "last_cell": {"seed": 104, "scale": 0.2, "activation": "relu", "control": "none", "target": "quadratic"}, "seconds": 4.008560415997636, "updated_at": 1791223444.8051, "solver_evaluation": "not_run"}
{"status": "running", "pid": 7179, "completed": 123, "total": 216, "reused": 1, "new": 122, "last_cell": {"seed": 104, "scale": 0.2, "activation": "relu", "control": "preactivation_ln", "target": "linear"}, "seconds": 4.037052832998597, "updated_at": 1791223444.833594, "solver_evaluation": "not_run"}
{"status": "running", "pid": 7179, "completed": 124, "total": 216, "reused": 1, "new": 123, "last_cell": {"seed": 104, "scale": 0.2, "activation": "relu", "control": "preactivation_ln", "target": "quadratic"}, "seconds": 4.064322374997573, "updated_at": 1791223444.860863, "solver_evaluation": "not_run"}
{"status": "running", "pid": 7179, "completed": 125, "total": 216, "reused": 1, "new": 124, "last_cell": {"seed": 104, "scale": 0.2, "activation": "relu", "control": "linear_skip", "target": "linear"}, "seconds": 4.102606207998178, "updated_at": 1791223444.899148, "solver_evaluation": "not_run"}
{"status": "running", "pid": 7179, "completed": 126, "total": 216, "reused": 1, "new": 125, "last_cell": {"seed": 104, "scale": 0.2, "activation": "relu", "control": "linear_skip", "target": "quadratic"}, "seconds": 4.140444207998371, "updated_at": 1791223444.936987, "solver_evaluation": "not_run"}
{"status": "running", "pid": 7179, "completed": 127, "total": 216, "reused": 1, "new": 126, "last_cell": {"seed": 104, "scale": 0.2, "activation": "silu", "control": "none", "target": "linear"}, "seconds": 4.171196040999348, "updated_at": 1791223444.9677398, "solver_evaluation": "not_run"}
{"status": "running", "pid": 7179, "completed": 128, "total": 216, "reused": 1, "new": 127, "last_cell": {"seed": 104, "scale": 0.2, "activation": "silu", "control": "none", "target": "quadratic"}, "seconds": 4.201616124999418, "updated_at": 1791223444.9981608, "solver_evaluation": "not_run"}
{"status": "running", "pid": 7179, "completed": 129, "total": 216, "reused": 1, "new": 128, "last_cell": {"seed": 104, "scale": 0.2, "activation": "silu", "control": "preactivation_ln", "target": "linear"}, "seconds": 4.233740125000622, "updated_at": 1791223445.0302851, "solver_evaluation": "not_run"}
{"status": "running", "pid": 7179, "completed": 130, "total": 216, "reused": 1, "new": 129, "last_cell": {"seed": 104, "scale": 0.2, "activation": "silu", "control": "preactivation_ln", "target": "quadratic"}, "seconds": 4.265130083000258, "updated_at": 1791223445.061676, "solver_evaluation": "not_run"}
{"status": "running", "pid": 7179, "completed": 131, "total": 216, "reused": 1, "new": 130, "last_cell": {"seed": 104, "scale": 0.2, "activation": "silu", "control": "linear_skip", "target": "linear"}, "seconds": 4.307271707999462, "updated_at": 1791223445.103819, "solver_evaluation": "not_run"}
{"status": "running", "pid": 7179, "completed": 132, "total": 216, "reused": 1, "new": 131, "last_cell": {"seed": 104, "scale": 0.2, "activation": "silu", "control": "linear_skip", "target": "quadratic"}, "seconds": 4.34888091600078, "updated_at": 1791223445.145429, "solver_evaluation": "not_run"}
{"status": "running", "pid": 7179, "completed": 133, "total": 216, "reused": 1, "new": 132, "last_cell": {"seed": 104, "scale": 1.0, "activation": "relu", "control": "none", "target": "linear"}, "seconds": 4.376270000000659, "updated_at": 1791223445.172819, "solver_evaluation": "not_run"}
{"status": "running", "pid": 7179, "completed": 134, "total": 216, "reused": 1, "new": 133, "last_cell": {"seed": 104, "scale": 1.0, "activation": "relu", "control": "none", "target": "quadratic"}, "seconds": 4.403782582998247, "updated_at": 1791223445.200332, "solver_evaluation": "not_run"}
{"status": "running", "pid": 7179, "completed": 135, "total": 216, "reused": 1, "new": 134, "last_cell": {"seed": 104, "scale": 1.0, "activation": "relu", "control": "preactivation_ln", "target": "linear"}, "seconds": 4.431404957998893, "updated_at": 1791223445.2279549, "solver_evaluation": "not_run"}
{"status": "running", "pid": 7179, "completed": 136, "total": 216, "reused": 1, "new": 135, "last_cell": {"seed": 104, "scale": 1.0, "activation": "relu", "control": "preactivation_ln", "target": "quadratic"}, "seconds": 4.458649583000806, "updated_at": 1791223445.2552, "solver_evaluation": "not_run"}
{"status": "running", "pid": 7179, "completed": 137, "total": 216, "reused": 1, "new": 136, "last_cell": {"seed": 104, "scale": 1.0, "activation": "relu", "control": "linear_skip", "target": "linear"}, "seconds": 4.496715207998932, "updated_at": 1791223445.293267, "solver_evaluation": "not_run"}
{"status": "running", "pid": 7179, "completed": 138, "total": 216, "reused": 1, "new": 137, "last_cell": {"seed": 104, "scale": 1.0, "activation": "relu", "control": "linear_skip", "target": "quadratic"}, "seconds": 4.534474000000046, "updated_at": 1791223445.331027, "solver_evaluation": "not_run"}
{"status": "running", "pid": 7179, "completed": 139, "total": 216, "reused": 1, "new": 138, "last_cell": {"seed": 104, "scale": 1.0, "activation": "silu", "control": "none", "target": "linear"}, "seconds": 4.565622207999695, "updated_at": 1791223445.362176, "solver_evaluation": "not_run"}
{"status": "running", "pid": 7179, "completed": 140, "total": 216, "reused": 1, "new": 139, "last_cell": {"seed": 104, "scale": 1.0, "activation": "silu", "control": "none", "target": "quadratic"}, "seconds": 4.595782165997662, "updated_at": 1791223445.392336, "solver_evaluation": "not_run"}
{"status": "running", "pid": 7179, "completed": 141, "total": 216, "reused": 1, "new": 140, "last_cell": {"seed": 104, "scale": 1.0, "activation": "silu", "control": "preactivation_ln", "target": "linear"}, "seconds": 4.627240750000055, "updated_at": 1791223445.423796, "solver_evaluation": "not_run"}
{"status": "running", "pid": 7179, "completed": 142, "total": 216, "reused": 1, "new": 141, "last_cell": {"seed": 104, "scale": 1.0, "activation": "silu", "control": "preactivation_ln", "target": "quadratic"}, "seconds": 4.65763529099786, "updated_at": 1791223445.4541912, "solver_evaluation": "not_run"}
{"status": "running", "pid": 7179, "completed": 143, "total": 216, "reused": 1, "new": 142, "last_cell": {"seed": 104, "scale": 1.0, "activation": "silu", "control": "linear_skip", "target": "linear"}, "seconds": 4.699961291000363, "updated_at": 1791223445.496518, "solver_evaluation": "not_run"}
{"status": "running", "pid": 7179, "completed": 144, "total": 216, "reused": 1, "new": 143, "last_cell": {"seed": 104, "scale": 1.0, "activation": "silu", "control": "linear_skip", "target": "quadratic"}, "seconds": 4.740703790997941, "updated_at": 1791223445.537262, "solver_evaluation": "not_run"}
{"status": "running", "pid": 7179, "completed": 145, "total": 216, "reused": 1, "new": 144, "last_cell": {"seed": 105, "scale": 0.05, "activation": "relu", "control": "none", "target": "linear"}, "seconds": 4.768439749997924, "updated_at": 1791223445.5649989, "solver_evaluation": "not_run"}
{"status": "running", "pid": 7179, "completed": 146, "total": 216, "reused": 1, "new": 145, "last_cell": {"seed": 105, "scale": 0.05, "activation": "relu", "control": "none", "target": "quadratic"}, "seconds": 4.796652999997605, "updated_at": 1791223445.5932128, "solver_evaluation": "not_run"}
{"status": "running", "pid": 7179, "completed": 147, "total": 216, "reused": 1, "new": 146, "last_cell": {"seed": 105, "scale": 0.05, "activation": "relu", "control": "preactivation_ln", "target": "linear"}, "seconds": 4.8255226660003245, "updated_at": 1791223445.6220832, "solver_evaluation": "not_run"}
{"status": "running", "pid": 7179, "completed": 148, "total": 216, "reused": 1, "new": 147, "last_cell": {"seed": 105, "scale": 0.05, "activation": "relu", "control": "preactivation_ln", "target": "quadratic"}, "seconds": 4.853550832998735, "updated_at": 1791223445.650112, "solver_evaluation": "not_run"}
{"status": "running", "pid": 7179, "completed": 149, "total": 216, "reused": 1, "new": 148, "last_cell": {"seed": 105, "scale": 0.05, "activation": "relu", "control": "linear_skip", "target": "linear"}, "seconds": 4.892076166001061, "updated_at": 1791223445.688638, "solver_evaluation": "not_run"}
{"status": "running", "pid": 7179, "completed": 150, "total": 216, "reused": 1, "new": 149, "last_cell": {"seed": 105, "scale": 0.05, "activation": "relu", "control": "linear_skip", "target": "quadratic"}, "seconds": 4.930397374999302, "updated_at": 1791223445.7269602, "solver_evaluation": "not_run"}
{"status": "running", "pid": 7179, "completed": 151, "total": 216, "reused": 1, "new": 150, "last_cell": {"seed": 105, "scale": 0.05, "activation": "silu", "control": "none", "target": "linear"}, "seconds": 4.961348374999943, "updated_at": 1791223445.7579122, "solver_evaluation": "not_run"}
{"status": "running", "pid": 7179, "completed": 152, "total": 216, "reused": 1, "new": 151, "last_cell": {"seed": 105, "scale": 0.05, "activation": "silu", "control": "none", "target": "quadratic"}, "seconds": 4.991762875000859, "updated_at": 1791223445.788327, "solver_evaluation": "not_run"}
{"status": "running", "pid": 7179, "completed": 153, "total": 216, "reused": 1, "new": 152, "last_cell": {"seed": 105, "scale": 0.05, "activation": "silu", "control": "preactivation_ln", "target": "linear"}, "seconds": 5.023323458000959, "updated_at": 1791223445.8198888, "solver_evaluation": "not_run"}
{"status": "running", "pid": 7179, "completed": 154, "total": 216, "reused": 1, "new": 153, "last_cell": {"seed": 105, "scale": 0.05, "activation": "silu", "control": "preactivation_ln", "target": "quadratic"}, "seconds": 5.0542050000003655, "updated_at": 1791223445.850771, "solver_evaluation": "not_run"}
{"status": "running", "pid": 7179, "completed": 155, "total": 216, "reused": 1, "new": 154, "last_cell": {"seed": 105, "scale": 0.05, "activation": "silu", "control": "linear_skip", "target": "linear"}, "seconds": 5.096724790997541, "updated_at": 1791223445.893292, "solver_evaluation": "not_run"}
{"status": "running", "pid": 7179, "completed": 156, "total": 216, "reused": 1, "new": 155, "last_cell": {"seed": 105, "scale": 0.05, "activation": "silu", "control": "linear_skip", "target": "quadratic"}, "seconds": 5.137885874999483, "updated_at": 1791223445.934454, "solver_evaluation": "not_run"}
{"status": "running", "pid": 7179, "completed": 157, "total": 216, "reused": 1, "new": 156, "last_cell": {"seed": 105, "scale": 0.2, "activation": "relu", "control": "none", "target": "linear"}, "seconds": 5.165666832999705, "updated_at": 1791223445.962235, "solver_evaluation": "not_run"}
{"status": "running", "pid": 7179, "completed": 158, "total": 216, "reused": 1, "new": 157, "last_cell": {"seed": 105, "scale": 0.2, "activation": "relu", "control": "none", "target": "quadratic"}, "seconds": 5.193068624997977, "updated_at": 1791223445.9896379, "solver_evaluation": "not_run"}
{"status": "running", "pid": 7179, "completed": 159, "total": 216, "reused": 1, "new": 158, "last_cell": {"seed": 105, "scale": 0.2, "activation": "relu", "control": "preactivation_ln", "target": "linear"}, "seconds": 5.221331541000836, "updated_at": 1791223446.017901, "solver_evaluation": "not_run"}
{"status": "running", "pid": 7179, "completed": 160, "total": 216, "reused": 1, "new": 159, "last_cell": {"seed": 105, "scale": 0.2, "activation": "relu", "control": "preactivation_ln", "target": "quadratic"}, "seconds": 5.248727540998516, "updated_at": 1791223446.0452979, "solver_evaluation": "not_run"}
{"status": "running", "pid": 7179, "completed": 161, "total": 216, "reused": 1, "new": 160, "last_cell": {"seed": 105, "scale": 0.2, "activation": "relu", "control": "linear_skip", "target": "linear"}, "seconds": 5.2876148329996795, "updated_at": 1791223446.0841868, "solver_evaluation": "not_run"}
{"status": "running", "pid": 7179, "completed": 162, "total": 216, "reused": 1, "new": 161, "last_cell": {"seed": 105, "scale": 0.2, "activation": "relu", "control": "linear_skip", "target": "quadratic"}, "seconds": 5.325866125000175, "updated_at": 1791223446.122439, "solver_evaluation": "not_run"}
{"status": "running", "pid": 7179, "completed": 163, "total": 216, "reused": 1, "new": 162, "last_cell": {"seed": 105, "scale": 0.2, "activation": "silu", "control": "none", "target": "linear"}, "seconds": 5.356506790998537, "updated_at": 1791223446.15308, "solver_evaluation": "not_run"}
{"status": "running", "pid": 7179, "completed": 164, "total": 216, "reused": 1, "new": 163, "last_cell": {"seed": 105, "scale": 0.2, "activation": "silu", "control": "none", "target": "quadratic"}, "seconds": 5.386709708000126, "updated_at": 1791223446.183284, "solver_evaluation": "not_run"}
{"status": "running", "pid": 7179, "completed": 165, "total": 216, "reused": 1, "new": 164, "last_cell": {"seed": 105, "scale": 0.2, "activation": "silu", "control": "preactivation_ln", "target": "linear"}, "seconds": 5.417612375000317, "updated_at": 1791223446.214187, "solver_evaluation": "not_run"}
{"status": "running", "pid": 7179, "completed": 166, "total": 216, "reused": 1, "new": 165, "last_cell": {"seed": 105, "scale": 0.2, "activation": "silu", "control": "preactivation_ln", "target": "quadratic"}, "seconds": 5.448142665998603, "updated_at": 1791223446.244718, "solver_evaluation": "not_run"}
{"status": "running", "pid": 7179, "completed": 167, "total": 216, "reused": 1, "new": 166, "last_cell": {"seed": 105, "scale": 0.2, "activation": "silu", "control": "linear_skip", "target": "linear"}, "seconds": 5.4894557500010706, "updated_at": 1791223446.286032, "solver_evaluation": "not_run"}
{"status": "running", "pid": 7179, "completed": 168, "total": 216, "reused": 1, "new": 167, "last_cell": {"seed": 105, "scale": 0.2, "activation": "silu", "control": "linear_skip", "target": "quadratic"}, "seconds": 5.530367040999408, "updated_at": 1791223446.326945, "solver_evaluation": "not_run"}
{"status": "running", "pid": 7179, "completed": 169, "total": 216, "reused": 1, "new": 168, "last_cell": {"seed": 105, "scale": 1.0, "activation": "relu", "control": "none", "target": "linear"}, "seconds": 5.558035707999807, "updated_at": 1791223446.354614, "solver_evaluation": "not_run"}
{"status": "running", "pid": 7179, "completed": 170, "total": 216, "reused": 1, "new": 169, "last_cell": {"seed": 105, "scale": 1.0, "activation": "relu", "control": "none", "target": "quadratic"}, "seconds": 5.585178540997731, "updated_at": 1791223446.381758, "solver_evaluation": "not_run"}
{"status": "running", "pid": 7179, "completed": 171, "total": 216, "reused": 1, "new": 170, "last_cell": {"seed": 105, "scale": 1.0, "activation": "relu", "control": "preactivation_ln", "target": "linear"}, "seconds": 5.613107832999958, "updated_at": 1791223446.409687, "solver_evaluation": "not_run"}
{"status": "running", "pid": 7179, "completed": 172, "total": 216, "reused": 1, "new": 171, "last_cell": {"seed": 105, "scale": 1.0, "activation": "relu", "control": "preactivation_ln", "target": "quadratic"}, "seconds": 5.640157916001044, "updated_at": 1791223446.436738, "solver_evaluation": "not_run"}
{"status": "running", "pid": 7179, "completed": 173, "total": 216, "reused": 1, "new": 172, "last_cell": {"seed": 105, "scale": 1.0, "activation": "relu", "control": "linear_skip", "target": "linear"}, "seconds": 5.678546915998595, "updated_at": 1791223446.4751282, "solver_evaluation": "not_run"}
{"status": "running", "pid": 7179, "completed": 174, "total": 216, "reused": 1, "new": 173, "last_cell": {"seed": 105, "scale": 1.0, "activation": "relu", "control": "linear_skip", "target": "quadratic"}, "seconds": 5.716636749999452, "updated_at": 1791223446.513219, "solver_evaluation": "not_run"}
{"status": "running", "pid": 7179, "completed": 175, "total": 216, "reused": 1, "new": 174, "last_cell": {"seed": 105, "scale": 1.0, "activation": "silu", "control": "none", "target": "linear"}, "seconds": 5.747887040997739, "updated_at": 1791223446.54447, "solver_evaluation": "not_run"}
{"status": "running", "pid": 7179, "completed": 176, "total": 216, "reused": 1, "new": 175, "last_cell": {"seed": 105, "scale": 1.0, "activation": "silu", "control": "none", "target": "quadratic"}, "seconds": 5.778027624997776, "updated_at": 1791223446.574611, "solver_evaluation": "not_run"}
{"status": "running", "pid": 7179, "completed": 177, "total": 216, "reused": 1, "new": 176, "last_cell": {"seed": 105, "scale": 1.0, "activation": "silu", "control": "preactivation_ln", "target": "linear"}, "seconds": 5.809062457999971, "updated_at": 1791223446.605647, "solver_evaluation": "not_run"}
{"status": "running", "pid": 7179, "completed": 178, "total": 216, "reused": 1, "new": 177, "last_cell": {"seed": 105, "scale": 1.0, "activation": "silu", "control": "preactivation_ln", "target": "quadratic"}, "seconds": 5.839503250001144, "updated_at": 1791223446.636089, "solver_evaluation": "not_run"}
{"status": "running", "pid": 7179, "completed": 179, "total": 216, "reused": 1, "new": 178, "last_cell": {"seed": 105, "scale": 1.0, "activation": "silu", "control": "linear_skip", "target": "linear"}, "seconds": 5.88136616599877, "updated_at": 1791223446.677953, "solver_evaluation": "not_run"}
{"status": "running", "pid": 7179, "completed": 180, "total": 216, "reused": 1, "new": 179, "last_cell": {"seed": 105, "scale": 1.0, "activation": "silu", "control": "linear_skip", "target": "quadratic"}, "seconds": 5.922267040998122, "updated_at": 1791223446.718854, "solver_evaluation": "not_run"}
{"status": "running", "pid": 7179, "completed": 181, "total": 216, "reused": 1, "new": 180, "last_cell": {"seed": 106, "scale": 0.05, "activation": "relu", "control": "none", "target": "linear"}, "seconds": 5.949454540997976, "updated_at": 1791223446.746043, "solver_evaluation": "not_run"}
{"status": "running", "pid": 7179, "completed": 182, "total": 216, "reused": 1, "new": 181, "last_cell": {"seed": 106, "scale": 0.05, "activation": "relu", "control": "none", "target": "quadratic"}, "seconds": 5.97653120799805, "updated_at": 1791223446.77312, "solver_evaluation": "not_run"}
{"status": "running", "pid": 7179, "completed": 183, "total": 216, "reused": 1, "new": 182, "last_cell": {"seed": 106, "scale": 0.05, "activation": "relu", "control": "preactivation_ln", "target": "linear"}, "seconds": 6.00409474999833, "updated_at": 1791223446.800684, "solver_evaluation": "not_run"}
{"status": "running", "pid": 7179, "completed": 184, "total": 216, "reused": 1, "new": 183, "last_cell": {"seed": 106, "scale": 0.05, "activation": "relu", "control": "preactivation_ln", "target": "quadratic"}, "seconds": 6.031236499999068, "updated_at": 1791223446.827827, "solver_evaluation": "not_run"}
{"status": "running", "pid": 7179, "completed": 185, "total": 216, "reused": 1, "new": 184, "last_cell": {"seed": 106, "scale": 0.05, "activation": "relu", "control": "linear_skip", "target": "linear"}, "seconds": 6.069567250000546, "updated_at": 1791223446.866158, "solver_evaluation": "not_run"}
{"status": "running", "pid": 7179, "completed": 186, "total": 216, "reused": 1, "new": 185, "last_cell": {"seed": 106, "scale": 0.05, "activation": "relu", "control": "linear_skip", "target": "quadratic"}, "seconds": 6.108239290999336, "updated_at": 1791223446.904832, "solver_evaluation": "not_run"}
{"status": "running", "pid": 7179, "completed": 187, "total": 216, "reused": 1, "new": 186, "last_cell": {"seed": 106, "scale": 0.05, "activation": "silu", "control": "none", "target": "linear"}, "seconds": 6.140276624999387, "updated_at": 1791223446.9368699, "solver_evaluation": "not_run"}
{"status": "running", "pid": 7179, "completed": 188, "total": 216, "reused": 1, "new": 187, "last_cell": {"seed": 106, "scale": 0.05, "activation": "silu", "control": "none", "target": "quadratic"}, "seconds": 6.170815458001016, "updated_at": 1791223446.967409, "solver_evaluation": "not_run"}
{"status": "running", "pid": 7179, "completed": 189, "total": 216, "reused": 1, "new": 188, "last_cell": {"seed": 106, "scale": 0.05, "activation": "silu", "control": "preactivation_ln", "target": "linear"}, "seconds": 6.202170665997983, "updated_at": 1791223446.998765, "solver_evaluation": "not_run"}
{"status": "running", "pid": 7179, "completed": 190, "total": 216, "reused": 1, "new": 189, "last_cell": {"seed": 106, "scale": 0.05, "activation": "silu", "control": "preactivation_ln", "target": "quadratic"}, "seconds": 6.232586333000654, "updated_at": 1791223447.029182, "solver_evaluation": "not_run"}
{"status": "running", "pid": 7179, "completed": 191, "total": 216, "reused": 1, "new": 190, "last_cell": {"seed": 106, "scale": 0.05, "activation": "silu", "control": "linear_skip", "target": "linear"}, "seconds": 6.274708582997846, "updated_at": 1791223447.071305, "solver_evaluation": "not_run"}
{"status": "running", "pid": 7179, "completed": 192, "total": 216, "reused": 1, "new": 191, "last_cell": {"seed": 106, "scale": 0.05, "activation": "silu", "control": "linear_skip", "target": "quadratic"}, "seconds": 6.315676374997565, "updated_at": 1791223447.112273, "solver_evaluation": "not_run"}
{"status": "running", "pid": 7179, "completed": 193, "total": 216, "reused": 1, "new": 192, "last_cell": {"seed": 106, "scale": 0.2, "activation": "relu", "control": "none", "target": "linear"}, "seconds": 6.343460166001023, "updated_at": 1791223447.140058, "solver_evaluation": "not_run"}
{"status": "running", "pid": 7179, "completed": 194, "total": 216, "reused": 1, "new": 193, "last_cell": {"seed": 106, "scale": 0.2, "activation": "relu", "control": "none", "target": "quadratic"}, "seconds": 6.371171791000961, "updated_at": 1791223447.1677701, "solver_evaluation": "not_run"}
{"status": "running", "pid": 7179, "completed": 195, "total": 216, "reused": 1, "new": 194, "last_cell": {"seed": 106, "scale": 0.2, "activation": "relu", "control": "preactivation_ln", "target": "linear"}, "seconds": 6.398604791000253, "updated_at": 1791223447.195204, "solver_evaluation": "not_run"}
{"status": "running", "pid": 7179, "completed": 196, "total": 216, "reused": 1, "new": 195, "last_cell": {"seed": 106, "scale": 0.2, "activation": "relu", "control": "preactivation_ln", "target": "quadratic"}, "seconds": 6.4255306249979185, "updated_at": 1791223447.222131, "solver_evaluation": "not_run"}
{"status": "running", "pid": 7179, "completed": 197, "total": 216, "reused": 1, "new": 196, "last_cell": {"seed": 106, "scale": 0.2, "activation": "relu", "control": "linear_skip", "target": "linear"}, "seconds": 6.463957040999958, "updated_at": 1791223447.2605581, "solver_evaluation": "not_run"}
{"status": "running", "pid": 7179, "completed": 198, "total": 216, "reused": 1, "new": 197, "last_cell": {"seed": 106, "scale": 0.2, "activation": "relu", "control": "linear_skip", "target": "quadratic"}, "seconds": 6.501479415997892, "updated_at": 1791223447.298081, "solver_evaluation": "not_run"}
{"status": "running", "pid": 7179, "completed": 199, "total": 216, "reused": 1, "new": 198, "last_cell": {"seed": 106, "scale": 0.2, "activation": "silu", "control": "none", "target": "linear"}, "seconds": 6.532553500001086, "updated_at": 1791223447.3291562, "solver_evaluation": "not_run"}
{"status": "running", "pid": 7179, "completed": 200, "total": 216, "reused": 1, "new": 199, "last_cell": {"seed": 106, "scale": 0.2, "activation": "silu", "control": "none", "target": "quadratic"}, "seconds": 6.562305957999342, "updated_at": 1791223447.358909, "solver_evaluation": "not_run"}
{"status": "running", "pid": 7179, "completed": 201, "total": 216, "reused": 1, "new": 200, "last_cell": {"seed": 106, "scale": 0.2, "activation": "silu", "control": "preactivation_ln", "target": "linear"}, "seconds": 6.5936491249995015, "updated_at": 1791223447.390253, "solver_evaluation": "not_run"}
{"status": "running", "pid": 7179, "completed": 202, "total": 216, "reused": 1, "new": 201, "last_cell": {"seed": 106, "scale": 0.2, "activation": "silu", "control": "preactivation_ln", "target": "quadratic"}, "seconds": 6.623748333000549, "updated_at": 1791223447.420353, "solver_evaluation": "not_run"}
{"status": "running", "pid": 7179, "completed": 203, "total": 216, "reused": 1, "new": 202, "last_cell": {"seed": 106, "scale": 0.2, "activation": "silu", "control": "linear_skip", "target": "linear"}, "seconds": 6.665915540997958, "updated_at": 1791223447.462521, "solver_evaluation": "not_run"}
{"status": "running", "pid": 7179, "completed": 204, "total": 216, "reused": 1, "new": 203, "last_cell": {"seed": 106, "scale": 0.2, "activation": "silu", "control": "linear_skip", "target": "quadratic"}, "seconds": 6.70681866599989, "updated_at": 1791223447.503426, "solver_evaluation": "not_run"}
{"status": "running", "pid": 7179, "completed": 205, "total": 216, "reused": 1, "new": 204, "last_cell": {"seed": 106, "scale": 1.0, "activation": "relu", "control": "none", "target": "linear"}, "seconds": 6.734239124998567, "updated_at": 1791223447.530847, "solver_evaluation": "not_run"}
{"status": "running", "pid": 7179, "completed": 206, "total": 216, "reused": 1, "new": 205, "last_cell": {"seed": 106, "scale": 1.0, "activation": "relu", "control": "none", "target": "quadratic"}, "seconds": 6.761543665998033, "updated_at": 1791223447.558152, "solver_evaluation": "not_run"}
{"status": "running", "pid": 7179, "completed": 207, "total": 216, "reused": 1, "new": 206, "last_cell": {"seed": 106, "scale": 1.0, "activation": "relu", "control": "preactivation_ln", "target": "linear"}, "seconds": 6.7893750830007775, "updated_at": 1791223447.585984, "solver_evaluation": "not_run"}
{"status": "running", "pid": 7179, "completed": 208, "total": 216, "reused": 1, "new": 207, "last_cell": {"seed": 106, "scale": 1.0, "activation": "relu", "control": "preactivation_ln", "target": "quadratic"}, "seconds": 6.8163416249990405, "updated_at": 1791223447.612951, "solver_evaluation": "not_run"}
{"status": "running", "pid": 7179, "completed": 209, "total": 216, "reused": 1, "new": 208, "last_cell": {"seed": 106, "scale": 1.0, "activation": "relu", "control": "linear_skip", "target": "linear"}, "seconds": 6.854707333000988, "updated_at": 1791223447.651318, "solver_evaluation": "not_run"}
{"status": "running", "pid": 7179, "completed": 210, "total": 216, "reused": 1, "new": 209, "last_cell": {"seed": 106, "scale": 1.0, "activation": "relu", "control": "linear_skip", "target": "quadratic"}, "seconds": 6.892231833000551, "updated_at": 1791223447.688843, "solver_evaluation": "not_run"}
{"status": "running", "pid": 7179, "completed": 211, "total": 216, "reused": 1, "new": 210, "last_cell": {"seed": 106, "scale": 1.0, "activation": "silu", "control": "none", "target": "linear"}, "seconds": 6.923065082999528, "updated_at": 1791223447.719677, "solver_evaluation": "not_run"}
{"status": "running", "pid": 7179, "completed": 212, "total": 216, "reused": 1, "new": 211, "last_cell": {"seed": 106, "scale": 1.0, "activation": "silu", "control": "none", "target": "quadratic"}, "seconds": 6.953570833000413, "updated_at": 1791223447.7501838, "solver_evaluation": "not_run"}
{"status": "running", "pid": 7179, "completed": 213, "total": 216, "reused": 1, "new": 212, "last_cell": {"seed": 106, "scale": 1.0, "activation": "silu", "control": "preactivation_ln", "target": "linear"}, "seconds": 6.988378040998214, "updated_at": 1791223447.784992, "solver_evaluation": "not_run"}
{"status": "running", "pid": 7179, "completed": 214, "total": 216, "reused": 1, "new": 213, "last_cell": {"seed": 106, "scale": 1.0, "activation": "silu", "control": "preactivation_ln", "target": "quadratic"}, "seconds": 7.019816249998257, "updated_at": 1791223447.816431, "solver_evaluation": "not_run"}
{"status": "running", "pid": 7179, "completed": 215, "total": 216, "reused": 1, "new": 214, "last_cell": {"seed": 106, "scale": 1.0, "activation": "silu", "control": "linear_skip", "target": "linear"}, "seconds": 7.062187249997805, "updated_at": 1791223447.858803, "solver_evaluation": "not_run"}
{"status": "measurements_complete", "pid": 7179, "completed": 216, "total": 216, "reused": 1, "new": 215, "last_cell": {"seed": 106, "scale": 1.0, "activation": "silu", "control": "linear_skip", "target": "quadratic"}, "seconds": 7.103794624999864, "updated_at": 1791223447.900411, "solver_evaluation": "not_run"}
