{
  "scientific_prediction": {
    "P1": {
      "status": "supported",
      "passed": 2,
      "total": 2
    }
  },
  "round_result": "partial",
  "registered_validation_failed": "B4 mean_coordinates和mean_risk与保存B8必须逐位相等：两个seed均失败。",
  "other_numerical_validation": "新B4独立raw二阶矩与argmin通过；有限/窗内/PSD/full原样继承/保存full容差通过。",
  "no_posthoc_tolerance_change": true,
  "original_analysis_and_log_preserved": true,
  "successful_cells_not_overwritten": true,
  "state_only_D9_last_round_next_question_changed": true,
  "round_unchanged": true,
  "rounds_done_unchanged": true,
  "cells": [
    {
      "seed": 411,
      "freeze_before_cell_seconds": 8.029707193374634,
      "same_basis_values": true,
      "B8_basis_F_contiguous": true,
      "B8_basis_C_contiguous": false,
      "B4_basis_F_contiguous": false,
      "B4_basis_C_contiguous": true,
      "registered_exact_mean_equality_pass": false,
      "mean_coordinates_maxabs": 2.3092638912203256e-14,
      "mean_risk_maxabs": 3.885780586188048e-16
    },
    {
      "seed": 412,
      "freeze_before_cell_seconds": 8.845985651016235,
      "same_basis_values": true,
      "B8_basis_F_contiguous": true,
      "B8_basis_C_contiguous": false,
      "B4_basis_F_contiguous": false,
      "B4_basis_C_contiguous": true,
      "registered_exact_mean_equality_pass": false,
      "mean_coordinates_maxabs": 8.743006318923108e-15,
      "mean_risk_maxabs": 4.440892098500626e-16
    }
  ],
  "pins": {
    "git_commit": "40d29b1f67a4868caabefd6ab6502f2f8ea96e32",
    "sha256": {
      "preregistration.json": "2c7084d9bc3b08dd7405cd20122540884c43456e97bade501c09113cf2d3adb7",
      "executed/run.py": "eb8c3c01b88c1d0a881907d1721d3f4126616f70c3297693961e83eb81b9951a",
      "analysis.py": "2ba017a8a843ebaf6e1ab0513bcd899babbe53584b266747eb37cc91c7b5b67b",
      "executed/verify.py": "03ffa607a1e3095a9694c3bec5d9fc62f6efa4d85c8226a436310559d8304110",
      "executed/input_audit.json": "9a1755b0328fb75835fb1c26825da18c2198ef17b2fe9d33249be1093687a66c"
    }
  },
  "layout_interpretation": "basis值相等而保存内存顺序不同；这是einsum舍入路径候选，未做layout干预或重算，根因未确证。",
  "not_a_strict_error_certificate": true
}
