{
  "passed": true,
  "cells": [
    {
      "seed": 411,
      "independent_raw_second_moment_risk_maxabs": 5.476730180475897e-12,
      "independent_mean_head_maxabs": 6.813993813636898e-14,
      "span_reconstruction_maxabs": 8.187894806610529e-16,
      "independent_argmin_matches": true,
      "independent_argmin": 52,
      "finite": true,
      "passed": true
    },
    {
      "seed": 412,
      "independent_raw_second_moment_risk_maxabs": 2.0067281170099704e-12,
      "independent_mean_head_maxabs": 5.781486400735503e-14,
      "span_reconstruction_maxabs": 1.7763568394002505e-15,
      "independent_argmin_matches": true,
      "independent_argmin": 324,
      "finite": true,
      "passed": true
    }
  ],
  "pins": {
    "git_commit": "40d29b1f67a4868caabefd6ab6502f2f8ea96e32",
    "sha256": {
      "preregistration.json": "2c7084d9bc3b08dd7405cd20122540884c43456e97bade501c09113cf2d3adb7",
      "executed/run.py": "eb8c3c01b88c1d0a881907d1721d3f4126616f70c3297693961e83eb81b9951a",
      "analysis.py": "2ba017a8a843ebaf6e1ab0513bcd899babbe53584b266747eb37cc91c7b5b67b",
      "executed/verify.py": "03ffa607a1e3095a9694c3bec5d9fc62f6efa4d85c8226a436310559d8304110",
      "executed/input_audit.json": "9a1755b0328fb75835fb1c26825da18c2198ef17b2fe9d33249be1093687a66c"
    }
  },
  "old_files_unchanged": true,
  "independent_method": "独立64维样本坐标w=X^T alpha与raw二阶矩；单/双inclusion概率，不调用主矩递推或basis。",
  "full_and_fixture_note": "复用已保存B=n退化/旧枚举证据，不重算旧成功cell。实现差不作严格数值误差证书。"
}
