{
  "predictions": {
    "P1": {
      "status": "supported",
      "ratios_above_two": 12,
      "required": 12
    },
    "P2": {
      "status": "supported",
      "passes": 12,
      "required_total": 12,
      "each_depth_three_of_three": true
    }
  },
  "depths": [
    {
      "depth": 1,
      "actual_times": [
        3,
        4,
        5
      ],
      "slowest": {
        "passes": 0,
        "fails": 3,
        "unresolved": 0,
        "decision": "refuted",
        "ratios": [
          36.666666666666664,
          17.25,
          16.6
        ],
        "ratio_statistics": {
          "mean": 23.505555555555556,
          "t95_seed_interval": [
            -4.819797797730857,
            51.83090890884197
          ]
        }
      },
      "sum": {
        "passes": 3,
        "fails": 0,
        "unresolved": 0,
        "decision": "supported",
        "ratios": [
          1.0,
          1.0,
          1.0
        ],
        "ratio_statistics": {
          "mean": 1.0,
          "t95_seed_interval": [
            1.0,
            1.0
          ]
        }
      },
      "actual_statistics": {
        "mean": 4.0,
        "t95_seed_interval": [
          1.5158622882804544,
          6.484137711719546
        ]
      }
    },
    {
      "depth": 2,
      "actual_times": [
        4,
        3,
        5
      ],
      "slowest": {
        "passes": 0,
        "fails": 3,
        "unresolved": 0,
        "decision": "refuted",
        "ratios": [
          24.0,
          28.333333333333332,
          38.4
        ],
        "ratio_statistics": {
          "mean": 30.24444444444444,
          "t95_seed_interval": [
            11.892187268424557,
            48.59670162046432
          ]
        }
      },
      "sum": {
        "passes": 3,
        "fails": 0,
        "unresolved": 0,
        "decision": "supported",
        "ratios": [
          1.0,
          1.0,
          0.8
        ],
        "ratio_statistics": {
          "mean": 0.9333333333333332,
          "t95_seed_interval": [
            0.6464898180202572,
            1.2201768486464093
          ]
        }
      },
      "actual_statistics": {
        "mean": 4.0,
        "t95_seed_interval": [
          1.5158622882804544,
          6.484137711719546
        ]
      }
    },
    {
      "depth": 4,
      "actual_times": [
        7,
        15,
        6
      ],
      "slowest": {
        "passes": 0,
        "fails": 3,
        "unresolved": 0,
        "decision": "refuted",
        "ratios": [
          44.714285714285715,
          26.066666666666666,
          36.333333333333336
        ],
        "ratio_statistics": {
          "mean": 35.70476190476191,
          "t95_seed_interval": [
            12.503693570286618,
            58.905830239237204
          ]
        }
      },
      "sum": {
        "passes": 3,
        "fails": 0,
        "unresolved": 0,
        "decision": "supported",
        "ratios": [
          0.8571428571428571,
          0.9333333333333333,
          0.8333333333333334
        ],
        "ratio_statistics": {
          "mean": 0.8746031746031746,
          "t95_seed_interval": [
            0.7448406319615449,
            1.0043657172448044
          ]
        }
      },
      "actual_statistics": {
        "mean": 9.333333333333334,
        "t95_seed_interval": [
          -2.920627012441514,
          21.587293679108182
        ]
      }
    },
    {
      "depth": 6,
      "actual_times": [
        4,
        15,
        1
      ],
      "slowest": {
        "passes": 0,
        "fails": 3,
        "unresolved": 0,
        "decision": "refuted",
        "ratios": [
          60.5,
          40.733333333333334,
          73.0
        ],
        "ratio_statistics": {
          "mean": 58.07777777777778,
          "t95_seed_interval": [
            17.663001317451823,
            98.49255423810374
          ]
        }
      },
      "sum": {
        "passes": 3,
        "fails": 0,
        "unresolved": 0,
        "decision": "supported",
        "ratios": [
          0.75,
          1.0,
          1.0
        ],
        "ratio_statistics": {
          "mean": 0.9166666666666666,
          "t95_seed_interval": [
            0.5581122725253214,
            1.275221060808012
          ]
        }
      },
      "actual_statistics": {
        "mean": 6.666666666666667,
        "t95_seed_interval": [
          -11.644197575073509,
          24.977530908406845
        ]
      }
    }
  ]
}
